I/BufferQueue(  134): [FramebufferSurface](this:0x41428008,api:1) [release] fps:4.98, dur:1003.72, max:798.12, min:16.02
D/AudioFlinger(  138): track 4097 u=00001176, s=00001000 [NOT READY] on thread 0x41ef2308
D/AudioFlinger(  138): BUFFER TIMEOUT:   track->mUnderrunCount++;(1) 
D/AudioFlinger(  138): threadLoop_sleepTime sleep time 23000
I/BufferQueue(  134): [InputMethod](this:0x418b67d8,api:2) [release] fps:2.95, dur:1016.70, max:797.66, min:78.34
I/BufferQueue(  134): [FramebufferSurface](this:0x41428008,api:1) [queue] fps:5.00, dur:1000.84, max:797.56, min:15.66
I/SurfaceTextureClient( 2303): [STC::queueBuffer] (this:0x52ed2938) fps:0.27, dur:3767.24, max:3767.24, min:3767.24
I/BufferQueue(  134): [jackpal.androidterm/jackpal.androidterm.Term](this:0x418bbfd0,api:1) [queue] fps:0.27, dur:3767.26, max:3767.26, min:3767.26
D/AudioFlinger(  138): getNextBuffer() no more data for track 4097 on thread 0x41ef2308
D/AudioMTKStreamOut(  138): write(), buffer = 0x41ef25f8 bytes = 4096 mLatency = 92
D/AudioFlinger(  138): track 4097 u=00001176, s=00001176 [NOT READY] on thread 0x41ef2308
D/AudioFlinger(  138): BUFFER TIMEOUT:   track->mUnderrunCount++;(3) 
D/AudioFlinger(  138): threadLoop_sleepTime sleep time 11500
D/AudioFlinger(  138): stop(4097), calling pid 549
D/AudioFlinger(  138): not stopping/stopped => stopping/stopped (4097) on thread 0x41ef2308
D/AudioMTKPolicyManager(  138): stopOutput() output 2, stream 1, session 141
D/AudioMTKPolicyManager(  138): getNewDevice() selected device 0 output= 2
D/AudioMTKPolicyManager(  138): setOutputDevice() output 2 device 0000 delayMs 184
D/AudioMTKPolicyManager(  138): checkDeviceMuteStrategies outputDesc = 0x41edb838 prevDevice = 2 delayMs = 184
D/AudioMTKPolicyManager(  138): setOutputDevice() setting same device 0000 or null device for output 2
D/AudioTrack(  549): audiotrack 0x56caa4f8 stop done
I/BufferQueue(  134): [jackpal.androidterm/jackpal.androidterm.Term](this:0x418bbfd0,api:1) [release] fps:0.27, dur:3768.62, max:3768.62, min:3768.62
D/AudioFlinger(  138): track 4097 u=00001176, s=00001176 [NOT READY] on thread 0x41ef2308
D/AudioFlinger(  138): presentationComplete() reset: mPresentationCompleteFrames 480217 audioHalFrames 4057
D/AudioFlinger(  138): threadLoop_sleepTime write muted data to hw
D/AudioMTKStreamOut(  138): write(), buffer = 0x41ef25f8 bytes = 4096 mLatency = 92
I/BufferQueue(  134): [PopupWindow:41534508](this:0x42789e28,api:2) disconnect: api=2
I/SurfaceTexture(  134): [PopupWindow:41534508] [virtual android::status_t android::SurfaceTexture::forceAuxConversionLocked()] mCurrentTexture:0, mCurrentBuf:0x42793b70
I/BufferQueue(  134): [PopupWindow:41534508](this:0x42789e28,api:0) getReleasedBuffers: returning mask 0xffffffff
I/SurfaceTexture(  134): [PopupWindow:41534508](this:0x41e66570,api:0) destroying EGLImage dpy=0x1 img=0x1000000b
D/AudioFlinger(  138): track 4097 u=00001176, s=00001176 [NOT READY] on thread 0x41ef2308
I/BufferQueue(  134): [PopupWindow:41534508](this:0x42789e28,api:0) consumerDisconnect
I/BufferQueue(  134): [PopupWindow:41534508](this:0x42789e28,api:0) ~BufferQueue
D/KeyguardViewMediator(  549): setHidden false
D/KeyguardUpdateMonitor(  549): sendKeyguardVisibilityChanged(true)
D/IPCThreadState(  549): [DN #5] BR_CLEAR_DEATH_NOTIFICATION_DONE cookie 0x55d09228
D/KeyguardUpdateMonitor(  549): handleKeyguardVisibilityChanged(1)
D/KeyguardViewMediator(  549): handleMessage enter msg name=SET_HIDDEN
D/KeyguardViewMediator(  549): handleMessage exit msg name=SET_HIDDEN
D/AudioFlinger(  138): track 4097 u=00001176, s=00001176 [NOT READY] on thread 0x41ef2308
D/AudioFlinger(  138): threadLoop_sleepTime write muted data to hw
D/AudioMTKStreamOut(  138): write(), buffer = 0x41ef25f8 bytes = 4096 mLatency = 92
D/AudioFlinger(  138): track 4097 u=00001176, s=00001176 [NOT READY] on thread 0x41ef2308
D/AudioFlinger(  138): presentationComplete() session 141 complete: framesWritten 481280
D/AudioFlinger(  138): TrackBase::reset
D/AudioFlinger(  138): threadLoop_sleepTime write muted data to hw
D/AudioMTKStreamOut(  138): write(), buffer = 0x41ef25f8 bytes = 4096 mLatency = 92
D/InputReader(  549): AP_PROF:AppLaunch_dispatchPtr:Down:405247
I/AP_PROF (  549): unable to open /proc/mtprof/status entry
D/AudioTrack(  549): audiotrack 0x55d060d8 set Type 1, rate 44100, fmt 1, chn 3, fcnt 4096, flag 4
D/AudioTrack(  549): sched_setscheduler to rt, priority: 1
D/AudioFlinger(  138): createTrack() sessionId: 0
D/AudioFlinger(  138): createTrack() lSessionId: 142
D/AudioFlinger(  138): AUDIO_OUTPUT_FLAG_FAST denied: isTimed=0 sharedBuffer=0x0 frameCount=4096 mFrameCount=1024 format=1 isLinear=1 channelMask=0x3 sampleRate=44100 mSampleRate=44100 hasFastMixer=0 tid=2701 fastTrackAvailMask=0xfe
D/AudioFlinger(  138): Track constructor name 4099, calling pid 549
D/AudioFlinger(  138): acquiring 142 from 549
D/AudioFlinger(  138):  added new entry for 142
D/AudioTrack(  549): start 0x55d060d8
D/AudioFlinger(  138): start(4099), calling pid 549 session 142
D/AudioFlinger(  138): ? => ACTIVE (4099) on thread 0x41e30008
D/AudioMTKPolicyManager(  138): startOutput() output 2, stream 1, session 142
D/AudioMTKPolicyManager(  138): getNewDevice() selected device 2 output= 2
D/AudioMTKPolicyManager(  138): setOutputDevice() output 2 device 0002 delayMs 0
D/AudioMTKPolicyManager(  138): checkDeviceMuteStrategies outputDesc = 0x41edb838 prevDevice = 2 delayMs = 0
D/AudioMTKPolicyManager(  138): setOutputDevice() setting same device 0002 or null device for output 2
D/AudioMTKPolicyManager(  138):  checkAndSetVolume stream = 1 index = 2 output = 2 device = 0x2 delayMs = 0 force = 0
D/AudioMTKPolicyManager(  138): getNewDevice() selected device 2 output= 2
D/AudioMTKPolicyManager(  138): computeCustomVolume OutputDevice == AudioSystem::DEVICE_OUT_SPEAKER
D/AudioFlinger(  138): mWaitWorkCV.broadcast
D/AudioTrack(  549): ~audioTrack 0x56caa4f8
D/AudioFlinger(  138): releasing 141 from 549
D/AudioFlinger(  138):  decremented refcount to 0
D/AudioFlinger(  138): +purging stale effects
D/AudioFlinger(  138): track 4099 u=00000800, s=00000000 [NOT READY] on thread 0x41ef2308
D/AudioFlinger(  138): BUFFER TIMEOUT:   track->mUnderrunCount++;(1) 
D/AudioFlinger(  138): threadLoop_sleepTime sleep time 5750
D/AudioFlinger(  138): -purging stale effects
D/AudioFlinger(  138): ~TrackHandle trackName=4097
D/AudioMTKPolicyManager(  138): releaseOutput() 2
D/AudioFlinger(  138): remove track (4097) and delete from mixer
D/AudioFlinger(  138): PlaybackThread::Track destructor
D/AudioMTKStreamOut(  138): write(), buffer = 0x41ef25f8 bytes = 4096 mLatency = 92
D/AudioMTKStreamOut(  138): write(), buffer = 0x41ef25f8 bytes = 4096 mLatency = 92
I/BufferQueue(  134): [unnamed-134-115](this:0x42789e28,api:0) BufferQueue
I/BufferQueue(  134): [unnamed-134-115](this:0x42789e28,api:0) consumerConnect
I/BufferQueue(  134): [unnamed-134-115](this:0x42789e28,api:0) setConsumerName: unnamed-134-115
I/SurfaceTexture(  134): [unnamed-134-115](this:0x41e66570,api:0) SurfaceTexture
I/BufferQueue(  134): [unnamed-134-115](this:0x42789e28,api:0) setSynchronousMode: enabled=1
I/BufferQueue(  134): [unnamed-134-115](this:0x42789e28,api:0) setDefaultBufferSize: w=1, h=1
I/BufferQueue(  134): [PopupWindow:41534508](this:0x42789e28,api:0) setConsumerName: PopupWindow:41534508
D/KeyguardViewMediator(  549): setHidden false
D/KeyguardUpdateMonitor(  549): sendKeyguardVisibilityChanged(true)
D/KeyguardUpdateMonitor(  549): handleKeyguardVisibilityChanged(1)
D/KeyguardViewMediator(  549): handleMessage enter msg name=SET_HIDDEN
D/KeyguardViewMediator(  549): handleMessage exit msg name=SET_HIDDEN
I/BufferQueue(  134): [PopupWindow:41534508](this:0x42789e28,api:0) setDefaultBufferSize: w=125, h=120
D/AudioMTKStreamOut(  138): write(), buffer = 0x41ef25f8 bytes = 4096 mLatency = 92
D/AudioMTKStreamOut(  138): write(), buffer = 0x41ef25f8 bytes = 4096 mLatency = 92
I/BufferQueue(  134): [PopupWindow:41534508](this:0x42789e28,api:0) connect: api=2
I/BufferQueue(  134): [PopupWindow:41534508](this:0x42789e28,api:2) setSynchronousMode: enabled=1
I/BufferQueue(  134): [PopupWindow:41534508](this:0x42789e28,api:2) new GraphicBuffer needed
D/BufferQueue(  134):     [OLD] gb:NULL
I/GraphicBuffer(  134): allocate buffer (w:128 h:120 f:1) err(0)
I/BufferQueue(  134):     [NEW] gb=0x418bd698, handle=0x41e67310, w=125, h=120, s=128, fmt=1
V/WindowManager(  549): IWindow finishDrawing called for android.view.IWindow$Stub$Proxy@41bfdea8
D/KeyguardViewMediator(  549): setHidden false
D/KeyguardUpdateMonitor(  549): sendKeyguardVisibilityChanged(true)
D/KeyguardUpdateMonitor(  549): handleKeyguardVisibilityChanged(1)
D/KeyguardViewMediator(  549): handleMessage enter msg name=SET_HIDDEN
D/KeyguardViewMediator(  549): handleMessage exit msg name=SET_HIDDEN
I/SurfaceTexture(  134): [PopupWindow:41534508](this:0x41e66570,api:2) [void* android::SurfaceTexture::createImage(EGLDisplay, const android::sp<android::GraphicBuffer>&)]
D/SurfaceTexture(  134):     GraphicBuffer: gb=0x418bd698 handle=0x41e67310
D/SurfaceTexture(  134):     EGLImage: dpy=0x1, img=0x1000000b
D/InputReader(  549): AP_PROF:AppLaunch_dispatchPtr:Up:405324
I/SurfaceTextureClient(  732): [STC::queueBuffer] (this:0x519361c8) fps:3.73, dur:1072.16, max:803.71, min:80.85
I/BufferQueue(  134): [InputMethod](this:0x418b67d8,api:2) [queue] fps:3.73, dur:1072.40, max:803.77, min:80.93
D/AudioFlinger(  138): track 4099 u=00001176, s=00001000 [NOT READY] on thread 0x41ef2308
D/AudioFlinger(  138): BUFFER TIMEOUT:   track->mUnderrunCount++;(3) 
D/AudioFlinger(  138): threadLoop_sleepTime sleep time 23000
D/AudioFlinger(  138): getNextBuffer() no more data for track 4099 on thread 0x41ef2308
D/AudioMTKStreamOut(  138): write(), buffer = 0x41ef25f8 bytes = 4096 mLatency = 92
D/AudioFlinger(  138): track 4099 u=00001176, s=00001176 [NOT READY] on thread 0x41ef2308
D/AudioFlinger(  138): BUFFER TIMEOUT:   track->mUnderrunCount++;(5) 
D/AudioFlinger(  138): threadLoop_sleepTime sleep time 11500
D/AudioFlinger(  138): stop(4099), calling pid 549
D/AudioFlinger(  138): not stopping/stopped => stopping/stopped (4099) on thread 0x41ef2308
D/AudioMTKPolicyManager(  138): stopOutput() output 2, stream 1, session 142
D/AudioMTKPolicyManager(  138): getNewDevice() selected device 0 output= 2
D/AudioMTKPolicyManager(  138): setOutputDevice() output 2 device 0000 delayMs 184
D/AudioMTKPolicyManager(  138): checkDeviceMuteStrategies outputDesc = 0x41edb838 prevDevice = 2 delayMs = 184
D/AudioMTKPolicyManager(  138): setOutputDevice() setting same device 0000 or null device for output 2
D/AudioTrack(  549): audiotrack 0x55d060d8 stop done
D/AudioFlinger(  138): track 4099 u=00001176, s=00001176 [NOT READY] on thread 0x41ef2308
D/AudioFlinger(  138): presentationComplete() reset: mPresentationCompleteFrames 491481 audioHalFrames 4057
D/AudioFlinger(  138): threadLoop_sleepTime write muted data to hw
D/AudioMTKStreamOut(  138): write(), buffer = 0x41ef25f8 bytes = 4096 mLatency = 92
D/AudioFlinger(  138): track 4099 u=00001176, s=00001176 [NOT READY] on thread 0x41ef2308
I/BufferQueue(  134): [PopupWindow:41534508](this:0x42789e28,api:2) disconnect: api=2
I/SurfaceTexture(  134): [PopupWindow:41534508] [virtual android::status_t android::SurfaceTexture::forceAuxConversionLocked()] mCurrentTexture:0, mCurrentBuf:0x418bd698
I/BufferQueue(  134): [PopupWindow:41534508](this:0x42789e28,api:0) getReleasedBuffers: returning mask 0xffffffff
I/SurfaceTexture(  134): [PopupWindow:41534508](this:0x41e66570,api:0) destroying EGLImage dpy=0x1 img=0x1000000b
D/KeyguardViewMediator(  549): setHidden false
D/KeyguardUpdateMonitor(  549): sendKeyguardVisibilityChanged(true)
D/KeyguardUpdateMonitor(  549): handleKeyguardVisibilityChanged(1)
D/KeyguardViewMediator(  549): handleMessage enter msg name=SET_HIDDEN
D/KeyguardViewMediator(  549): handleMessage exit msg name=SET_HIDDEN
D/IPCThreadState(  549): [DN #5] BR_CLEAR_DEATH_NOTIFICATION_DONE cookie 0x56cc3a08
D/AudioFlinger(  138): track 4099 u=00001176, s=00001176 [NOT READY] on thread 0x41ef2308
D/AudioFlinger(  138): threadLoop_sleepTime write muted data to hw
D/AudioMTKStreamOut(  138): write(), buffer = 0x41ef25f8 bytes = 4096 mLatency = 92
D/AudioFlinger(  138): track 4099 u=00001176, s=00001176 [NOT READY] on thread 0x41ef2308
D/AudioFlinger(  138): presentationComplete() session 142 complete: framesWritten 492544
D/AudioFlinger(  138): TrackBase::reset
I/BufferQueue(  134): [PopupWindow:41534508](this:0x42789e28,api:0) consumerDisconnect
I/BufferQueue(  134): [PopupWindow:41534508](this:0x42789e28,api:0) ~BufferQueue
D/AudioFlinger(  138): threadLoop_sleepTime write muted data to hw
D/AudioMTKStreamOut(  138): write(), buffer = 0x41ef25f8 bytes = 4096 mLatency = 92
D/AudioFlinger(  138): threadLoop_sleepTime write muted data to hw
D/AudioMTKStreamOut(  138): write(), buffer = 0x41ef25f8 bytes = 4096 mLatency = 92
D/AudioFlinger(  138): threadLoop_sleepTime write muted data to hw
D/AudioMTKStreamOut(  138): write(), buffer = 0x41ef25f8 bytes = 4096 mLatency = 92
D/AudioFlinger(  138): threadLoop_sleepTime write muted data to hw
D/AudioMTKStreamOut(  138): write(), buffer = 0x41ef25f8 bytes = 4096 mLatency = 92
D/AudioFlinger(  138): threadLoop_sleepTime write muted data to hw
D/AudioMTKStreamOut(  138): write(), buffer = 0x41ef25f8 bytes = 4096 mLatency = 92
D/AudioFlinger(  138): threadLoop_sleepTime write muted data to hw
D/AudioMTKStreamOut(  138): write(), buffer = 0x41ef25f8 bytes = 4096 mLatency = 92
D/AudioFlinger(  138): threadLoop_sleepTime write muted data to hw
D/AudioMTKStreamOut(  138): write(), buffer = 0x41ef25f8 bytes = 4096 mLatency = 92
D/AudioFlinger(  138): threadLoop_sleepTime write muted data to hw
D/AudioMTKStreamOut(  138): write(), buffer = 0x41ef25f8 bytes = 4096 mLatency = 92
D/AudioFlinger(  138): threadLoop_sleepTime write muted data to hw
D/AudioMTKStreamOut(  138): write(), buffer = 0x41ef25f8 bytes = 4096 mLatency = 92
D/AudioFlinger(  138): threadLoop_sleepTime write muted data to hw
D/AudioMTKStreamOut(  138): write(), buffer = 0x41ef25f8 bytes = 4096 mLatency = 92
D/AudioFlinger(  138): threadLoop_sleepTime write muted data to hw
D/AudioMTKStreamOut(  138): write(), buffer = 0x41ef25f8 bytes = 4096 mLatency = 92
D/AudioFlinger(  138): threadLoop_sleepTime write muted data to hw
D/AudioMTKStreamOut(  138): write(), buffer = 0x41ef25f8 bytes = 4096 mLatency = 92
D/AudioFlinger(  138): threadLoop_sleepTime write muted data to hw
D/AudioMTKStreamOut(  138): write(), buffer = 0x41ef25f8 bytes = 4096 mLatency = 92
D/AudioFlinger(  138): threadLoop_sleepTime write muted data to hw
D/AudioMTKStreamOut(  138): write(), buffer = 0x41ef25f8 bytes = 4096 mLatency = 92
D/AudioFlinger(  138): threadLoop_sleepTime write muted data to hw
D/AudioMTKStreamOut(  138): write(), buffer = 0x41ef25f8 bytes = 4096 mLatency = 92
D/AudioFlinger(  138): threadLoop_sleepTime write muted data to hw
D/AudioMTKStreamOut(  138): write(), buffer = 0x41ef25f8 bytes = 4096 mLatency = 92
D/AudioFlinger(  138): threadLoop_sleepTime write muted data to hw
D/AudioMTKStreamOut(  138): write(), buffer = 0x41ef25f8 bytes = 4096 mLatency = 92
V/Provider/Settings(  714):  from settings cache , name = pdp_watchdog_poll_interval_ms , value = null
D/AudioFlinger(  138): threadLoop_sleepTime write muted data to hw
D/AudioMTKStreamOut(  138): write(), buffer = 0x41ef25f8 bytes = 4096 mLatency = 92
D/AudioFlinger(  138): threadLoop_sleepTime write muted data to hw
D/AudioMTKStreamOut(  138): write(), buffer = 0x41ef25f8 bytes = 4096 mLatency = 92
D/AudioFlinger(  138): threadLoop_sleepTime write muted data to hw
D/AudioMTKStreamOut(  138): write(), buffer = 0x41ef25f8 bytes = 4096 mLatency = 92
D/AudioFlinger(  138): threadLoop_sleepTime write muted data to hw
D/AudioMTKStreamOut(  138): write(), buffer = 0x41ef25f8 bytes = 4096 mLatency = 92
D/AudioFlinger(  138): threadLoop_sleepTime write muted data to hw
D/AudioMTKStreamOut(  138): write(), buffer = 0x41ef25f8 bytes = 4096 mLatency = 92
D/AudioFlinger(  138): threadLoop_sleepTime write muted data to hw
D/AudioMTKStreamOut(  138): write(), buffer = 0x41ef25f8 bytes = 4096 mLatency = 92
D/AudioFlinger(  138): threadLoop_sleepTime write muted data to hw
D/AudioMTKStreamOut(  138): write(), buffer = 0x41ef25f8 bytes = 4096 mLatency = 92
D/AudioFlinger(  138): threadLoop_sleepTime write muted data to hw
D/AudioMTKStreamOut(  138): write(), buffer = 0x41ef25f8 bytes = 4096 mLatency = 92
D/AudioFlinger(  138): threadLoop_sleepTime write muted data to hw
D/AudioMTKStreamOut(  138): write(), buffer = 0x41ef25f8 bytes = 4096 mLatency = 92
D/AudioFlinger(  138): threadLoop_sleepTime write muted data to hw
D/AudioMTKStreamOut(  138): write(), buffer = 0x41ef25f8 bytes = 4096 mLatency = 92
D/AudioFlinger(  138): threadLoop_sleepTime write muted data to hw
D/AudioMTKStreamOut(  138): write(), buffer = 0x41ef25f8 bytes = 4096 mLatency = 92
D/AudioFlinger(  138): threadLoop_sleepTime write muted data to hw
D/AudioMTKStreamOut(  138): write(), buffer = 0x41ef25f8 bytes = 4096 mLatency = 92
D/AudioFlinger(  138): threadLoop_sleepTime write muted data to hw
D/AudioMTKStreamOut(  138): write(), buffer = 0x41ef25f8 bytes = 4096 mLatency = 92
D/AudioFlinger(  138): threadLoop_sleepTime write muted data to hw
D/AudioMTKStreamOut(  138): write(), buffer = 0x41ef25f8 bytes = 4096 mLatency = 92
D/AudioFlinger(  138): threadLoop_sleepTime write muted data to hw
D/AudioMTKStreamOut(  138): write(), buffer = 0x41ef25f8 bytes = 4096 mLatency = 92
D/AudioFlinger(  138): threadLoop_sleepTime write muted data to hw
D/AudioMTKStreamOut(  138): write(), buffer = 0x41ef25f8 bytes = 4096 mLatency = 92
D/AudioFlinger(  138): threadLoop_sleepTime write muted data to hw
D/AudioMTKStreamOut(  138): write(), buffer = 0x41ef25f8 bytes = 4096 mLatency = 92
D/AudioFlinger(  138): threadLoop_sleepTime write muted data to hw
D/AudioMTKStreamOut(  138): write(), buffer = 0x41ef25f8 bytes = 4096 mLatency = 92
D/AudioFlinger(  138): threadLoop_sleepTime write muted data to hw
D/AudioMTKStreamOut(  138): write(), buffer = 0x41ef25f8 bytes = 4096 mLatency = 92
D/AudioFlinger(  138): threadLoop_sleepTime write muted data to hw
D/AudioMTKStreamOut(  138): write(), buffer = 0x41ef25f8 bytes = 4096 mLatency = 92
D/AudioFlinger(  138): threadLoop_sleepTime write muted data to hw
D/AudioMTKStreamOut(  138): write(), buffer = 0x41ef25f8 bytes = 4096 mLatency = 92
D/AudioFlinger(  138): threadLoop_sleepTime write muted data to hw
D/AudioMTKStreamOut(  138): write(), buffer = 0x41ef25f8 bytes = 4096 mLatency = 92
D/AudioFlinger(  138): threadLoop_sleepTime write muted data to hw
D/AudioMTKStreamOut(  138): write(), buffer = 0x41ef25f8 bytes = 4096 mLatency = 92
D/AudioFlinger(  138): threadLoop_sleepTime write muted data to hw
D/AudioMTKStreamOut(  138): write(), buffer = 0x41ef25f8 bytes = 4096 mLatency = 92
D/AudioFlinger(  138): threadLoop_sleepTime write muted data to hw
D/AudioMTKStreamOut(  138): write(), buffer = 0x41ef25f8 bytes = 4096 mLatency = 92
D/AudioFlinger(  138): threadLoop_sleepTime write muted data to hw
D/AudioMTKStreamOut(  138): write(), buffer = 0x41ef25f8 bytes = 4096 mLatency = 92
D/AudioFlinger(  138): threadLoop_sleepTime write muted data to hw
D/AudioMTKStreamOut(  138): write(), buffer = 0x41ef25f8 bytes = 4096 mLatency = 92
D/AudioFlinger(  138): threadLoop_sleepTime write muted data to hw
D/AudioMTKStreamOut(  138): write(), buffer = 0x41ef25f8 bytes = 4096 mLatency = 92
D/AudioFlinger(  138): threadLoop_sleepTime write muted data to hw
D/AudioMTKStreamOut(  138): write(), buffer = 0x41ef25f8 bytes = 4096 mLatency = 92
D/AudioFlinger(  138): threadLoop_sleepTime write muted data to hw
D/AudioMTKStreamOut(  138): write(), buffer = 0x41ef25f8 bytes = 4096 mLatency = 92
D/AudioFlinger(  138): threadLoop_sleepTime write muted data to hw
D/AudioMTKStreamOut(  138): write(), buffer = 0x41ef25f8 bytes = 4096 mLatency = 92
D/AudioFlinger(  138): threadLoop_sleepTime write muted data to hw
D/AudioMTKStreamOut(  138): write(), buffer = 0x41ef25f8 bytes = 4096 mLatency = 92
D/AudioFlinger(  138): threadLoop_sleepTime write muted data to hw
D/AudioMTKStreamOut(  138): write(), buffer = 0x41ef25f8 bytes = 4096 mLatency = 92
D/AudioFlinger(  138): threadLoop_sleepTime write muted data to hw
D/AudioMTKStreamOut(  138): write(), buffer = 0x41ef25f8 bytes = 4096 mLatency = 92
D/AudioFlinger(  138): threadLoop_sleepTime write muted data to hw
D/AudioMTKStreamOut(  138): write(), buffer = 0x41ef25f8 bytes = 4096 mLatency = 92
D/AudioFlinger(  138): threadLoop_sleepTime write muted data to hw
D/AudioMTKStreamOut(  138): write(), buffer = 0x41ef25f8 bytes = 4096 mLatency = 92
D/AudioFlinger(  138): threadLoop_sleepTime write muted data to hw
D/AudioMTKStreamOut(  138): write(), buffer = 0x41ef25f8 bytes = 4096 mLatency = 92
D/AudioFlinger(  138): threadLoop_sleepTime write muted data to hw
D/AudioMTKStreamOut(  138): write(), buffer = 0x41ef25f8 bytes = 4096 mLatency = 92
D/AudioFlinger(  138): threadLoop_sleepTime write muted data to hw
D/AudioMTKStreamOut(  138): write(), buffer = 0x41ef25f8 bytes = 4096 mLatency = 92
D/AudioFlinger(  138): threadLoop_sleepTime write muted data to hw
D/AudioMTKStreamOut(  138): write(), buffer = 0x41ef25f8 bytes = 4096 mLatency = 92
D/AudioFlinger(  138): threadLoop_sleepTime write muted data to hw
D/AudioMTKStreamOut(  138): write(), buffer = 0x41ef25f8 bytes = 4096 mLatency = 92
D/AudioFlinger(  138): threadLoop_sleepTime write muted data to hw
D/AudioMTKStreamOut(  138): write(), buffer = 0x41ef25f8 bytes = 4096 mLatency = 92
D/InputReader(  549): AP_PROF:AppLaunch_dispatchPtr:Down:406779
I/AP_PROF (  549): unable to open /proc/mtprof/status entry
D/PowerManagerService(  549): userActivityFromNative
D/PowerManagerService(  549): userActivityNoUpdateLocked: eventTime=406779, event=2, flags=0x0, uid=1000
D/PowerManagerNotifier(  549): onUserActivity: event=2, uid=1000
D/PowerManagerService(  549): updateUserActivitySummaryLocked: mWakefulness=Awake, mUserActivitySummary=0x1, nextTimeout=459779 (in 52998 ms)
D/PowerManagerService(  549): newScreenState = 2
D/PowerManagerDisplayController(  549): requestPowerState: screenState=2, useProximitySensor=false, screenBrightness=102, screenAutoBrightnessAdjustment=0.0, useAutoBrightness=true, useEcoBrightness=false, blockScreenOn=false, waitForNegativeProximity=false
I/PowerManagerService(  549): setBrightness mButtonLight 0.
D/PowerManagerService(  549): updateScreenStateLocked: mDisplayReady=true, newScreenState=2, mWakefulness=1, mWakeLockSummary=0x1, mUserActivitySummary=0x1, mBootCompleted=true
D/PowerManagerService(  549): handleSandman: canDream=false, mWakefulness=Awake
D/AudioTrack(  549): audiotrack 0x56821ae0 set Type 1, rate 44100, fmt 1, chn 3, fcnt 4096, flag 4
D/AudioTrack(  549): sched_setscheduler to rt, priority: 1
D/AudioFlinger(  138): createTrack() sessionId: 0
D/AudioFlinger(  138): createTrack() lSessionId: 143
D/AudioFlinger(  138): AUDIO_OUTPUT_FLAG_FAST denied: isTimed=0 sharedBuffer=0x0 frameCount=4096 mFrameCount=1024 format=1 isLinear=1 channelMask=0x3 sampleRate=44100 mSampleRate=44100 hasFastMixer=0 tid=2702 fastTrackAvailMask=0xfe
D/AudioFlinger(  138): Track constructor name 4097, calling pid 549
D/AudioFlinger(  138): acquiring 143 from 549
D/AudioFlinger(  138):  added new entry for 143
D/AudioTrack(  549): start 0x56821ae0
D/AudioFlinger(  138): start(4097), calling pid 549 session 143
D/AudioFlinger(  138): ? => ACTIVE (4097) on thread 0x41e42910
D/AudioMTKPolicyManager(  138): startOutput() output 2, stream 1, session 143
D/AudioMTKPolicyManager(  138): getNewDevice() selected device 2 output= 2
D/AudioMTKPolicyManager(  138): setOutputDevice() output 2 device 0002 delayMs 0
D/AudioMTKPolicyManager(  138): checkDeviceMuteStrategies outputDesc = 0x41edb838 prevDevice = 2 delayMs = 0
D/AudioMTKPolicyManager(  138): setOutputDevice() setting same device 0002 or null device for output 2
D/AudioMTKPolicyManager(  138):  checkAndSetVolume stream = 1 index = 2 output = 2 device = 0x2 delayMs = 0 force = 0
D/AudioMTKPolicyManager(  138): getNewDevice() selected device 2 output= 2
D/AudioMTKPolicyManager(  138): computeCustomVolume OutputDevice == AudioSystem::DEVICE_OUT_SPEAKER
D/AudioFlinger(  138): mWaitWorkCV.broadcast
D/AudioTrack(  549): ~audioTrack 0x55d060d8
D/AudioFlinger(  138): releasing 142 from 549
D/AudioFlinger(  138):  decremented refcount to 0
D/AudioFlinger(  138): +purging stale effects
D/AudioFlinger(  138): -purging stale effects
D/AudioFlinger(  138): ~TrackHandle trackName=4099
D/AudioMTKPolicyManager(  138): releaseOutput() 2
D/AudioFlinger(  138): remove track (4099) and delete from mixer
D/AudioFlinger(  138): PlaybackThread::Track destructor
D/AudioFlinger(  138): track 4097 u=00000800, s=00000000 [NOT READY] on thread 0x41ef2308
D/AudioFlinger(  138): BUFFER TIMEOUT:   track->mUnderrunCount++;(1) 
D/AudioFlinger(  138): threadLoop_sleepTime sleep time 5750
D/AudioMTKStreamOut(  138): write(), buffer = 0x41ef25f8 bytes = 4096 mLatency = 92
D/AudioMTKStreamOut(  138): write(), buffer = 0x41ef25f8 bytes = 4096 mLatency = 92
I/SurfaceTextureClient(  732): [STC::queueBuffer] (this:0x519361c8) fps:0.69, dur:1450.88, max:1450.88, min:1450.88
I/BufferQueue(  134): [InputMethod](this:0x418b67d8,api:2) [queue] fps:0.69, dur:1450.77, max:1450.77, min:1450.77
V/Provider/Settings(  714):  from settings cache , name = pdp_watchdog_poll_interval_ms , value = null
I/BufferQueue(  134): [InputMethod](this:0x418b67d8,api:2) [release] fps:1.83, dur:1641.71, max:1454.06, min:78.31
I/SurfaceFlinger(  134): [SurfaceFlinger] fps:6.639894,dur:1656.65,max:1391.40,min:15.06
I/SurfaceTextureClient(  134): [STC::queueBuffer] (this:0x413e76f0) fps:6.65, dur:1655.18, max:1391.17, min:14.43
I/BufferQueue(  134): [FramebufferSurface](this:0x41428008,api:1) [release] fps:6.65, dur:1655.20, max:1391.27, min:14.43
I/BufferQueue(  134): [FramebufferSurface](this:0x41428008,api:1) [queue] fps:6.64, dur:1657.50, max:1391.71, min:15.56
D/AudioMTKStreamOut(  138): write(), buffer = 0x41ef25f8 bytes = 4096 mLatency = 92
D/AudioMTKStreamOut(  138): write(), buffer = 0x41ef25f8 bytes = 4096 mLatency = 92
D/InputReader(  549): AP_PROF:AppLaunch_dispatchPtr:Up:406841
D/AudioFlinger(  138): track 4097 u=00001176, s=00001000 [NOT READY] on thread 0x41ef2308
D/AudioFlinger(  138): BUFFER TIMEOUT:   track->mUnderrunCount++;(3) 
D/AudioFlinger(  138): threadLoop_sleepTime sleep time 23000
D/AudioFlinger(  138): getNextBuffer() no more data for track 4097 on thread 0x41ef2308
D/AudioMTKStreamOut(  138): write(), buffer = 0x41ef25f8 bytes = 4096 mLatency = 92
D/AudioFlinger(  138): track 4097 u=00001176, s=00001176 [NOT READY] on thread 0x41ef2308
D/AudioFlinger(  138): BUFFER TIMEOUT:   track->mUnderrunCount++;(5) 
D/AudioFlinger(  138): threadLoop_sleepTime sleep time 11500
D/AudioFlinger(  138): stop(4097), calling pid 549
D/AudioFlinger(  138): not stopping/stopped => stopping/stopped (4097) on thread 0x41ef2308
D/AudioMTKPolicyManager(  138): stopOutput() output 2, stream 1, session 143
D/AudioMTKPolicyManager(  138): getNewDevice() selected device 0 output= 2
D/AudioMTKPolicyManager(  138): setOutputDevice() output 2 device 0000 delayMs 184
D/AudioMTKPolicyManager(  138): checkDeviceMuteStrategies outputDesc = 0x41edb838 prevDevice = 2 delayMs = 184
D/AudioMTKPolicyManager(  138): setOutputDevice() setting same device 0000 or null device for output 2
D/AudioTrack(  549): audiotrack 0x56821ae0 stop done
D/AudioFlinger(  138): track 4097 u=00001176, s=00001176 [NOT READY] on thread 0x41ef2308
D/AudioFlinger(  138): presentationComplete() reset: mPresentationCompleteFrames 562137 audioHalFrames 4057
D/AudioFlinger(  138): threadLoop_sleepTime write muted data to hw
D/AudioMTKStreamOut(  138): write(), buffer = 0x41ef25f8 bytes = 4096 mLatency = 92
D/AudioFlinger(  138): track 4097 u=00001176, s=00001176 [NOT READY] on thread 0x41ef2308
D/AudioFlinger(  138): track 4097 u=00001176, s=00001176 [NOT READY] on thread 0x41ef2308
D/AudioFlinger(  138): threadLoop_sleepTime write muted data to hw
D/AudioMTKStreamOut(  138): write(), buffer = 0x41ef25f8 bytes = 4096 mLatency = 92
D/AudioFlinger(  138): track 4097 u=00001176, s=00001176 [NOT READY] on thread 0x41ef2308
D/AudioFlinger(  138): presentationComplete() session 143 complete: framesWritten 563200
D/AudioFlinger(  138): TrackBase::reset
D/AudioFlinger(  138): threadLoop_sleepTime write muted data to hw
D/AudioMTKStreamOut(  138): write(), buffer = 0x41ef25f8 bytes = 4096 mLatency = 92
D/AudioFlinger(  138): threadLoop_sleepTime write muted data to hw
D/AudioMTKStreamOut(  138): write(), buffer = 0x41ef25f8 bytes = 4096 mLatency = 92
D/AudioFlinger(  138): threadLoop_sleepTime write muted data to hw
D/AudioMTKStreamOut(  138): write(), buffer = 0x41ef25f8 bytes = 4096 mLatency = 92
D/AudioFlinger(  138): threadLoop_sleepTime write muted data to hw
D/AudioMTKStreamOut(  138): write(), buffer = 0x41ef25f8 bytes = 4096 mLatency = 92
D/AudioFlinger(  138): threadLoop_sleepTime write muted data to hw
D/AudioMTKStreamOut(  138): write(), buffer = 0x41ef25f8 bytes = 4096 mLatency = 92
D/AudioFlinger(  138): threadLoop_sleepTime write muted data to hw
D/AudioMTKStreamOut(  138): write(), buffer = 0x41ef25f8 bytes = 4096 mLatency = 92
D/AudioFlinger(  138): threadLoop_sleepTime write muted data to hw
D/AudioMTKStreamOut(  138): write(), buffer = 0x41ef25f8 bytes = 4096 mLatency = 92
D/AudioFlinger(  138): threadLoop_sleepTime write muted data to hw
D/AudioMTKStreamOut(  138): write(), buffer = 0x41ef25f8 bytes = 4096 mLatency = 92
D/AudioFlinger(  138): threadLoop_sleepTime write muted data to hw
D/AudioMTKStreamOut(  138): write(), buffer = 0x41ef25f8 bytes = 4096 mLatency = 92
D/AudioFlinger(  138): threadLoop_sleepTime write muted data to hw
D/AudioMTKStreamOut(  138): write(), buffer = 0x41ef25f8 bytes = 4096 mLatency = 92
D/AudioFlinger(  138): threadLoop_sleepTime write muted data to hw
D/AudioMTKStreamOut(  138): write(), buffer = 0x41ef25f8 bytes = 4096 mLatency = 92
D/AudioFlinger(  138): threadLoop_sleepTime write muted data to hw
D/AudioMTKStreamOut(  138): write(), buffer = 0x41ef25f8 bytes = 4096 mLatency = 92
D/AudioFlinger(  138): threadLoop_sleepTime write muted data to hw
D/AudioMTKStreamOut(  138): write(), buffer = 0x41ef25f8 bytes = 4096 mLatency = 92
D/AudioFlinger(  138): threadLoop_sleepTime write muted data to hw
D/AudioMTKStreamOut(  138): write(), buffer = 0x41ef25f8 bytes = 4096 mLatency = 92
D/AudioFlinger(  138): threadLoop_sleepTime write muted data to hw
D/AudioMTKStreamOut(  138): write(), buffer = 0x41ef25f8 bytes = 4096 mLatency = 92
D/AudioFlinger(  138): threadLoop_sleepTime write muted data to hw
D/AudioMTKStreamOut(  138): write(), buffer = 0x41ef25f8 bytes = 4096 mLatency = 92
D/AudioFlinger(  138): threadLoop_sleepTime write muted data to hw
D/AudioMTKStreamOut(  138): write(), buffer = 0x41ef25f8 bytes = 4096 mLatency = 92
D/AudioFlinger(  138): threadLoop_sleepTime write muted data to hw
D/AudioMTKStreamOut(  138): write(), buffer = 0x41ef25f8 bytes = 4096 mLatency = 92
D/AudioFlinger(  138): threadLoop_sleepTime write muted data to hw
D/AudioMTKStreamOut(  138): write(), buffer = 0x41ef25f8 bytes = 4096 mLatency = 92
D/AudioFlinger(  138): threadLoop_sleepTime write muted data to hw
D/AudioMTKStreamOut(  138): write(), buffer = 0x41ef25f8 bytes = 4096 mLatency = 92
D/AudioFlinger(  138): threadLoop_sleepTime write muted data to hw
D/AudioMTKStreamOut(  138): write(), buffer = 0x41ef25f8 bytes = 4096 mLatency = 92
D/AudioFlinger(  138): threadLoop_sleepTime write muted data to hw
D/AudioMTKStreamOut(  138): write(), buffer = 0x41ef25f8 bytes = 4096 mLatency = 92
D/AudioFlinger(  138): threadLoop_sleepTime write muted data to hw
D/AudioMTKStreamOut(  138): write(), buffer = 0x41ef25f8 bytes = 4096 mLatency = 92
D/AudioFlinger(  138): threadLoop_sleepTime write muted data to hw
D/AudioMTKStreamOut(  138): write(), buffer = 0x41ef25f8 bytes = 4096 mLatency = 92
D/AudioFlinger(  138): threadLoop_sleepTime write muted data to hw
D/AudioMTKStreamOut(  138): write(), buffer = 0x41ef25f8 bytes = 4096 mLatency = 92
D/AudioFlinger(  138): threadLoop_sleepTime write muted data to hw
D/AudioMTKStreamOut(  138): write(), buffer = 0x41ef25f8 bytes = 4096 mLatency = 92
D/AudioFlinger(  138): threadLoop_sleepTime write muted data to hw
D/AudioMTKStreamOut(  138): write(), buffer = 0x41ef25f8 bytes = 4096 mLatency = 92
D/AudioFlinger(  138): threadLoop_sleepTime write muted data to hw
D/AudioMTKStreamOut(  138): write(), buffer = 0x41ef25f8 bytes = 4096 mLatency = 92
D/AudioFlinger(  138): threadLoop_sleepTime write muted data to hw
D/AudioMTKStreamOut(  138): write(), buffer = 0x41ef25f8 bytes = 4096 mLatency = 92
D/AudioFlinger(  138): threadLoop_sleepTime write muted data to hw
D/AudioMTKStreamOut(  138): write(), buffer = 0x41ef25f8 bytes = 4096 mLatency = 92
D/AudioFlinger(  138): threadLoop_sleepTime write muted data to hw
D/AudioMTKStreamOut(  138): write(), buffer = 0x41ef25f8 bytes = 4096 mLatency = 92
D/AudioFlinger(  138): threadLoop_sleepTime write muted data to hw
D/AudioMTKStreamOut(  138): write(), buffer = 0x41ef25f8 bytes = 4096 mLatency = 92
D/AudioFlinger(  138): threadLoop_sleepTime write muted data to hw
D/AudioMTKStreamOut(  138): write(), buffer = 0x41ef25f8 bytes = 4096 mLatency = 92
D/AudioFlinger(  138): threadLoop_sleepTime write muted data to hw
D/AudioMTKStreamOut(  138): write(), buffer = 0x41ef25f8 bytes = 4096 mLatency = 92
D/AudioFlinger(  138): threadLoop_sleepTime write muted data to hw
D/AudioMTKStreamOut(  138): write(), buffer = 0x41ef25f8 bytes = 4096 mLatency = 92
D/AudioFlinger(  138): threadLoop_sleepTime write muted data to hw
D/AudioMTKStreamOut(  138): write(), buffer = 0x41ef25f8 bytes = 4096 mLatency = 92
D/AudioFlinger(  138): threadLoop_sleepTime write muted data to hw
D/AudioMTKStreamOut(  138): write(), buffer = 0x41ef25f8 bytes = 4096 mLatency = 92
V/Provider/Settings(  714):  from settings cache , name = pdp_watchdog_poll_interval_ms , value = null
D/AudioFlinger(  138): threadLoop_sleepTime write muted data to hw
D/AudioMTKStreamOut(  138): write(), buffer = 0x41ef25f8 bytes = 4096 mLatency = 92
D/AudioFlinger(  138): threadLoop_sleepTime write muted data to hw
D/AudioMTKStreamOut(  138): write(), buffer = 0x41ef25f8 bytes = 4096 mLatency = 92
D/AudioFlinger(  138): threadLoop_sleepTime write muted data to hw
D/AudioMTKStreamOut(  138): write(), buffer = 0x41ef25f8 bytes = 4096 mLatency = 92
D/AudioFlinger(  138): threadLoop_sleepTime write muted data to hw
D/AudioMTKStreamOut(  138): write(), buffer = 0x41ef25f8 bytes = 4096 mLatency = 92
D/AudioFlinger(  138): threadLoop_sleepTime write muted data to hw
D/AudioMTKStreamOut(  138): write(), buffer = 0x41ef25f8 bytes = 4096 mLatency = 92
D/AudioFlinger(  138): threadLoop_sleepTime write muted data to hw
D/AudioMTKStreamOut(  138): write(), buffer = 0x41ef25f8 bytes = 4096 mLatency = 92
D/AudioFlinger(  138): threadLoop_sleepTime write muted data to hw
D/AudioMTKStreamOut(  138): write(), buffer = 0x41ef25f8 bytes = 4096 mLatency = 92
D/AudioFlinger(  138): threadLoop_sleepTime write muted data to hw
D/AudioMTKStreamOut(  138): write(), buffer = 0x41ef25f8 bytes = 4096 mLatency = 92
D/AudioFlinger(  138): threadLoop_sleepTime write muted data to hw
D/AudioMTKStreamOut(  138): write(), buffer = 0x41ef25f8 bytes = 4096 mLatency = 92
D/AudioFlinger(  138): threadLoop_sleepTime write muted data to hw
D/AudioMTKStreamOut(  138): write(), buffer = 0x41ef25f8 bytes = 4096 mLatency = 92
D/AudioFlinger(  138): threadLoop_sleepTime write muted data to hw
D/AudioMTKStreamOut(  138): write(), buffer = 0x41ef25f8 bytes = 4096 mLatency = 92
D/AudioFlinger(  138): threadLoop_sleepTime write muted data to hw
D/AudioMTKStreamOut(  138): write(), buffer = 0x41ef25f8 bytes = 4096 mLatency = 92
D/AudioFlinger(  138): threadLoop_sleepTime write muted data to hw
D/AudioMTKStreamOut(  138): write(), buffer = 0x41ef25f8 bytes = 4096 mLatency = 92
D/AudioFlinger(  138): threadLoop_sleepTime write muted data to hw
D/AudioMTKStreamOut(  138): write(), buffer = 0x41ef25f8 bytes = 4096 mLatency = 92
D/InputReader(  549): AP_PROF:AppLaunch_dispatchPtr:Down:408127
I/AP_PROF (  549): unable to open /proc/mtprof/status entry
D/PowerManagerService(  549): userActivityFromNative
D/PowerManagerService(  549): userActivityNoUpdateLocked: eventTime=408127, event=2, flags=0x0, uid=1000
D/PowerManagerNotifier(  549): onUserActivity: event=2, uid=1000
D/PowerManagerService(  549): updateUserActivitySummaryLocked: mWakefulness=Awake, mUserActivitySummary=0x1, nextTimeout=461127 (in 52999 ms)
D/PowerManagerService(  549): newScreenState = 2
D/PowerManagerDisplayController(  549): requestPowerState: screenState=2, useProximitySensor=false, screenBrightness=102, screenAutoBrightnessAdjustment=0.0, useAutoBrightness=true, useEcoBrightness=false, blockScreenOn=false, waitForNegativeProximity=false
I/PowerManagerService(  549): setBrightness mButtonLight 0.
D/PowerManagerService(  549): updateScreenStateLocked: mDisplayReady=true, newScreenState=2, mWakefulness=1, mWakeLockSummary=0x1, mUserActivitySummary=0x1, mBootCompleted=true
D/PowerManagerService(  549): handleSandman: canDream=false, mWakefulness=Awake
D/AudioTrack(  549): audiotrack 0x55d060d8 set Type 1, rate 44100, fmt 1, chn 3, fcnt 4096, flag 4
D/AudioTrack(  549): sched_setscheduler to rt, priority: 1
D/AudioFlinger(  138): createTrack() sessionId: 0
D/AudioFlinger(  138): createTrack() lSessionId: 144
D/AudioFlinger(  138): AUDIO_OUTPUT_FLAG_FAST denied: isTimed=0 sharedBuffer=0x0 frameCount=4096 mFrameCount=1024 format=1 isLinear=1 channelMask=0x3 sampleRate=44100 mSampleRate=44100 hasFastMixer=0 tid=2703 fastTrackAvailMask=0xfe
D/AudioFlinger(  138): Track constructor name 4099, calling pid 549
D/AudioFlinger(  138): acquiring 144 from 549
D/AudioFlinger(  138):  added new entry for 144
D/AudioTrack(  549): start 0x55d060d8
D/AudioFlinger(  138): start(4099), calling pid 549 session 144
D/AudioFlinger(  138): ? => ACTIVE (4099) on thread 0x41e30008
D/AudioMTKPolicyManager(  138): startOutput() output 2, stream 1, session 144
D/AudioMTKPolicyManager(  138): getNewDevice() selected device 2 output= 2
D/AudioMTKPolicyManager(  138): setOutputDevice() output 2 device 0002 delayMs 0
D/AudioMTKPolicyManager(  138): checkDeviceMuteStrategies outputDesc = 0x41edb838 prevDevice = 2 delayMs = 0
D/AudioMTKPolicyManager(  138): setOutputDevice() setting same device 0002 or null device for output 2
D/AudioMTKPolicyManager(  138):  checkAndSetVolume stream = 1 index = 2 output = 2 device = 0x2 delayMs = 0 force = 0
D/AudioMTKPolicyManager(  138): getNewDevice() selected device 2 output= 2
D/AudioMTKPolicyManager(  138): computeCustomVolume OutputDevice == AudioSystem::DEVICE_OUT_SPEAKER
D/AudioFlinger(  138): mWaitWorkCV.broadcast
D/AudioTrack(  549): ~audioTrack 0x56821ae0
D/AudioFlinger(  138): track 4099 u=00000000, s=00000000 [NOT READY] on thread 0x41ef2308
D/AudioFlinger(  138): BUFFER TIMEOUT:   track->mUnderrunCount++;(1) 
D/AudioFlinger(  138): threadLoop_sleepTime sleep time 5750
D/AudioFlinger(  138): releasing 143 from 549
D/AudioFlinger(  138):  decremented refcount to 0
D/AudioFlinger(  138): +purging stale effects
D/AudioFlinger(  138): -purging stale effects
D/AudioFlinger(  138): ~TrackHandle trackName=4097
D/AudioMTKPolicyManager(  138): releaseOutput() 2
D/AudioFlinger(  138): remove track (4097) and delete from mixer
D/AudioFlinger(  138): PlaybackThread::Track destructor
D/AudioMTKStreamOut(  138): write(), buffer = 0x41ef25f8 bytes = 4096 mLatency = 92
D/AudioMTKStreamOut(  138): write(), buffer = 0x41ef25f8 bytes = 4096 mLatency = 92
I/SurfaceTextureClient(  732): [STC::queueBuffer] (this:0x519361c8) fps:1.48, dur:1348.18, max:1246.33, min:101.85
I/BufferQueue(  134): [InputMethod](this:0x418b67d8,api:2) [queue] fps:1.48, dur:1348.10, max:1246.31, min:101.80
I/BufferQueue(  134): [InputMethod](this:0x418b67d8,api:2) [release] fps:1.49, dur:1345.00, max:1235.57, min:109.43
I/SurfaceFlinger(  134): [SurfaceFlinger] fps:1.486815,dur:1345.16,max:1235.84,min:109.32
I/SurfaceTextureClient(  134): [STC::queueBuffer] (this:0x413e76f0) fps:1.49, dur:1345.16, max:1235.47, min:109.68
I/BufferQueue(  134): [FramebufferSurface](this:0x41428008,api:1) [release] fps:1.49, dur:1345.13, max:1235.55, min:109.58
I/BufferQueue(  134): [FramebufferSurface](this:0x41428008,api:1) [queue] fps:1.49, dur:1344.89, max:1235.42, min:109.47
D/AudioMTKStreamOut(  138): write(), buffer = 0x41ef25f8 bytes = 4096 mLatency = 92
D/AudioMTKStreamOut(  138): write(), buffer = 0x41ef25f8 bytes = 4096 mLatency = 92
D/InputReader(  549): AP_PROF:AppLaunch_dispatchPtr:Up:408204
D/AudioFlinger(  138): track 4099 u=00001176, s=00001000 [NOT READY] on thread 0x41ef2308
D/AudioFlinger(  138): BUFFER TIMEOUT:   track->mUnderrunCount++;(3) 
D/AudioFlinger(  138): threadLoop_sleepTime sleep time 23000
D/AudioFlinger(  138): getNextBuffer() no more data for track 4099 on thread 0x41ef2308
D/AudioMTKStreamOut(  138): write(), buffer = 0x41ef25f8 bytes = 4096 mLatency = 92
D/AudioFlinger(  138): track 4099 u=00001176, s=00001176 [NOT READY] on thread 0x41ef2308
D/AudioFlinger(  138): BUFFER TIMEOUT:   track->mUnderrunCount++;(5) 
D/AudioFlinger(  138): threadLoop_sleepTime sleep time 11500
D/AudioFlinger(  138): stop(4099), calling pid 549
D/AudioFlinger(  138): not stopping/stopped => stopping/stopped (4099) on thread 0x41ef2308
D/AudioMTKPolicyManager(  138): stopOutput() output 2, stream 1, session 144
D/AudioMTKPolicyManager(  138): getNewDevice() selected device 0 output= 2
D/AudioMTKPolicyManager(  138): setOutputDevice() output 2 device 0000 delayMs 184
D/AudioMTKPolicyManager(  138): checkDeviceMuteStrategies outputDesc = 0x41edb838 prevDevice = 2 delayMs = 184
D/AudioMTKPolicyManager(  138): setOutputDevice() setting same device 0000 or null device for output 2
D/AudioTrack(  549): audiotrack 0x55d060d8 stop done
D/AudioFlinger(  138): track 4099 u=00001176, s=00001176 [NOT READY] on thread 0x41ef2308
D/AudioFlinger(  138): presentationComplete() reset: mPresentationCompleteFrames 624601 audioHalFrames 4057
D/AudioFlinger(  138): threadLoop_sleepTime write muted data to hw
D/AudioMTKStreamOut(  138): write(), buffer = 0x41ef25f8 bytes = 4096 mLatency = 92
D/AudioFlinger(  138): track 4099 u=00001176, s=00001176 [NOT READY] on thread 0x41ef2308
D/AudioFlinger(  138): track 4099 u=00001176, s=00001176 [NOT READY] on thread 0x41ef2308
D/AudioFlinger(  138): threadLoop_sleepTime write muted data to hw
D/AudioMTKStreamOut(  138): write(), buffer = 0x41ef25f8 bytes = 4096 mLatency = 92
D/AudioFlinger(  138): track 4099 u=00001176, s=00001176 [NOT READY] on thread 0x41ef2308
D/AudioFlinger(  138): presentationComplete() session 144 complete: framesWritten 625664
D/AudioFlinger(  138): TrackBase::reset
D/AudioFlinger(  138): threadLoop_sleepTime write muted data to hw
D/AudioMTKStreamOut(  138): write(), buffer = 0x41ef25f8 bytes = 4096 mLatency = 92
D/AudioFlinger(  138): threadLoop_sleepTime write muted data to hw
D/AudioMTKStreamOut(  138): write(), buffer = 0x41ef25f8 bytes = 4096 mLatency = 92
D/AudioFlinger(  138): threadLoop_sleepTime write muted data to hw
D/AudioMTKStreamOut(  138): write(), buffer = 0x41ef25f8 bytes = 4096 mLatency = 92
D/AudioFlinger(  138): threadLoop_sleepTime write muted data to hw
D/AudioMTKStreamOut(  138): write(), buffer = 0x41ef25f8 bytes = 4096 mLatency = 92
D/AudioFlinger(  138): threadLoop_sleepTime write muted data to hw
D/AudioMTKStreamOut(  138): write(), buffer = 0x41ef25f8 bytes = 4096 mLatency = 92
D/AudioFlinger(  138): threadLoop_sleepTime write muted data to hw
D/AudioMTKStreamOut(  138): write(), buffer = 0x41ef25f8 bytes = 4096 mLatency = 92
D/AudioFlinger(  138): threadLoop_sleepTime write muted data to hw
D/AudioMTKStreamOut(  138): write(), buffer = 0x41ef25f8 bytes = 4096 mLatency = 92
D/AudioFlinger(  138): threadLoop_sleepTime write muted data to hw
D/AudioMTKStreamOut(  138): write(), buffer = 0x41ef25f8 bytes = 4096 mLatency = 92
D/AudioFlinger(  138): threadLoop_sleepTime write muted data to hw
D/AudioMTKStreamOut(  138): write(), buffer = 0x41ef25f8 bytes = 4096 mLatency = 92
D/AudioFlinger(  138): threadLoop_sleepTime write muted data to hw
D/AudioMTKStreamOut(  138): write(), buffer = 0x41ef25f8 bytes = 4096 mLatency = 92
D/AudioFlinger(  138): threadLoop_sleepTime write muted data to hw
D/AudioMTKStreamOut(  138): write(), buffer = 0x41ef25f8 bytes = 4096 mLatency = 92
D/AudioFlinger(  138): threadLoop_sleepTime write muted data to hw
D/AudioMTKStreamOut(  138): write(), buffer = 0x41ef25f8 bytes = 4096 mLatency = 92
D/AudioFlinger(  138): threadLoop_sleepTime write muted data to hw
D/AudioMTKStreamOut(  138): write(), buffer = 0x41ef25f8 bytes = 4096 mLatency = 92
D/AudioFlinger(  138): threadLoop_sleepTime write muted data to hw
D/AudioMTKStreamOut(  138): write(), buffer = 0x41ef25f8 bytes = 4096 mLatency = 92
D/AudioFlinger(  138): threadLoop_sleepTime write muted data to hw
D/AudioMTKStreamOut(  138): write(), buffer = 0x41ef25f8 bytes = 4096 mLatency = 92
D/AudioFlinger(  138): threadLoop_sleepTime write muted data to hw
D/AudioMTKStreamOut(  138): write(), buffer = 0x41ef25f8 bytes = 4096 mLatency = 92
V/Provider/Settings(  549):  from settings cache , name = sys_free_storage_log_interval , value = null
V/Provider/Settings(  549):  from settings cache , name = disk_free_change_reporting_threshold , value = null
D/AudioFlinger(  138): threadLoop_sleepTime write muted data to hw
D/AudioMTKStreamOut(  138): write(), buffer = 0x41ef25f8 bytes = 4096 mLatency = 92
D/AudioFlinger(  138): threadLoop_sleepTime write muted data to hw
D/AudioMTKStreamOut(  138): write(), buffer = 0x41ef25f8 bytes = 4096 mLatency = 92
D/AudioFlinger(  138): threadLoop_sleepTime write muted data to hw
D/AudioMTKStreamOut(  138): write(), buffer = 0x41ef25f8 bytes = 4096 mLatency = 92
D/AudioFlinger(  138): threadLoop_sleepTime write muted data to hw
D/AudioMTKStreamOut(  138): write(), buffer = 0x41ef25f8 bytes = 4096 mLatency = 92
D/AudioFlinger(  138): threadLoop_sleepTime write muted data to hw
D/AudioMTKStreamOut(  138): write(), buffer = 0x41ef25f8 bytes = 4096 mLatency = 92
D/AudioFlinger(  138): threadLoop_sleepTime write muted data to hw
D/AudioMTKStreamOut(  138): write(), buffer = 0x41ef25f8 bytes = 4096 mLatency = 92
V/Provider/Settings(  714):  from settings cache , name = pdp_watchdog_poll_interval_ms , value = null
D/AudioFlinger(  138): threadLoop_sleepTime write muted data to hw
D/AudioMTKStreamOut(  138): write(), buffer = 0x41ef25f8 bytes = 4096 mLatency = 92
D/AudioFlinger(  138): threadLoop_sleepTime write muted data to hw
D/AudioMTKStreamOut(  138): write(), buffer = 0x41ef25f8 bytes = 4096 mLatency = 92
D/AudioFlinger(  138): threadLoop_sleepTime write muted data to hw
D/AudioMTKStreamOut(  138): write(), buffer = 0x41ef25f8 bytes = 4096 mLatency = 92
D/AudioFlinger(  138): threadLoop_sleepTime write muted data to hw
D/AudioMTKStreamOut(  138): write(), buffer = 0x41ef25f8 bytes = 4096 mLatency = 92
D/AudioFlinger(  138): threadLoop_sleepTime write muted data to hw
D/AudioMTKStreamOut(  138): write(), buffer = 0x41ef25f8 bytes = 4096 mLatency = 92
D/AudioFlinger(  138): threadLoop_sleepTime write muted data to hw
D/AudioMTKStreamOut(  138): write(), buffer = 0x41ef25f8 bytes = 4096 mLatency = 92
D/AudioFlinger(  138): threadLoop_sleepTime write muted data to hw
D/AudioMTKStreamOut(  138): write(), buffer = 0x41ef25f8 bytes = 4096 mLatency = 92
D/AudioFlinger(  138): threadLoop_sleepTime write muted data to hw
D/AudioMTKStreamOut(  138): write(), buffer = 0x41ef25f8 bytes = 4096 mLatency = 92
D/AudioFlinger(  138): threadLoop_sleepTime write muted data to hw
D/AudioMTKStreamOut(  138): write(), buffer = 0x41ef25f8 bytes = 4096 mLatency = 92
D/AudioFlinger(  138): threadLoop_sleepTime write muted data to hw
D/AudioMTKStreamOut(  138): write(), buffer = 0x41ef25f8 bytes = 4096 mLatency = 92
D/AudioFlinger(  138): threadLoop_sleepTime write muted data to hw
D/AudioMTKStreamOut(  138): write(), buffer = 0x41ef25f8 bytes = 4096 mLatency = 92
D/AudioFlinger(  138): threadLoop_sleepTime write muted data to hw
D/AudioMTKStreamOut(  138): write(), buffer = 0x41ef25f8 bytes = 4096 mLatency = 92
D/AudioFlinger(  138): threadLoop_sleepTime write muted data to hw
D/AudioMTKStreamOut(  138): write(), buffer = 0x41ef25f8 bytes = 4096 mLatency = 92
D/AudioFlinger(  138): threadLoop_sleepTime write muted data to hw
D/AudioMTKStreamOut(  138): write(), buffer = 0x41ef25f8 bytes = 4096 mLatency = 92
D/AudioFlinger(  138): threadLoop_sleepTime write muted data to hw
D/AudioMTKStreamOut(  138): write(), buffer = 0x41ef25f8 bytes = 4096 mLatency = 92
D/AudioFlinger(  138): threadLoop_sleepTime write muted data to hw
D/AudioMTKStreamOut(  138): write(), buffer = 0x41ef25f8 bytes = 4096 mLatency = 92
D/AudioFlinger(  138): threadLoop_sleepTime write muted data to hw
D/AudioMTKStreamOut(  138): write(), buffer = 0x41ef25f8 bytes = 4096 mLatency = 92
D/AudioFlinger(  138): threadLoop_sleepTime write muted data to hw
D/AudioMTKStreamOut(  138): write(), buffer = 0x41ef25f8 bytes = 4096 mLatency = 92
D/AudioFlinger(  138): threadLoop_sleepTime write muted data to hw
D/AudioMTKStreamOut(  138): write(), buffer = 0x41ef25f8 bytes = 4096 mLatency = 92
D/AudioFlinger(  138): threadLoop_sleepTime write muted data to hw
D/AudioMTKStreamOut(  138): write(), buffer = 0x41ef25f8 bytes = 4096 mLatency = 92
D/AudioFlinger(  138): threadLoop_sleepTime write muted data to hw
D/AudioMTKStreamOut(  138): write(), buffer = 0x41ef25f8 bytes = 4096 mLatency = 92
D/AudioFlinger(  138): threadLoop_sleepTime write muted data to hw
D/AudioMTKStreamOut(  138): write(), buffer = 0x41ef25f8 bytes = 4096 mLatency = 92
