D/PowerManagerDisplayController(  549): requestPowerState: screenState=2, useProximitySensor=false, screenBrightness=102, screenAutoBrightnessAdjustment=0.0, useAutoBrightness=true, useEcoBrightness=false, blockScreenOn=false, waitForNegativeProximity=false
I/PowerManagerService(  549): setBrightness mButtonLight, screenBrightness=102
D/PowerManagerService(  549): updateScreenStateLocked: mDisplayReady=true, newScreenState=2, mWakefulness=1, mWakeLockSummary=0x1, mUserActivitySummary=0x5, mBootCompleted=true
D/PowerManagerService(  549): handleSandman: canDream=false, mWakefulness=Awake
D/PowerManagerService(  549): userActivityFromNative
D/PowerManagerService(  549): userActivityNoUpdateLocked: eventTime=390722, event=2, flags=0x0, uid=1000
D/PowerManagerNotifier(  549): onUserActivity: event=2, uid=1000
D/PowerManagerService(  549): updateUserActivitySummaryLocked: mWakefulness=Awake, mUserActivitySummary=0x5, nextTimeout=397689 (in 6965 ms)
D/PowerManagerService(  549): newScreenState = 2
D/PowerManagerDisplayController(  549): requestPowerState: screenState=2, useProximitySensor=false, screenBrightness=102, screenAutoBrightnessAdjustment=0.0, useAutoBrightness=true, useEcoBrightness=false, blockScreenOn=false, waitForNegativeProximity=false
I/PowerManagerService(  549): setBrightness mButtonLight, screenBrightness=102
D/PowerManagerService(  549): updateScreenStateLocked: mDisplayReady=true, newScreenState=2, mWakefulness=1, mWakeLockSummary=0x1, mUserActivitySummary=0x5, mBootCompleted=true
D/PowerManagerService(  549): handleSandman: canDream=false, mWakefulness=Awake
V/AlarmManager(  549): Native set alarm :Alarm{41b10418 type 2 android}
I/AlarmManager(  549): mBootPackage = com.android.deskclock set Prop 1
I/AlarmManager(  549): rest power off alarm is com.android.deskclock
V/SettingsProvider(  549): call_put(system:power_off_alarm_package_name=com.android.deskclock) for 0
V/SettingsProvider(  549): insert(content://settings/system) for user 0 by 0
V/ActivityManager(  549): Broadcast: Intent { act=com.android.internal.telephony.gprs-data-stall flg=0x14 (has extras) } ordered=true userid=0 callerApp=null
D/PowerManagerService(  549): acquireWakeLockInternal: lock=1098256352, flags=0x1, tag="AlarmManager", ws={WorkSource: uids=[1001]}, uid=1000, pid=549
D/PowerManagerService(  549): updateWakeLockSummaryLocked: mWakefulness=Awake, mWakeLockSummary=0x1
D/PowerManagerService(  549): newScreenState = 2
D/PowerManagerDisplayController(  549): requestPowerState: screenState=2, useProximitySensor=false, screenBrightness=102, screenAutoBrightnessAdjustment=0.0, useAutoBrightness=true, useEcoBrightness=false, blockScreenOn=false, waitForNegativeProximity=false
I/PowerManagerService(  549): setBrightness mButtonLight, screenBrightness=102
D/PowerManagerService(  549): updateScreenStateLocked: mDisplayReady=true, newScreenState=2, mWakefulness=1, mWakeLockSummary=0x1, mUserActivitySummary=0x5, mBootCompleted=true
D/PowerManagerService(  549): handleSandman: canDream=false, mWakefulness=Awake
V/AlarmManager(  549): Native set alarm :Alarm{41b43c88 type 2 com.android.phone}
D/PowerManagerService(  549): releaseWakeLockInternal: lock=1098256352, flags=0x0
D/PowerManagerService(  549): updateWakeLockSummaryLocked: mWakefulness=Awake, mWakeLockSummary=0x1
D/PowerManagerService(  549): newScreenState = 2
D/PowerManagerDisplayController(  549): requestPowerState: screenState=2, useProximitySensor=false, screenBrightness=102, screenAutoBrightnessAdjustment=0.0, useAutoBrightness=true, useEcoBrightness=false, blockScreenOn=false, waitForNegativeProximity=false
I/PowerManagerService(  549): setBrightness mButtonLight, screenBrightness=102
D/PowerManagerService(  549): updateScreenStateLocked: mDisplayReady=true, newScreenState=2, mWakefulness=1, mWakeLockSummary=0x1, mUserActivitySummary=0x5, mBootCompleted=true
D/PowerManagerService(  549): handleSandman: canDream=false, mWakefulness=Awake
V/ActivityManager(  549): Broadcast sticky: Intent { act=android.intent.action.BATTERY_CHANGED flg=0x60000010 (has extras) } ordered=false userid=-1 callerApp=null
D/UsbDeviceManager(  549): onReceive - BATTERY_CHANGED - mPlugType: 0, mSettingUsbCharging: false, mConnected: false, mSettingUsbBicr: false
D/PowerManagerService(  549): updateIsPoweredLocked: wasPowered=false, mIsPowered=false, oldPlugType=0, mPlugType=0, mBatteryLevel=5
D/PowerManagerService(  549): handleSandman: canDream=false, mWakefulness=Awake
V/ActivityManager(  549): Broadcast: Intent { act=android.intent.action.BATTERY_LOW flg=0x8000010 } ordered=false userid=-1 callerApp=ProcessRecord{416be7d0 549:system/1000}
D/PowerManagerService(  549): releaseWakeLockInternal: lock=1102634384, flags=0x0
D/PowerManagerService(  549): updateWakeLockSummaryLocked: mWakefulness=Awake, mWakeLockSummary=0x1
D/PowerManagerService(  549): newScreenState = 2
D/PowerManagerDisplayController(  549): requestPowerState: screenState=2, useProximitySensor=false, screenBrightness=102, screenAutoBrightnessAdjustment=0.0, useAutoBrightness=true, useEcoBrightness=false, blockScreenOn=false, waitForNegativeProximity=false
I/PowerManagerService(  549): setBrightness mButtonLight, screenBrightness=102
D/PowerManagerService(  549): updateScreenStateLocked: mDisplayReady=true, newScreenState=2, mWakefulness=1, mWakeLockSummary=0x1, mUserActivitySummary=0x5, mBootCompleted=true
D/PowerManagerService(  549): handleSandman: canDream=false, mWakefulness=Awake
V/ActivityManager(  549): Broadcast sticky: Intent { act=android.intent.action.SIG_STR flg=0x10 (has extras) } ordered=false userid=-1 callerApp=ProcessRecord{416be7d0 549:system/1000}
D/PowerManagerService(  549): userActivityFromNative
D/PowerManagerService(  549): userActivityNoUpdateLocked: eventTime=395074, event=2, flags=0x0, uid=1000
D/PowerManagerNotifier(  549): onUserActivity: event=2, uid=1000
D/PowerManagerService(  549): updateUserActivitySummaryLocked: mWakefulness=Awake, mUserActivitySummary=0x5, nextTimeout=397689 (in 2614 ms)
D/PowerManagerService(  549): newScreenState = 2
D/PowerManagerDisplayController(  549): requestPowerState: screenState=2, useProximitySensor=false, screenBrightness=102, screenAutoBrightnessAdjustment=0.0, useAutoBrightness=true, useEcoBrightness=false, blockScreenOn=false, waitForNegativeProximity=false
I/PowerManagerService(  549): setBrightness mButtonLight, screenBrightness=102
D/PowerManagerService(  549): updateScreenStateLocked: mDisplayReady=true, newScreenState=2, mWakefulness=1, mWakeLockSummary=0x1, mUserActivitySummary=0x5, mBootCompleted=true
D/PowerManagerService(  549): handleSandman: canDream=false, mWakefulness=Awake
D/PowerManagerService(  549): acquireWakeLockInternal: lock=1102145208, flags=0x1, tag="AudioOut_2", ws=null, uid=1013, pid=138
D/PowerManagerService(  549): updateWakeLockSummaryLocked: mWakefulness=Awake, mWakeLockSummary=0x1
D/PowerManagerService(  549): newScreenState = 2
D/PowerManagerDisplayController(  549): requestPowerState: screenState=2, useProximitySensor=false, screenBrightness=102, screenAutoBrightnessAdjustment=0.0, useAutoBrightness=true, useEcoBrightness=false, blockScreenOn=false, waitForNegativeProximity=false
I/PowerManagerService(  549): setBrightness mButtonLight, screenBrightness=102
D/PowerManagerService(  549): updateScreenStateLocked: mDisplayReady=true, newScreenState=2, mWakefulness=1, mWakeLockSummary=0x1, mUserActivitySummary=0x5, mBootCompleted=true
D/PowerManagerService(  549): handleSandman: canDream=false, mWakefulness=Awake
V/WindowManager(  549): IWindow finishDrawing called for android.view.IWindow$Stub$Proxy@41b5cb70
V/WindowManager(  549): IWindow finishDrawing called for android.view.IWindow$Stub$Proxy@41c18ff0
D/PowerManagerService(  549): userActivityFromNative
D/PowerManagerService(  549): userActivityNoUpdateLocked: eventTime=395585, event=2, flags=0x0, uid=1000
D/PowerManagerNotifier(  549): onUserActivity: event=2, uid=1000
D/PowerManagerService(  549): updateUserActivitySummaryLocked: mWakefulness=Awake, mUserActivitySummary=0x5, nextTimeout=397689 (in 2104 ms)
D/PowerManagerService(  549): newScreenState = 2
D/PowerManagerDisplayController(  549): requestPowerState: screenState=2, useProximitySensor=false, screenBrightness=102, screenAutoBrightnessAdjustment=0.0, useAutoBrightness=true, useEcoBrightness=false, blockScreenOn=false, waitForNegativeProximity=false
I/PowerManagerService(  549): setBrightness mButtonLight, screenBrightness=102
D/PowerManagerService(  549): updateScreenStateLocked: mDisplayReady=true, newScreenState=2, mWakefulness=1, mWakeLockSummary=0x1, mUserActivitySummary=0x5, mBootCompleted=true
D/PowerManagerService(  549): handleSandman: canDream=false, mWakefulness=Awake
V/WindowManager(  549): IWindow finishDrawing called for android.view.IWindow$Stub$Proxy@41affec0
D/PowerManagerService(  549): userActivityFromNative
D/PowerManagerService(  549): userActivityNoUpdateLocked: eventTime=396467, event=2, flags=0x0, uid=1000
D/PowerManagerNotifier(  549): onUserActivity: event=2, uid=1000
D/PowerManagerService(  549): updateUserActivitySummaryLocked: mWakefulness=Awake, mUserActivitySummary=0x5, nextTimeout=397689 (in 1221 ms)
D/PowerManagerService(  549): newScreenState = 2
D/PowerManagerDisplayController(  549): requestPowerState: screenState=2, useProximitySensor=false, screenBrightness=102, screenAutoBrightnessAdjustment=0.0, useAutoBrightness=true, useEcoBrightness=false, blockScreenOn=false, waitForNegativeProximity=false
I/PowerManagerService(  549): setBrightness mButtonLight, screenBrightness=102
D/PowerManagerService(  549): updateScreenStateLocked: mDisplayReady=true, newScreenState=2, mWakefulness=1, mWakeLockSummary=0x1, mUserActivitySummary=0x5, mBootCompleted=true
D/PowerManagerService(  549): handleSandman: canDream=false, mWakefulness=Awake
V/WindowManager(  549): IWindow finishDrawing called for android.view.IWindow$Stub$Proxy@41b756e0
V/WindowManager(  549): IWindow finishDrawing called for android.view.IWindow$Stub$Proxy@41c23a38
D/PowerManagerService(  549): userActivityFromNative
D/PowerManagerService(  549): userActivityNoUpdateLocked: eventTime=396994, event=2, flags=0x0, uid=1000
D/PowerManagerNotifier(  549): onUserActivity: event=2, uid=1000
D/PowerManagerService(  549): updateUserActivitySummaryLocked: mWakefulness=Awake, mUserActivitySummary=0x5, nextTimeout=397689 (in 694 ms)
D/PowerManagerService(  549): newScreenState = 2
D/PowerManagerDisplayController(  549): requestPowerState: screenState=2, useProximitySensor=false, screenBrightness=102, screenAutoBrightnessAdjustment=0.0, useAutoBrightness=true, useEcoBrightness=false, blockScreenOn=false, waitForNegativeProximity=false
I/PowerManagerService(  549): setBrightness mButtonLight, screenBrightness=102
D/PowerManagerService(  549): updateScreenStateLocked: mDisplayReady=true, newScreenState=2, mWakefulness=1, mWakeLockSummary=0x1, mUserActivitySummary=0x5, mBootCompleted=true
D/PowerManagerService(  549): handleSandman: canDream=false, mWakefulness=Awake
V/WindowManager(  549): IWindow finishDrawing called for android.view.IWindow$Stub$Proxy@41b5cc40
D/PowerManagerService(  549): userActivityFromNative
D/PowerManagerService(  549): userActivityNoUpdateLocked: eventTime=397675, event=2, flags=0x0, uid=1000
D/PowerManagerNotifier(  549): onUserActivity: event=2, uid=1000
D/PowerManagerService(  549): updateUserActivitySummaryLocked: mWakefulness=Awake, mUserActivitySummary=0x5, nextTimeout=397689 (in 13 ms)
D/PowerManagerService(  549): newScreenState = 2
D/PowerManagerDisplayController(  549): requestPowerState: screenState=2, useProximitySensor=false, screenBrightness=102, screenAutoBrightnessAdjustment=0.0, useAutoBrightness=true, useEcoBrightness=false, blockScreenOn=false, waitForNegativeProximity=false
I/PowerManagerService(  549): setBrightness mButtonLight, screenBrightness=102
D/PowerManagerService(  549): updateScreenStateLocked: mDisplayReady=true, newScreenState=2, mWakefulness=1, mWakeLockSummary=0x1, mUserActivitySummary=0x5, mBootCompleted=true
D/PowerManagerService(  549): handleSandman: canDream=false, mWakefulness=Awake
D/PowerManagerService(  549): handleUserActivityTimeout
D/PowerManagerService(  549): updateUserActivitySummaryLocked: mWakefulness=Awake, mUserActivitySummary=0x1, nextTimeout=450675 (in 52985 ms)
D/PowerManagerService(  549): newScreenState = 2
D/PowerManagerDisplayController(  549): requestPowerState: screenState=2, useProximitySensor=false, screenBrightness=102, screenAutoBrightnessAdjustment=0.0, useAutoBrightness=true, useEcoBrightness=false, blockScreenOn=false, waitForNegativeProximity=false
I/PowerManagerService(  549): setBrightness mButtonLight 0.
D/PowerManagerService(  549): updateScreenStateLocked: mDisplayReady=true, newScreenState=2, mWakefulness=1, mWakeLockSummary=0x1, mUserActivitySummary=0x1, mBootCompleted=true
D/PowerManagerService(  549): handleSandman: canDream=false, mWakefulness=Awake
V/WindowManager(  549): IWindow finishDrawing called for android.view.IWindow$Stub$Proxy@419eaca0
--------- beginning of /dev/log/main
D/AudioFlinger(  138): threadLoop_sleepTime write muted data to hw
D/AudioMTKStreamOut(  138): write(), buffer = 0x41ef25f8 bytes = 4096 mLatency = 92
W/AEE     (    0): some logs have been lost (543 bytes estimated)
D/AudioFlinger(  138): threadLoop_sleepTime write muted data to hw
D/AudioMTKStreamOut(  138): write(), buffer = 0x41ef25f8 bytes = 4096 mLatency = 92
D/AudioFlinger(  138): threadLoop_sleepTime write muted data to hw
D/AudioMTKStreamOut(  138): write(), buffer = 0x41ef25f8 bytes = 4096 mLatency = 92
D/AudioFlinger(  138): threadLoop_sleepTime write muted data to hw
D/AudioMTKStreamOut(  138): write(), buffer = 0x41ef25f8 bytes = 4096 mLatency = 92
D/AudioFlinger(  138): threadLoop_sleepTime write muted data to hw
D/AudioMTKStreamOut(  138): write(), buffer = 0x41ef25f8 bytes = 4096 mLatency = 92
D/AudioFlinger(  138): threadLoop_sleepTime write muted data to hw
D/AudioMTKStreamOut(  138): write(), buffer = 0x41ef25f8 bytes = 4096 mLatency = 92
D/AudioFlinger(  138): threadLoop_sleepTime write muted data to hw
D/AudioMTKStreamOut(  138): write(), buffer = 0x41ef25f8 bytes = 4096 mLatency = 92
D/AudioFlinger(  138): threadLoop_sleepTime write muted data to hw
D/AudioMTKStreamOut(  138): write(), buffer = 0x41ef25f8 bytes = 4096 mLatency = 92
D/AudioFlinger(  138): threadLoop_sleepTime write muted data to hw
D/AudioMTKStreamOut(  138): write(), buffer = 0x41ef25f8 bytes = 4096 mLatency = 92
D/AudioFlinger(  138): threadLoop_sleepTime write muted data to hw
D/AudioMTKStreamOut(  138): write(), buffer = 0x41ef25f8 bytes = 4096 mLatency = 92
D/AudioFlinger(  138): threadLoop_sleepTime write muted data to hw
D/AudioMTKStreamOut(  138): write(), buffer = 0x41ef25f8 bytes = 4096 mLatency = 92
D/AudioFlinger(  138): threadLoop_sleepTime write muted data to hw
D/AudioMTKStreamOut(  138): write(), buffer = 0x41ef25f8 bytes = 4096 mLatency = 92
D/AudioFlinger(  138): threadLoop_sleepTime write muted data to hw
D/AudioMTKStreamOut(  138): write(), buffer = 0x41ef25f8 bytes = 4096 mLatency = 92
D/AudioFlinger(  138): threadLoop_sleepTime write muted data to hw
D/AudioMTKStreamOut(  138): write(), buffer = 0x41ef25f8 bytes = 4096 mLatency = 92
D/AudioFlinger(  138): threadLoop_sleepTime write muted data to hw
D/AudioMTKStreamOut(  138): write(), buffer = 0x41ef25f8 bytes = 4096 mLatency = 92
D/AudioFlinger(  138): threadLoop_sleepTime write muted data to hw
D/AudioMTKStreamOut(  138): write(), buffer = 0x41ef25f8 bytes = 4096 mLatency = 92
D/AudioFlinger(  138): threadLoop_sleepTime write muted data to hw
D/AudioMTKStreamOut(  138): write(), buffer = 0x41ef25f8 bytes = 4096 mLatency = 92
D/AudioFlinger(  138): threadLoop_sleepTime write muted data to hw
D/AudioMTKStreamOut(  138): write(), buffer = 0x41ef25f8 bytes = 4096 mLatency = 92
D/AudioFlinger(  138): threadLoop_sleepTime write muted data to hw
D/AudioMTKStreamOut(  138): write(), buffer = 0x41ef25f8 bytes = 4096 mLatency = 92
D/AudioFlinger(  138): threadLoop_sleepTime write muted data to hw
D/AudioMTKStreamOut(  138): write(), buffer = 0x41ef25f8 bytes = 4096 mLatency = 92
D/AudioFlinger(  138): threadLoop_sleepTime write muted data to hw
D/AudioMTKStreamOut(  138): write(), buffer = 0x41ef25f8 bytes = 4096 mLatency = 92
D/AudioFlinger(  138): threadLoop_sleepTime write muted data to hw
D/AudioMTKStreamOut(  138): write(), buffer = 0x41ef25f8 bytes = 4096 mLatency = 92
D/AudioFlinger(  138): threadLoop_sleepTime write muted data to hw
D/AudioMTKStreamOut(  138): write(), buffer = 0x41ef25f8 bytes = 4096 mLatency = 92
D/AudioFlinger(  138): threadLoop_sleepTime write muted data to hw
D/AudioMTKStreamOut(  138): write(), buffer = 0x41ef25f8 bytes = 4096 mLatency = 92
D/AudioFlinger(  138): threadLoop_sleepTime write muted data to hw
D/AudioMTKStreamOut(  138): write(), buffer = 0x41ef25f8 bytes = 4096 mLatency = 92
V/Provider/Settings(  714):  from settings cache , name = pdp_watchdog_poll_interval_ms , value = null
D/AudioFlinger(  138): threadLoop_sleepTime write muted data to hw
D/AudioMTKStreamOut(  138): write(), buffer = 0x41ef25f8 bytes = 4096 mLatency = 92
D/AudioFlinger(  138): threadLoop_sleepTime write muted data to hw
D/AudioMTKStreamOut(  138): write(), buffer = 0x41ef25f8 bytes = 4096 mLatency = 92
D/AudioFlinger(  138): threadLoop_sleepTime write muted data to hw
D/AudioMTKStreamOut(  138): write(), buffer = 0x41ef25f8 bytes = 4096 mLatency = 92
D/AudioFlinger(  138): threadLoop_sleepTime write muted data to hw
D/AudioMTKStreamOut(  138): write(), buffer = 0x41ef25f8 bytes = 4096 mLatency = 92
D/AudioFlinger(  138): threadLoop_sleepTime write muted data to hw
D/AudioMTKStreamOut(  138): write(), buffer = 0x41ef25f8 bytes = 4096 mLatency = 92
D/AudioFlinger(  138): threadLoop_sleepTime write muted data to hw
D/AudioMTKStreamOut(  138): write(), buffer = 0x41ef25f8 bytes = 4096 mLatency = 92
D/AudioFlinger(  138): threadLoop_sleepTime write muted data to hw
D/AudioMTKStreamOut(  138): write(), buffer = 0x41ef25f8 bytes = 4096 mLatency = 92
D/AudioFlinger(  138): threadLoop_sleepTime write muted data to hw
D/AudioMTKStreamOut(  138): write(), buffer = 0x41ef25f8 bytes = 4096 mLatency = 92
D/AudioFlinger(  138): threadLoop_sleepTime write muted data to hw
D/AudioMTKStreamOut(  138): write(), buffer = 0x41ef25f8 bytes = 4096 mLatency = 92
D/AudioFlinger(  138): threadLoop_sleepTime write muted data to hw
D/AudioMTKStreamOut(  138): write(), buffer = 0x41ef25f8 bytes = 4096 mLatency = 92
D/AudioFlinger(  138): threadLoop_sleepTime write muted data to hw
D/AudioMTKStreamOut(  138): write(), buffer = 0x41ef25f8 bytes = 4096 mLatency = 92
D/AudioFlinger(  138): threadLoop_sleepTime write muted data to hw
D/AudioMTKStreamOut(  138): write(), buffer = 0x41ef25f8 bytes = 4096 mLatency = 92
D/AudioFlinger(  138): threadLoop_sleepTime write muted data to hw
D/AudioMTKStreamOut(  138): write(), buffer = 0x41ef25f8 bytes = 4096 mLatency = 92
D/AudioFlinger(  138): threadLoop_sleepTime write muted data to hw
D/AudioMTKStreamOut(  138): write(), buffer = 0x41ef25f8 bytes = 4096 mLatency = 92
D/AudioFlinger(  138): threadLoop_sleepTime write muted data to hw
D/AudioMTKStreamOut(  138): write(), buffer = 0x41ef25f8 bytes = 4096 mLatency = 92
D/AudioFlinger(  138): threadLoop_sleepTime write muted data to hw
D/AudioMTKStreamOut(  138): write(), buffer = 0x41ef25f8 bytes = 4096 mLatency = 92
D/AudioFlinger(  138): threadLoop_sleepTime write muted data to hw
D/AudioMTKStreamOut(  138): write(), buffer = 0x41ef25f8 bytes = 4096 mLatency = 92
D/AudioFlinger(  138): threadLoop_sleepTime write muted data to hw
D/AudioMTKStreamOut(  138): write(), buffer = 0x41ef25f8 bytes = 4096 mLatency = 92
D/AudioFlinger(  138): threadLoop_sleepTime write muted data to hw
D/AudioMTKStreamOut(  138): write(), buffer = 0x41ef25f8 bytes = 4096 mLatency = 92
D/AudioFlinger(  138): threadLoop_sleepTime write muted data to hw
D/AudioMTKStreamOut(  138): write(), buffer = 0x41ef25f8 bytes = 4096 mLatency = 92
D/AudioFlinger(  138): threadLoop_sleepTime write muted data to hw
D/AudioMTKStreamOut(  138): write(), buffer = 0x41ef25f8 bytes = 4096 mLatency = 92
D/AudioFlinger(  138): threadLoop_sleepTime write muted data to hw
D/AudioMTKStreamOut(  138): write(), buffer = 0x41ef25f8 bytes = 4096 mLatency = 92
D/AudioFlinger(  138): threadLoop_sleepTime write muted data to hw
D/AudioMTKStreamOut(  138): write(), buffer = 0x41ef25f8 bytes = 4096 mLatency = 92
D/AudioFlinger(  138): threadLoop_sleepTime write muted data to hw
D/AudioMTKStreamOut(  138): write(), buffer = 0x41ef25f8 bytes = 4096 mLatency = 92
D/AudioFlinger(  138): threadLoop_sleepTime write muted data to hw
D/AudioMTKStreamOut(  138): write(), buffer = 0x41ef25f8 bytes = 4096 mLatency = 92
D/AudioFlinger(  138): threadLoop_sleepTime write muted data to hw
D/AudioMTKStreamOut(  138): write(), buffer = 0x41ef25f8 bytes = 4096 mLatency = 92
D/AudioFlinger(  138): threadLoop_sleepTime write muted data to hw
D/AudioMTKStreamOut(  138): write(), buffer = 0x41ef25f8 bytes = 4096 mLatency = 92
D/AudioFlinger(  138): threadLoop_sleepTime write muted data to hw
D/AudioMTKStreamOut(  138): write(), buffer = 0x41ef25f8 bytes = 4096 mLatency = 92
D/AudioFlinger(  138): threadLoop_sleepTime write muted data to hw
D/AudioMTKStreamOut(  138): write(), buffer = 0x41ef25f8 bytes = 4096 mLatency = 92
D/AudioFlinger(  138): threadLoop_sleepTime write muted data to hw
D/AudioMTKStreamOut(  138): write(), buffer = 0x41ef25f8 bytes = 4096 mLatency = 92
D/AudioFlinger(  138): threadLoop_sleepTime write muted data to hw
D/AudioMTKStreamOut(  138): write(), buffer = 0x41ef25f8 bytes = 4096 mLatency = 92
D/AudioFlinger(  138): threadLoop_sleepTime write muted data to hw
D/AudioMTKStreamOut(  138): write(), buffer = 0x41ef25f8 bytes = 4096 mLatency = 92
D/AudioFlinger(  138): threadLoop_sleepTime write muted data to hw
D/AudioMTKStreamOut(  138): write(), buffer = 0x41ef25f8 bytes = 4096 mLatency = 92
D/AudioFlinger(  138): threadLoop_sleepTime write muted data to hw
D/AudioMTKStreamOut(  138): write(), buffer = 0x41ef25f8 bytes = 4096 mLatency = 92
D/AudioFlinger(  138): threadLoop_sleepTime write muted data to hw
D/AudioMTKStreamOut(  138): write(), buffer = 0x41ef25f8 bytes = 4096 mLatency = 92
D/AudioFlinger(  138): threadLoop_sleepTime write muted data to hw
D/AudioMTKStreamOut(  138): write(), buffer = 0x41ef25f8 bytes = 4096 mLatency = 92
D/AudioFlinger(  138): threadLoop_sleepTime write muted data to hw
D/AudioMTKStreamOut(  138): write(), buffer = 0x41ef25f8 bytes = 4096 mLatency = 92
D/AudioFlinger(  138): threadLoop_sleepTime write muted data to hw
D/AudioMTKStreamOut(  138): write(), buffer = 0x41ef25f8 bytes = 4096 mLatency = 92
D/AudioFlinger(  138): threadLoop_sleepTime write muted data to hw
D/AudioMTKStreamOut(  138): write(), buffer = 0x41ef25f8 bytes = 4096 mLatency = 92
D/AudioFlinger(  138): threadLoop_sleepTime write muted data to hw
D/AudioMTKStreamOut(  138): write(), buffer = 0x41ef25f8 bytes = 4096 mLatency = 92
D/AudioFlinger(  138): threadLoop_sleepTime write muted data to hw
D/AudioMTKStreamOut(  138): write(), buffer = 0x41ef25f8 bytes = 4096 mLatency = 92
D/AudioFlinger(  138): threadLoop_sleepTime write muted data to hw
D/AudioMTKStreamOut(  138): write(), buffer = 0x41ef25f8 bytes = 4096 mLatency = 92
D/AudioFlinger(  138): threadLoop_sleepTime write muted data to hw
D/AudioMTKStreamOut(  138): write(), buffer = 0x41ef25f8 bytes = 4096 mLatency = 92
V/Provider/Settings(  714):  from settings cache , name = pdp_watchdog_poll_interval_ms , value = null
D/AudioFlinger(  138): threadLoop_sleepTime write muted data to hw
D/AudioMTKStreamOut(  138): write(), buffer = 0x41ef25f8 bytes = 4096 mLatency = 92
D/AudioFlinger(  138): threadLoop_sleepTime write muted data to hw
D/AudioMTKStreamOut(  138): write(), buffer = 0x41ef25f8 bytes = 4096 mLatency = 92
D/AudioFlinger(  138): threadLoop_sleepTime write muted data to hw
D/AudioMTKStreamOut(  138): write(), buffer = 0x41ef25f8 bytes = 4096 mLatency = 92
D/AudioFlinger(  138): threadLoop_sleepTime write muted data to hw
D/AudioMTKStreamOut(  138): write(), buffer = 0x41ef25f8 bytes = 4096 mLatency = 92
D/AudioFlinger(  138): threadLoop_sleepTime write muted data to hw
D/AudioMTKStreamOut(  138): write(), buffer = 0x41ef25f8 bytes = 4096 mLatency = 92
D/InputReader(  549): AP_PROF:AppLaunch_dispatchPtr:Down:399889
I/AP_PROF (  549): unable to open /proc/mtprof/status entry
D/PowerManagerService(  549): userActivityFromNative
D/PowerManagerService(  549): userActivityNoUpdateLocked: eventTime=399889, event=2, flags=0x0, uid=1000
D/PowerManagerNotifier(  549): onUserActivity: event=2, uid=1000
D/PowerManagerService(  549): updateUserActivitySummaryLocked: mWakefulness=Awake, mUserActivitySummary=0x1, nextTimeout=452889 (in 52999 ms)
D/PowerManagerService(  549): newScreenState = 2
D/PowerManagerDisplayController(  549): requestPowerState: screenState=2, useProximitySensor=false, screenBrightness=102, screenAutoBrightnessAdjustment=0.0, useAutoBrightness=true, useEcoBrightness=false, blockScreenOn=false, waitForNegativeProximity=false
I/PowerManagerService(  549): setBrightness mButtonLight 0.
D/PowerManagerService(  549): updateScreenStateLocked: mDisplayReady=true, newScreenState=2, mWakefulness=1, mWakeLockSummary=0x1, mUserActivitySummary=0x1, mBootCompleted=true
D/PowerManagerService(  549): handleSandman: canDream=false, mWakefulness=Awake
D/AudioFlinger(  138): threadLoop_sleepTime write muted data to hw
D/AudioMTKStreamOut(  138): write(), buffer = 0x41ef25f8 bytes = 4096 mLatency = 92
D/AudioTrack(  549): audiotrack 0x56821ae0 set Type 1, rate 44100, fmt 1, chn 3, fcnt 4096, flag 4
D/AudioTrack(  549): sched_setscheduler to rt, priority: 1
D/AudioFlinger(  138): createTrack() sessionId: 0
D/AudioFlinger(  138): createTrack() lSessionId: 137
D/AudioFlinger(  138): AUDIO_OUTPUT_FLAG_FAST denied: isTimed=0 sharedBuffer=0x0 frameCount=4096 mFrameCount=1024 format=1 isLinear=1 channelMask=0x3 sampleRate=44100 mSampleRate=44100 hasFastMixer=0 tid=2695 fastTrackAvailMask=0xfe
D/AudioFlinger(  138): Track constructor name 4097, calling pid 549
D/AudioFlinger(  138): acquiring 137 from 549
D/AudioFlinger(  138):  added new entry for 137
D/AudioTrack(  549): start 0x56821ae0
D/AudioFlinger(  138): start(4097), calling pid 549 session 137
D/AudioFlinger(  138): ? => ACTIVE (4097) on thread 0x41e42910
D/AudioMTKPolicyManager(  138): startOutput() output 2, stream 1, session 137
D/AudioMTKPolicyManager(  138): getNewDevice() selected device 2 output= 2
D/AudioMTKPolicyManager(  138): setOutputDevice() output 2 device 0002 delayMs 0
D/AudioMTKPolicyManager(  138): checkDeviceMuteStrategies outputDesc = 0x41edb838 prevDevice = 2 delayMs = 0
D/AudioMTKPolicyManager(  138): setOutputDevice() setting same device 0002 or null device for output 2
D/AudioMTKPolicyManager(  138):  checkAndSetVolume stream = 1 index = 2 output = 2 device = 0x2 delayMs = 0 force = 0
D/AudioMTKPolicyManager(  138): getNewDevice() selected device 2 output= 2
D/AudioMTKPolicyManager(  138): computeCustomVolume OutputDevice == AudioSystem::DEVICE_OUT_SPEAKER
D/AudioFlinger(  138): mWaitWorkCV.broadcast
D/AudioTrack(  549): ~audioTrack 0x56837a08
D/AudioFlinger(  138): ~TrackHandle trackName=4099
D/AudioFlinger(  138): releasing 136 from 549
D/AudioFlinger(  138):  decremented refcount to 0
D/AudioFlinger(  138): +purging stale effects
D/AudioFlinger(  138): -purging stale effects
D/AudioMTKPolicyManager(  138): releaseOutput() 2
D/AudioFlinger(  138): remove track (4099) and delete from mixer
D/AudioFlinger(  138): PlaybackThread::Track destructor
I/SurfaceTextureClient(  732): [STC::queueBuffer] (this:0x519361c8) fps:0.90, dur:2217.04, max:2108.36, min:108.68
I/BufferQueue(  134): [InputMethod](this:0x418b67d8,api:2) [queue] fps:0.90, dur:2217.10, max:2108.47, min:108.63
D/AudioMTKStreamOut(  138): write(), buffer = 0x41ef25f8 bytes = 4096 mLatency = 92
D/AudioMTKStreamOut(  138): write(), buffer = 0x41ef25f8 bytes = 4096 mLatency = 92
I/BufferQueue(  134): [InputMethod](this:0x418b67d8,api:2) [release] fps:0.90, dur:2220.36, max:2110.81, min:109.55
I/SurfaceFlinger(  134): [SurfaceFlinger] fps:3.152971,dur:2220.13,max:2047.35,min:15.49
I/SurfaceTextureClient(  134): [STC::queueBuffer] (this:0x413e76f0) fps:3.15, dur:2219.82, max:2046.59, min:15.09
I/BufferQueue(  134): [FramebufferSurface](this:0x41428008,api:1) [release] fps:3.15, dur:2219.79, max:2046.63, min:15.10
I/BufferQueue(  134): [unnamed-134-113](this:0x4216ce28,api:0) BufferQueue
I/BufferQueue(  134): [unnamed-134-113](this:0x4216ce28,api:0) consumerConnect
I/BufferQueue(  134): [unnamed-134-113](this:0x4216ce28,api:0) setConsumerName: unnamed-134-113
I/SurfaceTexture(  134): [unnamed-134-113](this:0x41e66570,api:0) SurfaceTexture
I/BufferQueue(  134): [unnamed-134-113](this:0x4216ce28,api:0) setSynchronousMode: enabled=1
I/BufferQueue(  134): [unnamed-134-113](this:0x4216ce28,api:0) setDefaultBufferSize: w=1, h=1
I/BufferQueue(  134): [PopupWindow:41534508](this:0x4216ce28,api:0) setConsumerName: PopupWindow:41534508
D/KeyguardViewMediator(  549): setHidden false
D/KeyguardUpdateMonitor(  549): sendKeyguardVisibilityChanged(true)
D/KeyguardUpdateMonitor(  549): handleKeyguardVisibilityChanged(1)
D/KeyguardViewMediator(  549): handleMessage enter msg name=SET_HIDDEN
D/KeyguardViewMediator(  549): handleMessage exit msg name=SET_HIDDEN
I/BufferQueue(  134): [FramebufferSurface](this:0x41428008,api:1) [queue] fps:3.15, dur:2220.51, max:2048.51, min:15.63
I/BufferQueue(  134): [PopupWindow:41534508](this:0x4216ce28,api:0) setDefaultBufferSize: w=125, h=120
I/BufferQueue(  134): [PopupWindow:41534508](this:0x4216ce28,api:0) connect: api=2
I/BufferQueue(  134): [PopupWindow:41534508](this:0x4216ce28,api:2) setSynchronousMode: enabled=1
I/BufferQueue(  134): [PopupWindow:41534508](this:0x4216ce28,api:2) new GraphicBuffer needed
D/BufferQueue(  134):     [OLD] gb:NULL
I/GraphicBuffer(  134): allocate buffer (w:128 h:120 f:1) err(0)
I/BufferQueue(  134):     [NEW] gb=0x423556c0, handle=0x4234fd08, w=125, h=120, s=128, fmt=1
V/WindowManager(  549): IWindow finishDrawing called for android.view.IWindow$Stub$Proxy@418fb9c0
D/KeyguardViewMediator(  549): setHidden false
D/KeyguardUpdateMonitor(  549): sendKeyguardVisibilityChanged(true)
D/KeyguardUpdateMonitor(  549): handleKeyguardVisibilityChanged(1)
D/KeyguardViewMediator(  549): handleMessage enter msg name=SET_HIDDEN
D/KeyguardViewMediator(  549): handleMessage exit msg name=SET_HIDDEN
I/SurfaceTexture(  134): [PopupWindow:41534508](this:0x41e66570,api:2) [void* android::SurfaceTexture::createImage(EGLDisplay, const android::sp<android::GraphicBuffer>&)]
D/SurfaceTexture(  134):     GraphicBuffer: gb=0x423556c0 handle=0x4234fd08
D/SurfaceTexture(  134):     EGLImage: dpy=0x1, img=0x1000000b
V/WindowManager(  549): IWindow finishDrawing called for android.view.IWindow$Stub$Proxy@41b44288
D/AudioMTKStreamOut(  138): write(), buffer = 0x41ef25f8 bytes = 4096 mLatency = 92
D/AudioMTKStreamOut(  138): write(), buffer = 0x41ef25f8 bytes = 4096 mLatency = 92
D/InputReader(  549): AP_PROF:AppLaunch_dispatchPtr:Up:399982
D/AudioFlinger(  138): track 4097 u=00001176, s=00001000 [NOT READY] on thread 0x41ef2308
D/AudioFlinger(  138): BUFFER TIMEOUT:   track->mUnderrunCount++;(1) 
D/AudioFlinger(  138): threadLoop_sleepTime sleep time 23000
I/SurfaceTextureClient( 2303): [STC::queueBuffer] (this:0x52ed2938) fps:0.45, dur:2203.21, max:2203.21, min:2203.21
I/BufferQueue(  134): [jackpal.androidterm/jackpal.androidterm.Term](this:0x418bbfd0,api:1) [queue] fps:0.45, dur:2203.35, max:2203.35, min:2203.35
D/AudioFlinger(  138): getNextBuffer() no more data for track 4097 on thread 0x41ef2308
D/AudioMTKStreamOut(  138): write(), buffer = 0x41ef25f8 bytes = 4096 mLatency = 92
D/AudioFlinger(  138): track 4097 u=00001176, s=00001176 [NOT READY] on thread 0x41ef2308
D/AudioFlinger(  138): BUFFER TIMEOUT:   track->mUnderrunCount++;(3) 
D/AudioFlinger(  138): threadLoop_sleepTime sleep time 11500
D/AudioFlinger(  138): stop(4097), calling pid 549
D/AudioFlinger(  138): not stopping/stopped => stopping/stopped (4097) on thread 0x41ef2308
D/AudioMTKPolicyManager(  138): stopOutput() output 2, stream 1, session 137
D/AudioMTKPolicyManager(  138): getNewDevice() selected device 0 output= 2
D/AudioMTKPolicyManager(  138): setOutputDevice() output 2 device 0000 delayMs 184
D/AudioMTKPolicyManager(  138): checkDeviceMuteStrategies outputDesc = 0x41edb838 prevDevice = 2 delayMs = 184
D/AudioMTKPolicyManager(  138): setOutputDevice() setting same device 0000 or null device for output 2
D/AudioTrack(  549): audiotrack 0x56821ae0 stop done
I/BufferQueue(  134): [jackpal.androidterm/jackpal.androidterm.Term](this:0x418bbfd0,api:1) [release] fps:0.45, dur:2204.89, max:2204.89, min:2204.89
D/AudioFlinger(  138): track 4097 u=00001176, s=00001176 [NOT READY] on thread 0x41ef2308
D/AudioFlinger(  138): presentationComplete() reset: mPresentationCompleteFrames 240601 audioHalFrames 4057
D/AudioFlinger(  138): threadLoop_sleepTime write muted data to hw
D/AudioMTKStreamOut(  138): write(), buffer = 0x41ef25f8 bytes = 4096 mLatency = 92
D/AudioFlinger(  138): track 4097 u=00001176, s=00001176 [NOT READY] on thread 0x41ef2308
I/BufferQueue(  134): [PopupWindow:41534508](this:0x4216ce28,api:2) disconnect: api=2
I/SurfaceTexture(  134): [PopupWindow:41534508] [virtual android::status_t android::SurfaceTexture::forceAuxConversionLocked()] mCurrentTexture:0, mCurrentBuf:0x423556c0
I/BufferQueue(  134): [PopupWindow:41534508](this:0x4216ce28,api:0) getReleasedBuffers: returning mask 0xffffffff
I/SurfaceTexture(  134): [PopupWindow:41534508](this:0x41e66570,api:0) destroying EGLImage dpy=0x1 img=0x1000000b
D/KeyguardViewMediator(  549): setHidden false
D/KeyguardUpdateMonitor(  549): sendKeyguardVisibilityChanged(true)
D/KeyguardUpdateMonitor(  549): handleKeyguardVisibilityChanged(1)
D/KeyguardViewMediator(  549): handleMessage enter msg name=SET_HIDDEN
D/KeyguardViewMediator(  549): handleMessage exit msg name=SET_HIDDEN
D/IPCThreadState(  549): [DN #5] BR_CLEAR_DEATH_NOTIFICATION_DONE cookie 0x567fe1e0
I/BufferQueue(  134): [PopupWindow:41534508](this:0x4216ce28,api:0) consumerDisconnect
I/BufferQueue(  134): [PopupWindow:41534508](this:0x4216ce28,api:0) ~BufferQueue
D/AudioFlinger(  138): track 4097 u=00001176, s=00001176 [NOT READY] on thread 0x41ef2308
D/AudioFlinger(  138): threadLoop_sleepTime write muted data to hw
D/AudioMTKStreamOut(  138): write(), buffer = 0x41ef25f8 bytes = 4096 mLatency = 92
D/AudioFlinger(  138): track 4097 u=00001176, s=00001176 [NOT READY] on thread 0x41ef2308
D/AudioFlinger(  138): presentationComplete() session 137 complete: framesWritten 241664
D/AudioFlinger(  138): TrackBase::reset
D/AudioFlinger(  138): threadLoop_sleepTime write muted data to hw
D/AudioMTKStreamOut(  138): write(), buffer = 0x41ef25f8 bytes = 4096 mLatency = 92
D/AudioFlinger(  138): threadLoop_sleepTime write muted data to hw
D/AudioMTKStreamOut(  138): write(), buffer = 0x41ef25f8 bytes = 4096 mLatency = 92
D/AudioFlinger(  138): threadLoop_sleepTime write muted data to hw
D/AudioMTKStreamOut(  138): write(), buffer = 0x41ef25f8 bytes = 4096 mLatency = 92
D/AudioFlinger(  138): threadLoop_sleepTime write muted data to hw
D/AudioMTKStreamOut(  138): write(), buffer = 0x41ef25f8 bytes = 4096 mLatency = 92
D/AudioFlinger(  138): threadLoop_sleepTime write muted data to hw
D/AudioMTKStreamOut(  138): write(), buffer = 0x41ef25f8 bytes = 4096 mLatency = 92
D/AudioFlinger(  138): threadLoop_sleepTime write muted data to hw
D/AudioMTKStreamOut(  138): write(), buffer = 0x41ef25f8 bytes = 4096 mLatency = 92
D/AudioFlinger(  138): threadLoop_sleepTime write muted data to hw
D/AudioMTKStreamOut(  138): write(), buffer = 0x41ef25f8 bytes = 4096 mLatency = 92
D/AudioFlinger(  138): threadLoop_sleepTime write muted data to hw
D/AudioMTKStreamOut(  138): write(), buffer = 0x41ef25f8 bytes = 4096 mLatency = 92
D/AudioFlinger(  138): threadLoop_sleepTime write muted data to hw
D/AudioMTKStreamOut(  138): write(), buffer = 0x41ef25f8 bytes = 4096 mLatency = 92
D/AudioFlinger(  138): threadLoop_sleepTime write muted data to hw
D/AudioMTKStreamOut(  138): write(), buffer = 0x41ef25f8 bytes = 4096 mLatency = 92
D/AudioFlinger(  138): threadLoop_sleepTime write muted data to hw
D/AudioMTKStreamOut(  138): write(), buffer = 0x41ef25f8 bytes = 4096 mLatency = 92
D/AudioFlinger(  138): threadLoop_sleepTime write muted data to hw
D/AudioMTKStreamOut(  138): write(), buffer = 0x41ef25f8 bytes = 4096 mLatency = 92
D/AudioFlinger(  138): threadLoop_sleepTime write muted data to hw
D/AudioMTKStreamOut(  138): write(), buffer = 0x41ef25f8 bytes = 4096 mLatency = 92
D/AudioFlinger(  138): threadLoop_sleepTime write muted data to hw
D/AudioMTKStreamOut(  138): write(), buffer = 0x41ef25f8 bytes = 4096 mLatency = 92
D/AudioFlinger(  138): threadLoop_sleepTime write muted data to hw
D/AudioMTKStreamOut(  138): write(), buffer = 0x41ef25f8 bytes = 4096 mLatency = 92
D/AudioFlinger(  138): threadLoop_sleepTime write muted data to hw
D/AudioMTKStreamOut(  138): write(), buffer = 0x41ef25f8 bytes = 4096 mLatency = 92
D/AudioFlinger(  138): threadLoop_sleepTime write muted data to hw
D/AudioMTKStreamOut(  138): write(), buffer = 0x41ef25f8 bytes = 4096 mLatency = 92
D/AudioFlinger(  138): threadLoop_sleepTime write muted data to hw
D/AudioMTKStreamOut(  138): write(), buffer = 0x41ef25f8 bytes = 4096 mLatency = 92
D/AudioFlinger(  138): threadLoop_sleepTime write muted data to hw
D/AudioMTKStreamOut(  138): write(), buffer = 0x41ef25f8 bytes = 4096 mLatency = 92
D/AudioFlinger(  138): threadLoop_sleepTime write muted data to hw
D/AudioMTKStreamOut(  138): write(), buffer = 0x41ef25f8 bytes = 4096 mLatency = 92
D/AudioFlinger(  138): threadLoop_sleepTime write muted data to hw
D/AudioMTKStreamOut(  138): write(), buffer = 0x41ef25f8 bytes = 4096 mLatency = 92
D/AudioFlinger(  138): threadLoop_sleepTime write muted data to hw
D/AudioMTKStreamOut(  138): write(), buffer = 0x41ef25f8 bytes = 4096 mLatency = 92
D/AudioFlinger(  138): threadLoop_sleepTime write muted data to hw
D/AudioMTKStreamOut(  138): write(), buffer = 0x41ef25f8 bytes = 4096 mLatency = 92
D/AudioFlinger(  138): threadLoop_sleepTime write muted data to hw
D/AudioMTKStreamOut(  138): write(), buffer = 0x41ef25f8 bytes = 4096 mLatency = 92
D/AudioFlinger(  138): threadLoop_sleepTime write muted data to hw
D/AudioMTKStreamOut(  138): write(), buffer = 0x41ef25f8 bytes = 4096 mLatency = 92
D/AudioFlinger(  138): threadLoop_sleepTime write muted data to hw
D/AudioMTKStreamOut(  138): write(), buffer = 0x41ef25f8 bytes = 4096 mLatency = 92
D/AudioFlinger(  138): threadLoop_sleepTime write muted data to hw
D/AudioMTKStreamOut(  138): write(), buffer = 0x41ef25f8 bytes = 4096 mLatency = 92
D/AudioFlinger(  138): threadLoop_sleepTime write muted data to hw
D/AudioMTKStreamOut(  138): write(), buffer = 0x41ef25f8 bytes = 4096 mLatency = 92
D/AudioFlinger(  138): threadLoop_sleepTime write muted data to hw
D/AudioMTKStreamOut(  138): write(), buffer = 0x41ef25f8 bytes = 4096 mLatency = 92
D/AudioFlinger(  138): threadLoop_sleepTime write muted data to hw
D/AudioMTKStreamOut(  138): write(), buffer = 0x41ef25f8 bytes = 4096 mLatency = 92
D/AudioFlinger(  138): threadLoop_sleepTime write muted data to hw
D/AudioMTKStreamOut(  138): write(), buffer = 0x41ef25f8 bytes = 4096 mLatency = 92
V/Provider/Settings(  714):  from settings cache , name = pdp_watchdog_poll_interval_ms , value = null
D/AudioFlinger(  138): threadLoop_sleepTime write muted data to hw
D/AudioMTKStreamOut(  138): write(), buffer = 0x41ef25f8 bytes = 4096 mLatency = 92
D/AudioFlinger(  138): threadLoop_sleepTime write muted data to hw
D/AudioMTKStreamOut(  138): write(), buffer = 0x41ef25f8 bytes = 4096 mLatency = 92
D/AudioFlinger(  138): threadLoop_sleepTime write muted data to hw
D/AudioMTKStreamOut(  138): write(), buffer = 0x41ef25f8 bytes = 4096 mLatency = 92
D/AudioFlinger(  138): threadLoop_sleepTime write muted data to hw
D/AudioMTKStreamOut(  138): write(), buffer = 0x41ef25f8 bytes = 4096 mLatency = 92
D/AudioFlinger(  138): threadLoop_sleepTime write muted data to hw
D/AudioMTKStreamOut(  138): write(), buffer = 0x41ef25f8 bytes = 4096 mLatency = 92
D/AudioFlinger(  138): threadLoop_sleepTime write muted data to hw
D/AudioMTKStreamOut(  138): write(), buffer = 0x41ef25f8 bytes = 4096 mLatency = 92
D/AudioFlinger(  138): threadLoop_sleepTime write muted data to hw
D/AudioMTKStreamOut(  138): write(), buffer = 0x41ef25f8 bytes = 4096 mLatency = 92
D/AudioFlinger(  138): threadLoop_sleepTime write muted data to hw
D/AudioMTKStreamOut(  138): write(), buffer = 0x41ef25f8 bytes = 4096 mLatency = 92
D/AudioFlinger(  138): threadLoop_sleepTime write muted data to hw
D/AudioMTKStreamOut(  138): write(), buffer = 0x41ef25f8 bytes = 4096 mLatency = 92
D/AudioFlinger(  138): threadLoop_sleepTime write muted data to hw
D/AudioMTKStreamOut(  138): write(), buffer = 0x41ef25f8 bytes = 4096 mLatency = 92
D/AudioFlinger(  138): threadLoop_sleepTime write muted data to hw
D/AudioMTKStreamOut(  138): write(), buffer = 0x41ef25f8 bytes = 4096 mLatency = 92
D/AudioFlinger(  138): threadLoop_sleepTime write muted data to hw
D/AudioMTKStreamOut(  138): write(), buffer = 0x41ef25f8 bytes = 4096 mLatency = 92
D/AudioFlinger(  138): threadLoop_sleepTime write muted data to hw
D/AudioMTKStreamOut(  138): write(), buffer = 0x41ef25f8 bytes = 4096 mLatency = 92
D/AudioFlinger(  138): threadLoop_sleepTime write muted data to hw
D/AudioMTKStreamOut(  138): write(), buffer = 0x41ef25f8 bytes = 4096 mLatency = 92
D/AudioFlinger(  138): threadLoop_sleepTime write muted data to hw
D/AudioMTKStreamOut(  138): write(), buffer = 0x41ef25f8 bytes = 4096 mLatency = 92
D/AudioFlinger(  138): threadLoop_sleepTime write muted data to hw
D/AudioMTKStreamOut(  138): write(), buffer = 0x41ef25f8 bytes = 4096 mLatency = 92
D/AudioFlinger(  138): threadLoop_sleepTime write muted data to hw
D/AudioMTKStreamOut(  138): write(), buffer = 0x41ef25f8 bytes = 4096 mLatency = 92
D/AudioFlinger(  138): threadLoop_sleepTime write muted data to hw
D/AudioMTKStreamOut(  138): write(), buffer = 0x41ef25f8 bytes = 4096 mLatency = 92
D/AudioFlinger(  138): threadLoop_sleepTime write muted data to hw
D/AudioMTKStreamOut(  138): write(), buffer = 0x41ef25f8 bytes = 4096 mLatency = 92
D/AudioFlinger(  138): threadLoop_sleepTime write muted data to hw
D/AudioMTKStreamOut(  138): write(), buffer = 0x41ef25f8 bytes = 4096 mLatency = 92
D/AudioFlinger(  138): threadLoop_sleepTime write muted data to hw
D/AudioMTKStreamOut(  138): write(), buffer = 0x41ef25f8 bytes = 4096 mLatency = 92
D/AudioFlinger(  138): threadLoop_sleepTime write muted data to hw
D/AudioMTKStreamOut(  138): write(), buffer = 0x41ef25f8 bytes = 4096 mLatency = 92
D/AudioFlinger(  138): threadLoop_sleepTime write muted data to hw
D/AudioMTKStreamOut(  138): write(), buffer = 0x41ef25f8 bytes = 4096 mLatency = 92
D/AudioFlinger(  138): threadLoop_sleepTime write muted data to hw
D/AudioMTKStreamOut(  138): write(), buffer = 0x41ef25f8 bytes = 4096 mLatency = 92
D/InputReader(  549): AP_PROF:AppLaunch_dispatchPtr:Down:401360
I/AP_PROF (  549): unable to open /proc/mtprof/status entry
D/PowerManagerService(  549): userActivityFromNative
D/PowerManagerService(  549): userActivityNoUpdateLocked: eventTime=401360, event=2, flags=0x0, uid=1000
D/PowerManagerNotifier(  549): onUserActivity: event=2, uid=1000
D/PowerManagerService(  549): updateUserActivitySummaryLocked: mWakefulness=Awake, mUserActivitySummary=0x1, nextTimeout=454360 (in 52999 ms)
D/PowerManagerService(  549): newScreenState = 2
D/PowerManagerDisplayController(  549): requestPowerState: screenState=2, useProximitySensor=false, screenBrightness=102, screenAutoBrightnessAdjustment=0.0, useAutoBrightness=true, useEcoBrightness=false, blockScreenOn=false, waitForNegativeProximity=false
I/PowerManagerService(  549): setBrightness mButtonLight 0.
D/PowerManagerService(  549): updateScreenStateLocked: mDisplayReady=true, newScreenState=2, mWakefulness=1, mWakeLockSummary=0x1, mUserActivitySummary=0x1, mBootCompleted=true
D/PowerManagerService(  549): handleSandman: canDream=false, mWakefulness=Awake
D/AudioTrack(  549): audiotrack 0x56879438 set Type 1, rate 44100, fmt 1, chn 3, fcnt 4096, flag 4
D/AudioFlinger(  138): threadLoop_sleepTime write muted data to hw
D/AudioMTKStreamOut(  138): write(), buffer = 0x41ef25f8 bytes = 4096 mLatency = 92
D/AudioTrack(  549): sched_setscheduler to rt, priority: 1
D/AudioFlinger(  138): createTrack() sessionId: 0
D/AudioFlinger(  138): createTrack() lSessionId: 138
D/AudioFlinger(  138): AUDIO_OUTPUT_FLAG_FAST denied: isTimed=0 sharedBuffer=0x0 frameCount=4096 mFrameCount=1024 format=1 isLinear=1 channelMask=0x3 sampleRate=44100 mSampleRate=44100 hasFastMixer=0 tid=2696 fastTrackAvailMask=0xfe
D/AudioFlinger(  138): Track constructor name 4099, calling pid 549
D/AudioFlinger(  138): acquiring 138 from 549
D/AudioFlinger(  138):  added new entry for 138
D/AudioTrack(  549): start 0x56879438
D/AudioFlinger(  138): start(4099), calling pid 549 session 138
D/AudioFlinger(  138): ? => ACTIVE (4099) on thread 0x41e30008
D/AudioMTKPolicyManager(  138): startOutput() output 2, stream 1, session 138
D/AudioMTKPolicyManager(  138): getNewDevice() selected device 2 output= 2
D/AudioMTKPolicyManager(  138): setOutputDevice() output 2 device 0002 delayMs 0
D/AudioMTKPolicyManager(  138): checkDeviceMuteStrategies outputDesc = 0x41edb838 prevDevice = 2 delayMs = 0
D/AudioMTKPolicyManager(  138): setOutputDevice() setting same device 0002 or null device for output 2
D/AudioMTKPolicyManager(  138):  checkAndSetVolume stream = 1 index = 2 output = 2 device = 0x2 delayMs = 0 force = 0
D/AudioMTKPolicyManager(  138): getNewDevice() selected device 2 output= 2
D/AudioMTKPolicyManager(  138): computeCustomVolume OutputDevice == AudioSystem::DEVICE_OUT_SPEAKER
D/AudioFlinger(  138): mWaitWorkCV.broadcast
D/AudioTrack(  549): ~audioTrack 0x56821ae0
D/AudioFlinger(  138): releasing 137 from 549
D/AudioFlinger(  138): ~TrackHandle trackName=4097
D/AudioFlinger(  138):  decremented refcount to 0
D/AudioFlinger(  138): +purging stale effects
D/AudioMTKPolicyManager(  138): releaseOutput() 2
D/AudioFlinger(  138): -purging stale effects
D/AudioFlinger(  138): remove track (4097) and delete from mixer
D/AudioFlinger(  138): PlaybackThread::Track destructor
D/AudioMTKStreamOut(  138): write(), buffer = 0x41ef25f8 bytes = 4096 mLatency = 92
I/SurfaceTextureClient(  732): [STC::queueBuffer] (this:0x519361c8) fps:1.36, dur:1472.31, max:1390.49, min:81.82
I/BufferQueue(  134): [InputMethod](this:0x418b67d8,api:2) [queue] fps:1.36, dur:1472.30, max:1390.65, min:81.64
I/BufferQueue(  134): [InputMethod](this:0x418b67d8,api:2) [release] fps:1.36, dur:1470.10, max:1391.77, min:78.33
I/SurfaceFlinger(  134): [SurfaceFlinger] fps:4.761014,dur:1470.28,max:1328.28,min:15.65
I/SurfaceTextureClient(  134): [STC::queueBuffer] (this:0x413e76f0) fps:4.76, dur:1470.67, max:1327.83, min:15.19
I/BufferQueue(  134): [FramebufferSurface](this:0x41428008,api:1) [release] fps:4.76, dur:1470.70, max:1327.90, min:15.19
D/AudioMTKStreamOut(  138): write(), buffer = 0x41ef25f8 bytes = 4096 mLatency = 92
D/AudioMTKStreamOut(  138): write(), buffer = 0x41ef25f8 bytes = 4096 mLatency = 92
I/BufferQueue(  134): [FramebufferSurface](this:0x41428008,api:1) [queue] fps:4.76, dur:1470.07, max:1329.33, min:15.64
I/SurfaceTextureClient( 2303): [STC::queueBuffer] (this:0x52ed2938) fps:0.72, dur:1382.74, max:1382.74, min:1382.74
I/BufferQueue(  134): [jackpal.androidterm/jackpal.androidterm.Term](this:0x418bbfd0,api:1) [queue] fps:0.72, dur:1382.60, max:1382.60, min:1382.60
I/BufferQueue(  134): [jackpal.androidterm/jackpal.androidterm.Term](this:0x418bbfd0,api:1) [release] fps:0.72, dur:1391.71, max:1391.71, min:1391.71
D/InputReader(  549): AP_PROF:AppLaunch_dispatchPtr:Up:401437
D/AudioMTKStreamOut(  138): write(), buffer = 0x41ef25f8 bytes = 4096 mLatency = 92
D/AudioMTKStreamOut(  138): write(), buffer = 0x41ef25f8 bytes = 4096 mLatency = 92
D/SocketClient(  130): SocketClient sendDatalocked done: 401
D/SocketClient(  130): SocketClient sendDatalocked done: 
D/libc-netbsd(  549): getaddrinfo: pool.ntp.org NO result from proxy 
D/AudioMTKStreamOut(  138): write(), buffer = 0x41ef25f8 bytes = 4096 mLatency = 92
D/AudioMTKStreamOut(  138): write(), buffer = 0x41ef25f8 bytes = 4096 mLatency = 92
D/libc-netbsd(  549): res_queryN name = pool.ntp.org, class = 1, type = 1
D/AudioMTKStreamOut(  138): write(), buffer = 0x41ef25f8 bytes = 4096 mLatency = 92
D/AudioMTKStreamOut(  138): write(), buffer = 0x41ef25f8 bytes = 4096 mLatency = 92
D/AudioMTKStreamOut(  138): write(), buffer = 0x41ef25f8 bytes = 4096 mLatency = 92
D/AudioMTKStreamOut(  138): write(), buffer = 0x41ef25f8 bytes = 4096 mLatency = 92
D/AudioMTKStreamOut(  138): write(), buffer = 0x41ef25f8 bytes = 4096 mLatency = 92
D/AudioFlinger(  138): track 4099 u=00003022, s=00003000 [NOT READY] on thread 0x41ef2308
D/AudioFlinger(  138): BUFFER TIMEOUT:   track->mUnderrunCount++;(1) 
D/AudioFlinger(  138): threadLoop_sleepTime sleep time 23000
D/AudioFlinger(  138): getNextBuffer() no more data for track 4099 on thread 0x41ef2308
D/AudioMTKStreamOut(  138): write(), buffer = 0x41ef25f8 bytes = 4096 mLatency = 92
D/AudioFlinger(  138): stop(4099), calling pid 549
D/AudioFlinger(  138): not stopping/stopped => stopping/stopped (4099) on thread 0x41ef2308
D/AudioMTKPolicyManager(  138): stopOutput() output 2, stream 1, session 138
D/AudioMTKPolicyManager(  138): getNewDevice() selected device 0 output= 2
D/AudioMTKPolicyManager(  138): setOutputDevice() output 2 device 0000 delayMs 184
