D/AudioMTKStreamOut(  138): write(), buffer = 0x41ef25f8 bytes = 4096 mLatency = 92
D/AudioFlinger(  138): threadLoop_sleepTime write muted data to hw
D/AudioMTKStreamOut(  138): write(), buffer = 0x41ef25f8 bytes = 4096 mLatency = 92
D/InputReader(  549): AP_PROF:AppLaunch_dispatchPtr:Down:412555
I/AP_PROF (  549): unable to open /proc/mtprof/status entry
D/PowerManagerService(  549): userActivityFromNative
D/PowerManagerService(  549): userActivityNoUpdateLocked: eventTime=412555, event=2, flags=0x0, uid=1000
D/PowerManagerNotifier(  549): onUserActivity: event=2, uid=1000
D/PowerManagerService(  549): updateUserActivitySummaryLocked: mWakefulness=Awake, mUserActivitySummary=0x1, nextTimeout=465555 (in 52999 ms)
D/PowerManagerService(  549): newScreenState = 2
D/PowerManagerDisplayController(  549): requestPowerState: screenState=2, useProximitySensor=false, screenBrightness=102, screenAutoBrightnessAdjustment=0.0, useAutoBrightness=true, useEcoBrightness=false, blockScreenOn=false, waitForNegativeProximity=false
I/PowerManagerService(  549): setBrightness mButtonLight 0.
D/PowerManagerService(  549): updateScreenStateLocked: mDisplayReady=true, newScreenState=2, mWakefulness=1, mWakeLockSummary=0x1, mUserActivitySummary=0x1, mBootCompleted=true
D/PowerManagerService(  549): handleSandman: canDream=false, mWakefulness=Awake
D/AudioFlinger(  138): threadLoop_sleepTime write muted data to hw
D/AudioMTKStreamOut(  138): write(), buffer = 0x41ef25f8 bytes = 4096 mLatency = 92
D/AudioTrack(  549): audiotrack 0x569d7008 set Type 1, rate 44100, fmt 1, chn 3, fcnt 4096, flag 4
D/AudioTrack(  549): sched_setscheduler to rt, priority: 1
D/AudioFlinger(  138): createTrack() sessionId: 0
D/AudioFlinger(  138): createTrack() lSessionId: 148
D/AudioFlinger(  138): AUDIO_OUTPUT_FLAG_FAST denied: isTimed=0 sharedBuffer=0x0 frameCount=4096 mFrameCount=1024 format=1 isLinear=1 channelMask=0x3 sampleRate=44100 mSampleRate=44100 hasFastMixer=0 tid=2714 fastTrackAvailMask=0xfe
D/AudioFlinger(  138): Track constructor name 4099, calling pid 549
D/AudioFlinger(  138): acquiring 148 from 549
D/AudioFlinger(  138):  added new entry for 148
D/AudioTrack(  549): start 0x569d7008
D/AudioFlinger(  138): start(4099), calling pid 549 session 148
D/AudioFlinger(  138): ? => ACTIVE (4099) on thread 0x41ef6e40
D/AudioMTKPolicyManager(  138): startOutput() output 2, stream 1, session 148
D/AudioMTKPolicyManager(  138): getNewDevice() selected device 2 output= 2
D/AudioMTKPolicyManager(  138): setOutputDevice() output 2 device 0002 delayMs 0
D/AudioMTKPolicyManager(  138): checkDeviceMuteStrategies outputDesc = 0x41edb838 prevDevice = 2 delayMs = 0
D/AudioMTKPolicyManager(  138): setOutputDevice() setting same device 0002 or null device for output 2
D/AudioMTKPolicyManager(  138):  checkAndSetVolume stream = 1 index = 2 output = 2 device = 0x2 delayMs = 0 force = 0
D/AudioMTKPolicyManager(  138): getNewDevice() selected device 2 output= 2
D/AudioMTKPolicyManager(  138): computeCustomVolume OutputDevice == AudioSystem::DEVICE_OUT_SPEAKER
D/AudioFlinger(  138): mWaitWorkCV.broadcast
D/AudioTrack(  549): ~audioTrack 0x51963f08
D/AudioFlinger(  138): ~TrackHandle trackName=4097
D/AudioMTKPolicyManager(  138): releaseOutput() 2
D/AudioFlinger(  138): remove track (4097) and delete from mixer
D/AudioFlinger(  138): PlaybackThread::Track destructor
D/AudioFlinger(  138): releasing 147 from 549
D/AudioFlinger(  138):  decremented refcount to 0
D/AudioFlinger(  138): +purging stale effects
D/AudioFlinger(  138): -purging stale effects
W/SignalStrength(  714): vanzo, orign asu = 12
W/SignalStrength(  714): vanzo, lastAsuArray[0]=13
W/SignalStrength(  714): vanzo, lastAsuArray[1]=12
W/SignalStrength(  714): vanzo, lastAsuArray[2]=12
W/SignalStrength(  714): vanzo, new asu = 12
W/SignalStrength(  549): vanzo, orign asu = 12
W/SignalStrength(  549): vanzo, lastAsuArray[0]=12
W/SignalStrength(  549): vanzo, lastAsuArray[1]=13
W/SignalStrength(  549): vanzo, lastAsuArray[2]=12
W/SignalStrength(  549): vanzo, new asu = 12
D/AudioMTKStreamOut(  138): write(), buffer = 0x41ef25f8 bytes = 4096 mLatency = 92
D/NetworkControllerGemini(  652): PhoneStateListener:onSignalStrengthsChanged, sim0 before.
W/SignalStrength(  652): vanzo, orign asu = 12
W/SignalStrength(  652): vanzo, lastAsuArray[0]=13
W/SignalStrength(  652): vanzo, lastAsuArray[1]=12
W/SignalStrength(  652): vanzo, lastAsuArray[2]=13
W/SignalStrength(  652): vanzo, new asu = 12
D/NetworkControllerGemini(  652): PhoneStateListener:onSignalStrengthsChanged, signalStrength=4
D/NetworkControllerGemini(  652): updateDataNetType(0), DataNetType=2.
D/SIMHelper(  652): isSimInserted(0), SimInserted=true
D/NetworkControllerGemini(  652): updateDataNetType(0), simColorId=1
V/ActivityManager(  549): Broadcast sticky: Intent { act=android.intent.action.SIG_STR flg=0x10 (has extras) } ordered=false userid=-1 callerApp=ProcessRecord{416be7d0 549:system/1000}
D/PhoneInterfaceManager(  714): isNetworkRoaming simId=0
D/SIMHelper(  652): isSimInserted(0), SimInserted=true
D/NetworkControllerGemini(  652): updateDataNetType(0), DataNetType3G=Type_G tempDataTypeIconId= 2130837898.
D/SIMHelper(  652): isSimInserted(0), SimInserted=true
D/NetworkControllerGemini(  652): updateTelephonySignalStrength(0), regState=1
D/Bluetooth HS/HF(  714): [BT][HFG] [API] mStateReceiver.onReceive(android.intent.action.SIG_STR)
D/NetworkControllerGemini(  652): updateTelephonySignalStrength(0), hasService=true
W/SignalStrength(  652): vanzo, orign asu = 12
W/SignalStrength(  652): vanzo, lastAsuArray[0]=13
W/SignalStrength(  652): vanzo, lastAsuArray[1]=12
D/Bluetooth HS/HF(  714): [BT][HFG] [API] mHandler.handleMessage(10)
W/SignalStrength(  652): vanzo, lastAsuArray[2]=12
W/SignalStrength(  652): vanzo, new asu = 12
D/PhoneInterfaceManager(  714): isNetworkRoaming simId=0
D/NetworkControllerGemini(  652): updateTelephonySignalStrength(0), isRoaming=false, mInetCondition=0
D/SIMHelper(  652): isSimInserted(0), SimInserted=true
D/NetworkControllerGemini(  652): updateTelephonySignalStrength(0), simColorId=1
D/NetworkControllerGemini(  652): updateTelephonySignalStrength(0), tempDataNetType = Type_G , simColorId=1  tempPhoneSignalIconId[0] = 2130837958  tempPhoneSignalIconId[1] = 0
D/NetworkControllerGemini(  652):  updateTelephonySignalStrength(0) tempSIMCUSignVisible= true
D/NetworkControllerGemini(  652): refreshViews(0), DataConnected=true
D/SIMHelper(  652): isSimInserted(0), SimInserted=true
D/NetworkControllerGemini(  652): refreshViews(0) simColorId = 1
D/NetworkControllerGemini(  652): refreshViews(0), mMobileActivityIconId=0
D/NetworkControllerGemini(  652): refreshViews(0), mMobileActivityIconId=0
D/SignalClusterViewGemini(  652): setRoamingFlagandResource(0), roaming=false, roamingId=0
D/SignalClusterViewGemini(  652): setRoamingFlagandResource(1), roaming=false, roamingId=0
D/SignalClusterViewGemini(  652): setShowSimIndicator(0), showSimIndicator=false simIndicatorResource = 0
D/SignalClusterViewGemini(  652): setDataNetType3G(0), dataNetType=Type_G
D/SignalClusterViewGemini(  652): apply(), mWifiVisible is false
D/SIMHelper(  652): isSimInserted(0), SimInserted=true
D/SIMHelper(  652): isSimInserted(0), SimInserted=true
D/SignalClusterViewGemini(  652): apply(), slotId=0, mMobileVisible=true, mShouldMobileGroupVisible=true
D/SignalClusterViewGemini(  652): apply(), slotId=0, mRoaming=false mMobileActivityId=0 mMobileTypeId=2130837898 mMobileStrengthId[0] = 2130837958 mMobileStrengthId[1] = 0
D/TelephonyManagerEx(  652): getDataState simId=0
D/SIMHelper(  652): isSimInserted(0), SimInserted=true
D/SIMHelper(  652): isSimInserted(0), SimInserted=true
D/SignalClusterViewGemini(  652): apply(), slot=0, mDataNetType=Type_G resId= 0 simColorId = 1
D/SignalClusterViewGemini(  652): apply(). mIsAirplaneMode is false
D/SIMHelper(  652): isSimInserted(1), SimInserted=false
D/SignalClusterViewGemini(  652): apply(), slotId=1, mMobileVisible=true, mShouldMobileGroupVisible=false
D/SignalClusterViewGemini(  652): apply(). mIsAirplaneMode is false
D/NetworkControllerGemini(  652): PhoneStateListener:onSignalStrengthsChanged, sim0 after.
D/AudioMTKStreamOut(  138): write(), buffer = 0x41ef25f8 bytes = 4096 mLatency = 92
D/AudioMTKStreamOut(  138): write(), buffer = 0x41ef25f8 bytes = 4096 mLatency = 92
I/BufferQueue(  134): [unnamed-134-119](this:0x42789e28,api:0) BufferQueue
I/BufferQueue(  134): [unnamed-134-119](this:0x42789e28,api:0) consumerConnect
I/BufferQueue(  134): [unnamed-134-119](this:0x42789e28,api:0) setConsumerName: unnamed-134-119
I/SurfaceTexture(  134): [unnamed-134-119](this:0x41e66570,api:0) SurfaceTexture
I/BufferQueue(  134): [unnamed-134-119](this:0x42789e28,api:0) setSynchronousMode: enabled=1
I/BufferQueue(  134): [unnamed-134-119](this:0x42789e28,api:0) setDefaultBufferSize: w=1, h=1
I/BufferQueue(  134): [PopupWindow:41534508](this:0x42789e28,api:0) setConsumerName: PopupWindow:41534508
D/KeyguardViewMediator(  549): setHidden false
D/KeyguardUpdateMonitor(  549): sendKeyguardVisibilityChanged(true)
D/KeyguardUpdateMonitor(  549): handleKeyguardVisibilityChanged(1)
D/KeyguardViewMediator(  549): handleMessage enter msg name=SET_HIDDEN
D/KeyguardViewMediator(  549): handleMessage exit msg name=SET_HIDDEN
I/BufferQueue(  134): [PopupWindow:41534508](this:0x42789e28,api:0) setDefaultBufferSize: w=125, h=120
I/BufferQueue(  134): [PopupWindow:41534508](this:0x42789e28,api:0) connect: api=2
I/BufferQueue(  134): [PopupWindow:41534508](this:0x42789e28,api:2) setSynchronousMode: enabled=1
I/BufferQueue(  134): [PopupWindow:41534508](this:0x42789e28,api:2) new GraphicBuffer needed
D/BufferQueue(  134):     [OLD] gb:NULL
I/GraphicBuffer(  134): allocate buffer (w:128 h:120 f:1) err(0)
I/BufferQueue(  134):     [NEW] gb=0x418bd698, handle=0x41e66ec0, w=125, h=120, s=128, fmt=1
V/WindowManager(  549): IWindow finishDrawing called for android.view.IWindow$Stub$Proxy@4160c768
D/KeyguardViewMediator(  549): setHidden false
D/KeyguardUpdateMonitor(  549): sendKeyguardVisibilityChanged(true)
D/KeyguardUpdateMonitor(  549): handleKeyguardVisibilityChanged(1)
D/KeyguardViewMediator(  549): handleMessage enter msg name=SET_HIDDEN
D/KeyguardViewMediator(  549): handleMessage exit msg name=SET_HIDDEN
I/SurfaceTexture(  134): [PopupWindow:41534508](this:0x41e66570,api:2) [void* android::SurfaceTexture::createImage(EGLDisplay, const android::sp<android::GraphicBuffer>&)]
D/SurfaceTexture(  134):     GraphicBuffer: gb=0x418bd698 handle=0x41e66ec0
D/SurfaceTexture(  134):     EGLImage: dpy=0x1, img=0x1000000b
V/WindowManager(  549): IWindow finishDrawing called for android.view.IWindow$Stub$Proxy@41604db0
D/AudioMTKStreamOut(  138): write(), buffer = 0x41ef25f8 bytes = 4096 mLatency = 92
D/AudioFlinger(  138): track 4099 u=00001176, s=00001000 [NOT READY] on thread 0x41ef2308
D/AudioFlinger(  138): BUFFER TIMEOUT:   track->mUnderrunCount++;(1) 
D/AudioFlinger(  138): threadLoop_sleepTime sleep time 23000
D/InputReader(  549): AP_PROF:AppLaunch_dispatchPtr:Up:412648
D/AudioFlinger(  138): getNextBuffer() no more data for track 4099 on thread 0x41ef2308
D/AudioMTKStreamOut(  138): write(), buffer = 0x41ef25f8 bytes = 4096 mLatency = 92
D/AudioFlinger(  138): stop(4099), calling pid 549
D/AudioFlinger(  138): not stopping/stopped => stopping/stopped (4099) on thread 0x41ef2308
D/AudioMTKPolicyManager(  138): stopOutput() output 2, stream 1, session 148
D/AudioMTKPolicyManager(  138): getNewDevice() selected device 0 output= 2
D/AudioMTKPolicyManager(  138): setOutputDevice() output 2 device 0000 delayMs 184
D/AudioMTKPolicyManager(  138): checkDeviceMuteStrategies outputDesc = 0x41edb838 prevDevice = 2 delayMs = 184
D/AudioMTKPolicyManager(  138): setOutputDevice() setting same device 0000 or null device for output 2
D/AudioTrack(  549): audiotrack 0x569d7008 stop done
D/AudioFlinger(  138): track 4099 u=00001176, s=00001176 [NOT READY] on thread 0x41ef2308
D/AudioFlinger(  138): presentationComplete() reset: mPresentationCompleteFrames 832473 audioHalFrames 4057
D/AudioFlinger(  138): track 4099 u=00001176, s=00001176 [NOT READY] on thread 0x41ef2308
D/AudioFlinger(  138): threadLoop_sleepTime write muted data to hw
D/AudioMTKStreamOut(  138): write(), buffer = 0x41ef25f8 bytes = 4096 mLatency = 92
D/AudioFlinger(  138): track 4099 u=00001176, s=00001176 [NOT READY] on thread 0x41ef2308
D/AudioFlinger(  138): track 4099 u=00001176, s=00001176 [NOT READY] on thread 0x41ef2308
D/AudioFlinger(  138): presentationComplete() session 148 complete: framesWritten 832512
D/AudioFlinger(  138): TrackBase::reset
D/AudioFlinger(  138): threadLoop_sleepTime write muted data to hw
D/AudioMTKStreamOut(  138): write(), buffer = 0x41ef25f8 bytes = 4096 mLatency = 92
I/BufferQueue(  134): [PopupWindow:41534508](this:0x42789e28,api:2) disconnect: api=2
I/SurfaceTexture(  134): [PopupWindow:41534508] [virtual android::status_t android::SurfaceTexture::forceAuxConversionLocked()] mCurrentTexture:0, mCurrentBuf:0x418bd698
I/BufferQueue(  134): [PopupWindow:41534508](this:0x42789e28,api:0) getReleasedBuffers: returning mask 0xffffffff
I/SurfaceTexture(  134): [PopupWindow:41534508](this:0x41e66570,api:0) destroying EGLImage dpy=0x1 img=0x1000000b
D/KeyguardViewMediator(  549): setHidden false
D/KeyguardUpdateMonitor(  549): sendKeyguardVisibilityChanged(true)
D/KeyguardUpdateMonitor(  549): handleKeyguardVisibilityChanged(1)
D/KeyguardViewMediator(  549): handleMessage enter msg name=SET_HIDDEN
D/KeyguardViewMediator(  549): handleMessage exit msg name=SET_HIDDEN
D/IPCThreadState(  549): [DN #5] BR_CLEAR_DEATH_NOTIFICATION_DONE cookie 0x56ac50c0
I/BufferQueue(  134): [PopupWindow:41534508](this:0x42789e28,api:0) consumerDisconnect
I/BufferQueue(  134): [PopupWindow:41534508](this:0x42789e28,api:0) ~BufferQueue
D/AudioFlinger(  138): threadLoop_sleepTime write muted data to hw
D/AudioMTKStreamOut(  138): write(), buffer = 0x41ef25f8 bytes = 4096 mLatency = 92
D/AudioFlinger(  138): threadLoop_sleepTime write muted data to hw
D/AudioMTKStreamOut(  138): write(), buffer = 0x41ef25f8 bytes = 4096 mLatency = 92
D/AudioFlinger(  138): threadLoop_sleepTime write muted data to hw
D/AudioMTKStreamOut(  138): write(), buffer = 0x41ef25f8 bytes = 4096 mLatency = 92
D/AudioFlinger(  138): threadLoop_sleepTime write muted data to hw
D/AudioMTKStreamOut(  138): write(), buffer = 0x41ef25f8 bytes = 4096 mLatency = 92
V/Provider/Settings(  714):  from settings cache , name = pdp_watchdog_poll_interval_ms , value = null
D/AudioFlinger(  138): threadLoop_sleepTime write muted data to hw
D/AudioMTKStreamOut(  138): write(), buffer = 0x41ef25f8 bytes = 4096 mLatency = 92
D/AudioFlinger(  138): threadLoop_sleepTime write muted data to hw
D/AudioMTKStreamOut(  138): write(), buffer = 0x41ef25f8 bytes = 4096 mLatency = 92
D/AudioFlinger(  138): threadLoop_sleepTime write muted data to hw
D/AudioMTKStreamOut(  138): write(), buffer = 0x41ef25f8 bytes = 4096 mLatency = 92
D/AudioFlinger(  138): threadLoop_sleepTime write muted data to hw
D/AudioMTKStreamOut(  138): write(), buffer = 0x41ef25f8 bytes = 4096 mLatency = 92
D/AudioFlinger(  138): threadLoop_sleepTime write muted data to hw
D/AudioMTKStreamOut(  138): write(), buffer = 0x41ef25f8 bytes = 4096 mLatency = 92
D/AudioFlinger(  138): threadLoop_sleepTime write muted data to hw
D/AudioMTKStreamOut(  138): write(), buffer = 0x41ef25f8 bytes = 4096 mLatency = 92
D/AudioFlinger(  138): threadLoop_sleepTime write muted data to hw
D/AudioMTKStreamOut(  138): write(), buffer = 0x41ef25f8 bytes = 4096 mLatency = 92
D/AudioFlinger(  138): threadLoop_sleepTime write muted data to hw
D/AudioMTKStreamOut(  138): write(), buffer = 0x41ef25f8 bytes = 4096 mLatency = 92
D/AudioFlinger(  138): threadLoop_sleepTime write muted data to hw
D/AudioMTKStreamOut(  138): write(), buffer = 0x41ef25f8 bytes = 4096 mLatency = 92
D/AudioFlinger(  138): threadLoop_sleepTime write muted data to hw
D/AudioMTKStreamOut(  138): write(), buffer = 0x41ef25f8 bytes = 4096 mLatency = 92
D/InputReader(  549): AP_PROF:AppLaunch_dispatchPtr:Down:413035
I/AP_PROF (  549): unable to open /proc/mtprof/status entry
D/AudioTrack(  549): audiotrack 0x56a47108 set Type 1, rate 44100, fmt 1, chn 3, fcnt 4096, flag 4
D/AudioFlinger(  138): createTrack() sessionId: 0
D/AudioTrack(  549): sched_setscheduler to rt, priority: 1
D/AudioFlinger(  138): createTrack() lSessionId: 149
D/AudioFlinger(  138): AUDIO_OUTPUT_FLAG_FAST denied: isTimed=0 sharedBuffer=0x0 frameCount=4096 mFrameCount=1024 format=1 isLinear=1 channelMask=0x3 sampleRate=44100 mSampleRate=44100 hasFastMixer=0 tid=2715 fastTrackAvailMask=0xfe
D/AudioFlinger(  138): Track constructor name 4097, calling pid 549
D/AudioFlinger(  138): acquiring 149 from 549
D/AudioFlinger(  138):  added new entry for 149
D/AudioTrack(  549): start 0x56a47108
D/AudioFlinger(  138): start(4097), calling pid 549 session 149
D/AudioFlinger(  138): ? => ACTIVE (4097) on thread 0x41e42910
D/AudioMTKPolicyManager(  138): startOutput() output 2, stream 1, session 149
D/AudioMTKPolicyManager(  138): getNewDevice() selected device 2 output= 2
D/AudioMTKPolicyManager(  138): setOutputDevice() output 2 device 0002 delayMs 0
D/AudioMTKPolicyManager(  138): checkDeviceMuteStrategies outputDesc = 0x41edb838 prevDevice = 2 delayMs = 0
D/AudioMTKPolicyManager(  138): setOutputDevice() setting same device 0002 or null device for output 2
D/AudioMTKPolicyManager(  138):  checkAndSetVolume stream = 1 index = 2 output = 2 device = 0x2 delayMs = 0 force = 0
D/AudioMTKPolicyManager(  138): getNewDevice() selected device 2 output= 2
D/AudioMTKPolicyManager(  138): computeCustomVolume OutputDevice == AudioSystem::DEVICE_OUT_SPEAKER
D/AudioFlinger(  138): mWaitWorkCV.broadcast
D/AudioTrack(  549): ~audioTrack 0x569d7008
D/AudioFlinger(  138): releasing 148 from 549
D/AudioFlinger(  138):  decremented refcount to 0
D/AudioFlinger(  138): +purging stale effects
D/AudioFlinger(  138): -purging stale effects
D/AudioFlinger(  138): ~TrackHandle trackName=4099
D/AudioMTKPolicyManager(  138): releaseOutput() 2
D/AudioFlinger(  138): remove track (4099) and delete from mixer
D/AudioFlinger(  138): PlaybackThread::Track destructor
D/AudioMTKStreamOut(  138): write(), buffer = 0x41ef25f8 bytes = 4096 mLatency = 92
D/AudioMTKStreamOut(  138): write(), buffer = 0x41ef25f8 bytes = 4096 mLatency = 92
D/PowerManagerService(  549): userActivityFromNative
I/SurfaceTextureClient(  732): [STC::queueBuffer] (this:0x519361c8) fps:3.76, dur:1063.47, max:446.73, min:80.33
D/PowerManagerService(  549): userActivityNoUpdateLocked: eventTime=413067, event=2, flags=0x0, uid=1000
D/PowerManagerNotifier(  549): onUserActivity: event=2, uid=1000
I/BufferQueue(  134): [InputMethod](this:0x418b67d8,api:2) [queue] fps:3.76, dur:1063.51, max:446.59, min:80.28
D/PowerManagerService(  549): updateUserActivitySummaryLocked: mWakefulness=Awake, mUserActivitySummary=0x1, nextTimeout=466067 (in 52999 ms)
D/PowerManagerService(  549): newScreenState = 2
D/PowerManagerDisplayController(  549): requestPowerState: screenState=2, useProximitySensor=false, screenBrightness=102, screenAutoBrightnessAdjustment=0.0, useAutoBrightness=true, useEcoBrightness=false, blockScreenOn=false, waitForNegativeProximity=false
I/PowerManagerService(  549): setBrightness mButtonLight 0.
D/PowerManagerService(  549): updateScreenStateLocked: mDisplayReady=true, newScreenState=2, mWakefulness=1, mWakeLockSummary=0x1, mUserActivitySummary=0x1, mBootCompleted=true
D/PowerManagerService(  549): handleSandman: canDream=false, mWakefulness=Awake
I/BufferQueue(  134): [InputMethod](this:0x418b67d8,api:2) [release] fps:3.76, dur:1063.28, max:437.79, min:78.19
I/SurfaceFlinger(  134): [SurfaceFlinger] fps:13.167602,dur:1063.22,max:389.98,min:15.49
I/SurfaceTextureClient(  134): [STC::queueBuffer] (this:0x413e76f0) fps:13.16, dur:1063.94, max:389.54, min:15.06
I/BufferQueue(  134): [unnamed-134-120](this:0x42789e28,api:0) BufferQueue
I/BufferQueue(  134): [FramebufferSurface](this:0x41428008,api:1) [release] fps:13.16, dur:1063.93, max:389.53, min:15.06
I/BufferQueue(  134): [unnamed-134-120](this:0x42789e28,api:0) consumerConnect
I/BufferQueue(  134): [unnamed-134-120](this:0x42789e28,api:0) setConsumerName: unnamed-134-120
I/SurfaceTexture(  134): [unnamed-134-120](this:0x41e66570,api:0) SurfaceTexture
I/BufferQueue(  134): [unnamed-134-120](this:0x42789e28,api:0) setSynchronousMode: enabled=1
I/BufferQueue(  134): [unnamed-134-120](this:0x42789e28,api:0) setDefaultBufferSize: w=1, h=1
I/BufferQueue(  134): [PopupWindow:41534508](this:0x42789e28,api:0) setConsumerName: PopupWindow:41534508
D/KeyguardViewMediator(  549): setHidden false
D/KeyguardUpdateMonitor(  549): sendKeyguardVisibilityChanged(true)
D/KeyguardUpdateMonitor(  549): handleKeyguardVisibilityChanged(1)
D/KeyguardViewMediator(  549): handleMessage enter msg name=SET_HIDDEN
D/KeyguardViewMediator(  549): handleMessage exit msg name=SET_HIDDEN
I/BufferQueue(  134): [FramebufferSurface](this:0x41428008,api:1) [queue] fps:13.17, dur:1063.29, max:390.94, min:15.48
I/BufferQueue(  134): [PopupWindow:41534508](this:0x42789e28,api:0) setDefaultBufferSize: w=125, h=120
D/AudioMTKStreamOut(  138): write(), buffer = 0x41ef25f8 bytes = 4096 mLatency = 92
D/AudioMTKStreamOut(  138): write(), buffer = 0x41ef25f8 bytes = 4096 mLatency = 92
I/BufferQueue(  134): [PopupWindow:41534508](this:0x42789e28,api:0) connect: api=2
I/BufferQueue(  134): [PopupWindow:41534508](this:0x42789e28,api:2) setSynchronousMode: enabled=1
I/BufferQueue(  134): [PopupWindow:41534508](this:0x42789e28,api:2) new GraphicBuffer needed
D/BufferQueue(  134):     [OLD] gb:NULL
I/GraphicBuffer(  134): allocate buffer (w:128 h:120 f:1) err(0)
I/BufferQueue(  134):     [NEW] gb=0x41e68be8, handle=0x42793ac8, w=125, h=120, s=128, fmt=1
V/WindowManager(  549): IWindow finishDrawing called for android.view.IWindow$Stub$Proxy@415d9d48
D/KeyguardViewMediator(  549): setHidden false
D/KeyguardUpdateMonitor(  549): sendKeyguardVisibilityChanged(true)
D/KeyguardUpdateMonitor(  549): handleKeyguardVisibilityChanged(1)
D/KeyguardViewMediator(  549): handleMessage enter msg name=SET_HIDDEN
D/KeyguardViewMediator(  549): handleMessage exit msg name=SET_HIDDEN
I/SurfaceTexture(  134): [PopupWindow:41534508](this:0x41e66570,api:2) [void* android::SurfaceTexture::createImage(EGLDisplay, const android::sp<android::GraphicBuffer>&)]
D/SurfaceTexture(  134):     GraphicBuffer: gb=0x41e68be8 handle=0x42793ac8
D/SurfaceTexture(  134):     EGLImage: dpy=0x1, img=0x1000000b
D/AudioFlinger(  138): track 4097 u=00001176, s=00001000 [NOT READY] on thread 0x41ef2308
D/AudioFlinger(  138): BUFFER TIMEOUT:   track->mUnderrunCount++;(1) 
D/AudioFlinger(  138): threadLoop_sleepTime sleep time 23000
D/AudioFlinger(  138): getNextBuffer() no more data for track 4097 on thread 0x41ef2308
D/AudioMTKStreamOut(  138): write(), buffer = 0x41ef25f8 bytes = 4096 mLatency = 92
D/AudioFlinger(  138): track 4097 u=00001176, s=00001176 [NOT READY] on thread 0x41ef2308
D/AudioFlinger(  138): BUFFER TIMEOUT:   track->mUnderrunCount++;(3) 
D/AudioFlinger(  138): threadLoop_sleepTime sleep time 11500
D/AudioFlinger(  138): stop(4097), calling pid 549
D/AudioFlinger(  138): not stopping/stopped => stopping/stopped (4097) on thread 0x41ef2308
D/AudioMTKPolicyManager(  138): stopOutput() output 2, stream 1, session 149
D/AudioMTKPolicyManager(  138): getNewDevice() selected device 0 output= 2
D/AudioMTKPolicyManager(  138): setOutputDevice() output 2 device 0000 delayMs 184
D/AudioMTKPolicyManager(  138): checkDeviceMuteStrategies outputDesc = 0x41edb838 prevDevice = 2 delayMs = 184
D/AudioMTKPolicyManager(  138): setOutputDevice() setting same device 0000 or null device for output 2
D/AudioTrack(  549): audiotrack 0x56a47108 stop done
D/AudioFlinger(  138): track 4097 u=00001176, s=00001176 [NOT READY] on thread 0x41ef2308
D/AudioFlinger(  138): presentationComplete() reset: mPresentationCompleteFrames 857049 audioHalFrames 4057
D/AudioFlinger(  138): threadLoop_sleepTime write muted data to hw
D/AudioMTKStreamOut(  138): write(), buffer = 0x41ef25f8 bytes = 4096 mLatency = 92
D/AudioFlinger(  138): track 4097 u=00001176, s=00001176 [NOT READY] on thread 0x41ef2308
D/InputReader(  549): AP_PROF:AppLaunch_dispatchPtr:Up:413205
D/AudioFlinger(  138): track 4097 u=00001176, s=00001176 [NOT READY] on thread 0x41ef2308
D/AudioFlinger(  138): threadLoop_sleepTime write muted data to hw
D/AudioMTKStreamOut(  138): write(), buffer = 0x41ef25f8 bytes = 4096 mLatency = 92
D/AudioFlinger(  138): track 4097 u=00001176, s=00001176 [NOT READY] on thread 0x41ef2308
D/AudioFlinger(  138): presentationComplete() session 149 complete: framesWritten 858112
D/AudioFlinger(  138): TrackBase::reset
D/AudioFlinger(  138): threadLoop_sleepTime write muted data to hw
D/AudioMTKStreamOut(  138): write(), buffer = 0x41ef25f8 bytes = 4096 mLatency = 92
I/SurfaceTextureClient( 2303): [STC::queueBuffer] (this:0x52ed2938) fps:1.85, dur:1079.44, max:547.91, min:531.53
I/BufferQueue(  134): [jackpal.androidterm/jackpal.androidterm.Term](this:0x418bbfd0,api:1) [queue] fps:1.85, dur:1079.34, max:548.01, min:531.33
I/BufferQueue(  134): [jackpal.androidterm/jackpal.androidterm.Term](this:0x418bbfd0,api:1) [release] fps:1.85, dur:1078.95, max:547.29, min:531.66
D/AudioFlinger(  138): threadLoop_sleepTime write muted data to hw
D/AudioMTKStreamOut(  138): write(), buffer = 0x41ef25f8 bytes = 4096 mLatency = 92
D/AudioFlinger(  138): threadLoop_sleepTime write muted data to hw
D/AudioMTKStreamOut(  138): write(), buffer = 0x41ef25f8 bytes = 4096 mLatency = 92
I/BufferQueue(  134): [PopupWindow:41534508](this:0x42789e28,api:2) disconnect: api=2
I/SurfaceTexture(  134): [PopupWindow:41534508] [virtual android::status_t android::SurfaceTexture::forceAuxConversionLocked()] mCurrentTexture:0, mCurrentBuf:0x41e68be8
I/BufferQueue(  134): [PopupWindow:41534508](this:0x42789e28,api:0) getReleasedBuffers: returning mask 0xffffffff
I/SurfaceTexture(  134): [PopupWindow:41534508](this:0x41e66570,api:0) destroying EGLImage dpy=0x1 img=0x1000000b
D/KeyguardViewMediator(  549): setHidden false
D/KeyguardUpdateMonitor(  549): sendKeyguardVisibilityChanged(true)
D/KeyguardUpdateMonitor(  549): handleKeyguardVisibilityChanged(1)
D/KeyguardViewMediator(  549): handleMessage enter msg name=SET_HIDDEN
D/KeyguardViewMediator(  549): handleMessage exit msg name=SET_HIDDEN
D/IPCThreadState(  549): [DN #5] BR_CLEAR_DEATH_NOTIFICATION_DONE cookie 0x577ffbf8
I/BufferQueue(  134): [PopupWindow:41534508](this:0x42789e28,api:0) consumerDisconnect
I/BufferQueue(  134): [PopupWindow:41534508](this:0x42789e28,api:0) ~BufferQueue
D/AudioFlinger(  138): threadLoop_sleepTime write muted data to hw
D/AudioMTKStreamOut(  138): write(), buffer = 0x41ef25f8 bytes = 4096 mLatency = 92
D/AudioFlinger(  138): threadLoop_sleepTime write muted data to hw
D/AudioMTKStreamOut(  138): write(), buffer = 0x41ef25f8 bytes = 4096 mLatency = 92
D/AudioFlinger(  138): threadLoop_sleepTime write muted data to hw
D/AudioMTKStreamOut(  138): write(), buffer = 0x41ef25f8 bytes = 4096 mLatency = 92
D/AudioFlinger(  138): threadLoop_sleepTime write muted data to hw
D/AudioMTKStreamOut(  138): write(), buffer = 0x41ef25f8 bytes = 4096 mLatency = 92
D/AudioFlinger(  138): threadLoop_sleepTime write muted data to hw
D/AudioMTKStreamOut(  138): write(), buffer = 0x41ef25f8 bytes = 4096 mLatency = 92
D/AudioFlinger(  138): threadLoop_sleepTime write muted data to hw
D/AudioMTKStreamOut(  138): write(), buffer = 0x41ef25f8 bytes = 4096 mLatency = 92
D/AudioFlinger(  138): threadLoop_sleepTime write muted data to hw
D/AudioMTKStreamOut(  138): write(), buffer = 0x41ef25f8 bytes = 4096 mLatency = 92
D/AudioFlinger(  138): threadLoop_sleepTime write muted data to hw
D/AudioMTKStreamOut(  138): write(), buffer = 0x41ef25f8 bytes = 4096 mLatency = 92
D/AudioFlinger(  138): threadLoop_sleepTime write muted data to hw
D/AudioMTKStreamOut(  138): write(), buffer = 0x41ef25f8 bytes = 4096 mLatency = 92
D/AudioFlinger(  138): threadLoop_sleepTime write muted data to hw
D/AudioMTKStreamOut(  138): write(), buffer = 0x41ef25f8 bytes = 4096 mLatency = 92
D/AudioFlinger(  138): threadLoop_sleepTime write muted data to hw
D/AudioMTKStreamOut(  138): write(), buffer = 0x41ef25f8 bytes = 4096 mLatency = 92
D/AudioFlinger(  138): threadLoop_sleepTime write muted data to hw
D/AudioMTKStreamOut(  138): write(), buffer = 0x41ef25f8 bytes = 4096 mLatency = 92
D/AudioFlinger(  138): threadLoop_sleepTime write muted data to hw
D/AudioMTKStreamOut(  138): write(), buffer = 0x41ef25f8 bytes = 4096 mLatency = 92
D/AudioFlinger(  138): threadLoop_sleepTime write muted data to hw
D/AudioMTKStreamOut(  138): write(), buffer = 0x41ef25f8 bytes = 4096 mLatency = 92
D/AudioFlinger(  138): threadLoop_sleepTime write muted data to hw
D/AudioMTKStreamOut(  138): write(), buffer = 0x41ef25f8 bytes = 4096 mLatency = 92
D/AudioFlinger(  138): threadLoop_sleepTime write muted data to hw
D/AudioMTKStreamOut(  138): write(), buffer = 0x41ef25f8 bytes = 4096 mLatency = 92
D/InputReader(  549): AP_PROF:AppLaunch_dispatchPtr:Down:413670
I/AP_PROF (  549): unable to open /proc/mtprof/status entry
D/PowerManagerService(  549): userActivityFromNative
D/PowerManagerService(  549): userActivityNoUpdateLocked: eventTime=413670, event=2, flags=0x0, uid=1000
D/PowerManagerNotifier(  549): onUserActivity: event=2, uid=1000
D/PowerManagerService(  549): updateUserActivitySummaryLocked: mWakefulness=Awake, mUserActivitySummary=0x1, nextTimeout=466670 (in 52999 ms)
D/PowerManagerService(  549): newScreenState = 2
D/PowerManagerDisplayController(  549): requestPowerState: screenState=2, useProximitySensor=false, screenBrightness=102, screenAutoBrightnessAdjustment=0.0, useAutoBrightness=true, useEcoBrightness=false, blockScreenOn=false, waitForNegativeProximity=false
I/PowerManagerService(  549): setBrightness mButtonLight 0.
D/PowerManagerService(  549): updateScreenStateLocked: mDisplayReady=true, newScreenState=2, mWakefulness=1, mWakeLockSummary=0x1, mUserActivitySummary=0x1, mBootCompleted=true
D/PowerManagerService(  549): handleSandman: canDream=false, mWakefulness=Awake
D/AudioFlinger(  138): threadLoop_sleepTime write muted data to hw
D/AudioMTKStreamOut(  138): write(), buffer = 0x41ef25f8 bytes = 4096 mLatency = 92
D/AudioTrack(  549): audiotrack 0x568790f0 set Type 1, rate 44100, fmt 1, chn 3, fcnt 4096, flag 4
D/AudioFlinger(  138): createTrack() sessionId: 0
D/AudioFlinger(  138): createTrack() lSessionId: 150
D/AudioFlinger(  138): AUDIO_OUTPUT_FLAG_FAST denied: isTimed=0 sharedBuffer=0x0 frameCount=4096 mFrameCount=1024 format=1 isLinear=1 channelMask=0x3 sampleRate=44100 mSampleRate=44100 hasFastMixer=0 tid=2716 fastTrackAvailMask=0xfe
D/AudioFlinger(  138): Track constructor name 4099, calling pid 549
D/AudioFlinger(  138): acquiring 150 from 549
D/AudioFlinger(  138):  added new entry for 150
D/AudioTrack(  549): start 0x568790f0
D/AudioFlinger(  138): start(4099), calling pid 549 session 150
D/AudioFlinger(  138): ? => ACTIVE (4099) on thread 0x41ef6e40
D/AudioMTKPolicyManager(  138): startOutput() output 2, stream 1, session 150
D/AudioMTKPolicyManager(  138): getNewDevice() selected device 2 output= 2
D/AudioMTKPolicyManager(  138): setOutputDevice() output 2 device 0002 delayMs 0
D/AudioMTKPolicyManager(  138): checkDeviceMuteStrategies outputDesc = 0x41edb838 prevDevice = 2 delayMs = 0
D/AudioMTKPolicyManager(  138): setOutputDevice() setting same device 0002 or null device for output 2
D/AudioMTKPolicyManager(  138):  checkAndSetVolume stream = 1 index = 2 output = 2 device = 0x2 delayMs = 0 force = 0
D/AudioMTKPolicyManager(  138): getNewDevice() selected device 2 output= 2
D/AudioMTKPolicyManager(  138): computeCustomVolume OutputDevice == AudioSystem::DEVICE_OUT_SPEAKER
D/AudioFlinger(  138): mWaitWorkCV.broadcast
D/AudioTrack(  549): ~audioTrack 0x56a47108
D/AudioFlinger(  138): releasing 149 from 549
D/AudioFlinger(  138):  decremented refcount to 0
D/AudioFlinger(  138): +purging stale effects
D/AudioFlinger(  138): -purging stale effects
D/AudioFlinger(  138): ~TrackHandle trackName=4097
D/AudioMTKPolicyManager(  138): releaseOutput() 2
D/AudioFlinger(  138): remove track (4097) and delete from mixer
D/AudioFlinger(  138): PlaybackThread::Track destructor
D/AudioTrack(  549): sched_setscheduler to rt, priority: 1
D/AudioMTKStreamOut(  138): write(), buffer = 0x41ef25f8 bytes = 4096 mLatency = 92
I/BufferQueue(  134): [unnamed-134-121](this:0x42789e28,api:0) BufferQueue
I/BufferQueue(  134): [unnamed-134-121](this:0x42789e28,api:0) consumerConnect
I/BufferQueue(  134): [unnamed-134-121](this:0x42789e28,api:0) setConsumerName: unnamed-134-121
I/SurfaceTexture(  134): [unnamed-134-121](this:0x41e66570,api:0) SurfaceTexture
I/BufferQueue(  134): [unnamed-134-121](this:0x42789e28,api:0) setSynchronousMode: enabled=1
I/BufferQueue(  134): [unnamed-134-121](this:0x42789e28,api:0) setDefaultBufferSize: w=1, h=1
I/BufferQueue(  134): [PopupWindow:41534508](this:0x42789e28,api:0) setConsumerName: PopupWindow:41534508
D/AudioMTKStreamOut(  138): write(), buffer = 0x41ef25f8 bytes = 4096 mLatency = 92
D/AudioMTKStreamOut(  138): write(), buffer = 0x41ef25f8 bytes = 4096 mLatency = 92
D/KeyguardViewMediator(  549): setHidden false
D/KeyguardUpdateMonitor(  549): sendKeyguardVisibilityChanged(true)
D/KeyguardUpdateMonitor(  549): handleKeyguardVisibilityChanged(1)
D/KeyguardViewMediator(  549): handleMessage enter msg name=SET_HIDDEN
D/KeyguardViewMediator(  549): handleMessage exit msg name=SET_HIDDEN
I/BufferQueue(  134): [PopupWindow:41534508](this:0x42789e28,api:0) setDefaultBufferSize: w=125, h=120
D/InputReader(  549): AP_PROF:AppLaunch_dispatchPtr:Up:413716
I/BufferQueue(  134): [PopupWindow:41534508](this:0x42789e28,api:0) connect: api=2
I/BufferQueue(  134): [PopupWindow:41534508](this:0x42789e28,api:2) setSynchronousMode: enabled=1
I/BufferQueue(  134): [PopupWindow:41534508](this:0x42789e28,api:2) new GraphicBuffer needed
D/BufferQueue(  134):     [OLD] gb:NULL
I/GraphicBuffer(  134): allocate buffer (w:128 h:120 f:1) err(0)
I/BufferQueue(  134):     [NEW] gb=0x418bd698, handle=0x42793bb8, w=125, h=120, s=128, fmt=1
D/AudioMTKStreamOut(  138): write(), buffer = 0x41ef25f8 bytes = 4096 mLatency = 92
D/AudioFlinger(  138): track 4099 u=00001176, s=00001000 [NOT READY] on thread 0x41ef2308
D/AudioFlinger(  138): BUFFER TIMEOUT:   track->mUnderrunCount++;(1) 
D/AudioFlinger(  138): threadLoop_sleepTime sleep time 23000
V/WindowManager(  549): IWindow finishDrawing called for android.view.IWindow$Stub$Proxy@415cf850
D/KeyguardViewMediator(  549): setHidden false
D/KeyguardUpdateMonitor(  549): sendKeyguardVisibilityChanged(true)
D/KeyguardUpdateMonitor(  549): handleKeyguardVisibilityChanged(1)
D/KeyguardViewMediator(  549): handleMessage enter msg name=SET_HIDDEN
D/KeyguardViewMediator(  549): handleMessage exit msg name=SET_HIDDEN
I/SurfaceTexture(  134): [PopupWindow:41534508](this:0x41e66570,api:2) [void* android::SurfaceTexture::createImage(EGLDisplay, const android::sp<android::GraphicBuffer>&)]
D/SurfaceTexture(  134):     GraphicBuffer: gb=0x418bd698 handle=0x42793bb8
D/SurfaceTexture(  134):     EGLImage: dpy=0x1, img=0x1000000b
D/AudioFlinger(  138): getNextBuffer() no more data for track 4099 on thread 0x41ef2308
D/AudioMTKStreamOut(  138): write(), buffer = 0x41ef25f8 bytes = 4096 mLatency = 92
D/AudioFlinger(  138): stop(4099), calling pid 549
D/AudioFlinger(  138): not stopping/stopped => stopping/stopped (4099) on thread 0x41ef2308
D/AudioMTKPolicyManager(  138): stopOutput() output 2, stream 1, session 150
D/AudioMTKPolicyManager(  138): getNewDevice() selected device 0 output= 2
D/AudioMTKPolicyManager(  138): setOutputDevice() output 2 device 0000 delayMs 184
D/AudioMTKPolicyManager(  138): checkDeviceMuteStrategies outputDesc = 0x41edb838 prevDevice = 2 delayMs = 184
D/AudioMTKPolicyManager(  138): setOutputDevice() setting same device 0000 or null device for output 2
D/AudioTrack(  549): audiotrack 0x568790f0 stop done
I/BufferQueue(  134): [PopupWindow:41534508](this:0x42789e28,api:2) disconnect: api=2
I/SurfaceTexture(  134): [PopupWindow:41534508] [virtual android::status_t android::SurfaceTexture::forceAuxConversionLocked()] mCurrentTexture:0, mCurrentBuf:0x418bd698
I/BufferQueue(  134): [PopupWindow:41534508](this:0x42789e28,api:0) getReleasedBuffers: returning mask 0xffffffff
I/SurfaceTexture(  134): [PopupWindow:41534508](this:0x41e66570,api:0) destroying EGLImage dpy=0x1 img=0x1000000b
D/AudioFlinger(  138): track 4099 u=00001176, s=00001176 [NOT READY] on thread 0x41ef2308
D/AudioFlinger(  138): presentationComplete() reset: mPresentationCompleteFrames 887769 audioHalFrames 4057
D/KeyguardViewMediator(  549): setHidden false
D/KeyguardUpdateMonitor(  549): sendKeyguardVisibilityChanged(true)
D/KeyguardUpdateMonitor(  549): handleKeyguardVisibilityChanged(1)
D/KeyguardViewMediator(  549): handleMessage enter msg name=SET_HIDDEN
D/KeyguardViewMediator(  549): handleMessage exit msg name=SET_HIDDEN
D/IPCThreadState(  549): [DN #5] BR_CLEAR_DEATH_NOTIFICATION_DONE cookie 0x56a3fe68
I/BufferQueue(  134): [PopupWindow:41534508](this:0x42789e28,api:0) consumerDisconnect
I/BufferQueue(  134): [PopupWindow:41534508](this:0x42789e28,api:0) ~BufferQueue
D/AudioFlinger(  138): track 4099 u=00001176, s=00001176 [NOT READY] on thread 0x41ef2308
D/AudioFlinger(  138): threadLoop_sleepTime write muted data to hw
D/AudioMTKStreamOut(  138): write(), buffer = 0x41ef25f8 bytes = 4096 mLatency = 92
D/AudioFlinger(  138): track 4099 u=00001176, s=00001176 [NOT READY] on thread 0x41ef2308
V/Provider/Settings(  714):  from settings cache , name = pdp_watchdog_poll_interval_ms , value = null
D/AudioFlinger(  138): track 4099 u=00001176, s=00001176 [NOT READY] on thread 0x41ef2308
D/AudioFlinger(  138): presentationComplete() session 150 complete: framesWritten 887808
D/AudioFlinger(  138): TrackBase::reset
D/AudioFlinger(  138): threadLoop_sleepTime write muted data to hw
D/AudioMTKStreamOut(  138): write(), buffer = 0x41ef25f8 bytes = 4096 mLatency = 92
D/AudioFlinger(  138): threadLoop_sleepTime write muted data to hw
D/AudioMTKStreamOut(  138): write(), buffer = 0x41ef25f8 bytes = 4096 mLatency = 92
D/AudioFlinger(  138): threadLoop_sleepTime write muted data to hw
D/AudioMTKStreamOut(  138): write(), buffer = 0x41ef25f8 bytes = 4096 mLatency = 92
D/AudioFlinger(  138): threadLoop_sleepTime write muted data to hw
D/AudioMTKStreamOut(  138): write(), buffer = 0x41ef25f8 bytes = 4096 mLatency = 92
D/AudioFlinger(  138): threadLoop_sleepTime write muted data to hw
D/AudioMTKStreamOut(  138): write(), buffer = 0x41ef25f8 bytes = 4096 mLatency = 92
D/AudioFlinger(  138): threadLoop_sleepTime write muted data to hw
D/AudioMTKStreamOut(  138): write(), buffer = 0x41ef25f8 bytes = 4096 mLatency = 92
D/AudioFlinger(  138): threadLoop_sleepTime write muted data to hw
D/AudioMTKStreamOut(  138): write(), buffer = 0x41ef25f8 bytes = 4096 mLatency = 92
D/AudioFlinger(  138): threadLoop_sleepTime write muted data to hw
D/AudioMTKStreamOut(  138): write(), buffer = 0x41ef25f8 bytes = 4096 mLatency = 92
D/AudioFlinger(  138): threadLoop_sleepTime write muted data to hw
D/AudioMTKStreamOut(  138): write(), buffer = 0x41ef25f8 bytes = 4096 mLatency = 92
D/AudioFlinger(  138): threadLoop_sleepTime write muted data to hw
D/AudioMTKStreamOut(  138): write(), buffer = 0x41ef25f8 bytes = 4096 mLatency = 92
D/AudioFlinger(  138): threadLoop_sleepTime write muted data to hw
D/AudioMTKStreamOut(  138): write(), buffer = 0x41ef25f8 bytes = 4096 mLatency = 92
D/AudioFlinger(  138): threadLoop_sleepTime write muted data to hw
D/AudioMTKStreamOut(  138): write(), buffer = 0x41ef25f8 bytes = 4096 mLatency = 92
D/AudioFlinger(  138): threadLoop_sleepTime write muted data to hw
D/AudioMTKStreamOut(  138): write(), buffer = 0x41ef25f8 bytes = 4096 mLatency = 92
D/AudioFlinger(  138): threadLoop_sleepTime write muted data to hw
D/AudioMTKStreamOut(  138): write(), buffer = 0x41ef25f8 bytes = 4096 mLatency = 92
D/AudioFlinger(  138): threadLoop_sleepTime write muted data to hw
D/AudioMTKStreamOut(  138): write(), buffer = 0x41ef25f8 bytes = 4096 mLatency = 92
D/AudioFlinger(  138): threadLoop_sleepTime write muted data to hw
D/AudioMTKStreamOut(  138): write(), buffer = 0x41ef25f8 bytes = 4096 mLatency = 92
D/AudioFlinger(  138): threadLoop_sleepTime write muted data to hw
D/AudioMTKStreamOut(  138): write(), buffer = 0x41ef25f8 bytes = 4096 mLatency = 92
D/AudioFlinger(  138): threadLoop_sleepTime write muted data to hw
D/AudioMTKStreamOut(  138): write(), buffer = 0x41ef25f8 bytes = 4096 mLatency = 92
D/AudioFlinger(  138): threadLoop_sleepTime write muted data to hw
D/AudioMTKStreamOut(  138): write(), buffer = 0x41ef25f8 bytes = 4096 mLatency = 92
D/AudioFlinger(  138): threadLoop_sleepTime write muted data to hw
D/AudioMTKStreamOut(  138): write(), buffer = 0x41ef25f8 bytes = 4096 mLatency = 92
D/AudioFlinger(  138): threadLoop_sleepTime write muted data to hw
D/AudioMTKStreamOut(  138): write(), buffer = 0x41ef25f8 bytes = 4096 mLatency = 92
D/AudioFlinger(  138): threadLoop_sleepTime write muted data to hw
D/AudioMTKStreamOut(  138): write(), buffer = 0x41ef25f8 bytes = 4096 mLatency = 92
D/AudioFlinger(  138): threadLoop_sleepTime write muted data to hw
D/AudioMTKStreamOut(  138): write(), buffer = 0x41ef25f8 bytes = 4096 mLatency = 92
D/AudioFlinger(  138): threadLoop_sleepTime write muted data to hw
D/AudioMTKStreamOut(  138): write(), buffer = 0x41ef25f8 bytes = 4096 mLatency = 92
D/AudioFlinger(  138): threadLoop_sleepTime write muted data to hw
D/AudioMTKStreamOut(  138): write(), buffer = 0x41ef25f8 bytes = 4096 mLatency = 92
D/AudioFlinger(  138): threadLoop_sleepTime write muted data to hw
D/AudioMTKStreamOut(  138): write(), buffer = 0x41ef25f8 bytes = 4096 mLatency = 92
D/AudioFlinger(  138): threadLoop_sleepTime write muted data to hw
D/AudioMTKStreamOut(  138): write(), buffer = 0x41ef25f8 bytes = 4096 mLatency = 92
D/AudioFlinger(  138): threadLoop_sleepTime write muted data to hw
D/AudioMTKStreamOut(  138): write(), buffer = 0x41ef25f8 bytes = 4096 mLatency = 92
D/AudioFlinger(  138): threadLoop_sleepTime write muted data to hw
D/AudioMTKStreamOut(  138): write(), buffer = 0x41ef25f8 bytes = 4096 mLatency = 92
D/AudioFlinger(  138): threadLoop_sleepTime write muted data to hw
D/AudioMTKStreamOut(  138): write(), buffer = 0x41ef25f8 bytes = 4096 mLatency = 92
D/AudioFlinger(  138): threadLoop_sleepTime write muted data to hw
D/AudioMTKStreamOut(  138): write(), buffer = 0x41ef25f8 bytes = 4096 mLatency = 92
D/AudioFlinger(  138): threadLoop_sleepTime write muted data to hw
D/AudioMTKStreamOut(  138): write(), buffer = 0x41ef25f8 bytes = 4096 mLatency = 92
D/AudioFlinger(  138): threadLoop_sleepTime write muted data to hw
D/AudioMTKStreamOut(  138): write(), buffer = 0x41ef25f8 bytes = 4096 mLatency = 92
D/AudioFlinger(  138): threadLoop_sleepTime write muted data to hw
D/AudioMTKStreamOut(  138): write(), buffer = 0x41ef25f8 bytes = 4096 mLatency = 92
D/AudioFlinger(  138): threadLoop_sleepTime write muted data to hw
D/AudioMTKStreamOut(  138): write(), buffer = 0x41ef25f8 bytes = 4096 mLatency = 92
D/AudioFlinger(  138): threadLoop_sleepTime write muted data to hw
D/AudioMTKStreamOut(  138): write(), buffer = 0x41ef25f8 bytes = 4096 mLatency = 92
D/AudioFlinger(  138): threadLoop_sleepTime write muted data to hw
D/AudioMTKStreamOut(  138): write(), buffer = 0x41ef25f8 bytes = 4096 mLatency = 92
D/AudioFlinger(  138): threadLoop_sleepTime write muted data to hw
D/AudioMTKStreamOut(  138): write(), buffer = 0x41ef25f8 bytes = 4096 mLatency = 92
D/AudioFlinger(  138): threadLoop_sleepTime write muted data to hw
D/AudioMTKStreamOut(  138): write(), buffer = 0x41ef25f8 bytes = 4096 mLatency = 92
D/AudioFlinger(  138): threadLoop_sleepTime write muted data to hw
D/AudioMTKStreamOut(  138): write(), buffer = 0x41ef25f8 bytes = 4096 mLatency = 92
D/AudioFlinger(  138): threadLoop_sleepTime write muted data to hw
D/AudioMTKStreamOut(  138): write(), buffer = 0x41ef25f8 bytes = 4096 mLatency = 92
D/AudioFlinger(  138): threadLoop_sleepTime write muted data to hw
D/AudioMTKStreamOut(  138): write(), buffer = 0x41ef25f8 bytes = 4096 mLatency = 92
D/AudioFlinger(  138): threadLoop_sleepTime write muted data to hw
D/AudioMTKStreamOut(  138): write(), buffer = 0x41ef25f8 bytes = 4096 mLatency = 92
V/Provider/Settings(  714):  from settings cache , name = pdp_watchdog_poll_interval_ms , value = null
D/AudioFlinger(  138): threadLoop_sleepTime write muted data to hw
D/AudioMTKStreamOut(  138): write(), buffer = 0x41ef25f8 bytes = 4096 mLatency = 92
D/AudioFlinger(  138): threadLoop_sleepTime write muted data to hw
D/AudioMTKStreamOut(  138): write(), buffer = 0x41ef25f8 bytes = 4096 mLatency = 92
D/AudioFlinger(  138): threadLoop_sleepTime write muted data to hw
D/AudioMTKStreamOut(  138): write(), buffer = 0x41ef25f8 bytes = 4096 mLatency = 92
D/AudioFlinger(  138): threadLoop_sleepTime write muted data to hw
D/AudioMTKStreamOut(  138): write(), buffer = 0x41ef25f8 bytes = 4096 mLatency = 92
D/AudioFlinger(  138): threadLoop_sleepTime write muted data to hw
D/AudioMTKStreamOut(  138): write(), buffer = 0x41ef25f8 bytes = 4096 mLatency = 92
D/AudioFlinger(  138): threadLoop_sleepTime write muted data to hw
D/AudioMTKStreamOut(  138): write(), buffer = 0x41ef25f8 bytes = 4096 mLatency = 92
D/AudioFlinger(  138): threadLoop_sleepTime write muted data to hw
D/AudioMTKStreamOut(  138): write(), buffer = 0x41ef25f8 bytes = 4096 mLatency = 92
D/AudioFlinger(  138): threadLoop_sleepTime write muted data to hw
D/AudioMTKStreamOut(  138): write(), buffer = 0x41ef25f8 bytes = 4096 mLatency = 92
D/AudioFlinger(  138): threadLoop_sleepTime write muted data to hw
D/AudioMTKStreamOut(  138): write(), buffer = 0x41ef25f8 bytes = 4096 mLatency = 92
D/AudioFlinger(  138): threadLoop_sleepTime write muted data to hw
D/AudioMTKStreamOut(  138): write(), buffer = 0x41ef25f8 bytes = 4096 mLatency = 92
D/AudioFlinger(  138): threadLoop_sleepTime write muted data to hw
D/AudioMTKStreamOut(  138): write(), buffer = 0x41ef25f8 bytes = 4096 mLatency = 92
D/AudioFlinger(  138): threadLoop_sleepTime write muted data to hw
D/AudioMTKStreamOut(  138): write(), buffer = 0x41ef25f8 bytes = 4096 mLatency = 92
D/AudioFlinger(  138): threadLoop_sleepTime write muted data to hw
D/AudioMTKStreamOut(  138): write(), buffer = 0x41ef25f8 bytes = 4096 mLatency = 92
D/AudioFlinger(  138): threadLoop_sleepTime write muted data to hw
D/AudioMTKStreamOut(  138): write(), buffer = 0x41ef25f8 bytes = 4096 mLatency = 92
D/AudioFlinger(  138): threadLoop_sleepTime write muted data to hw
D/AudioMTKStreamOut(  138): write(), buffer = 0x41ef25f8 bytes = 4096 mLatency = 92
D/AudioFlinger(  138): threadLoop_sleepTime write muted data to hw
D/AudioMTKStreamOut(  138): write(), buffer = 0x41ef25f8 bytes = 4096 mLatency = 92
D/AudioFlinger(  138): threadLoop_sleepTime write muted data to hw
D/AudioMTKStreamOut(  138): write(), buffer = 0x41ef25f8 bytes = 4096 mLatency = 92
D/AudioFlinger(  138): threadLoop_sleepTime write muted data to hw
D/AudioMTKStreamOut(  138): write(), buffer = 0x41ef25f8 bytes = 4096 mLatency = 92
D/AudioFlinger(  138): threadLoop_sleepTime write muted data to hw
D/AudioMTKStreamOut(  138): write(), buffer = 0x41ef25f8 bytes = 4096 mLatency = 92
D/AudioFlinger(  138): threadLoop_sleepTime write muted data to hw
D/AudioMTKStreamOut(  138): write(), buffer = 0x41ef25f8 bytes = 4096 mLatency = 92
D/AudioFlinger(  138): threadLoop_sleepTime write muted data to hw
D/AudioMTKStreamOut(  138): write(), buffer = 0x41ef25f8 bytes = 4096 mLatency = 92
D/AudioFlinger(  138): threadLoop_sleepTime write muted data to hw
D/AudioMTKStreamOut(  138): write(), buffer = 0x41ef25f8 bytes = 4096 mLatency = 92
D/InputReader(  549): AP_PROF:AppLaunch_dispatchPtr:Down:415311
I/AP_PROF (  549): unable to open /proc/mtprof/status entry
D/PowerManagerService(  549): userActivityFromNative
D/PowerManagerService(  549): userActivityNoUpdateLocked: eventTime=415311, event=2, flags=0x0, uid=1000
D/PowerManagerNotifier(  549): onUserActivity: event=2, uid=1000
D/PowerManagerService(  549): updateUserActivitySummaryLocked: mWakefulness=Awake, mUserActivitySummary=0x1, nextTimeout=468311 (in 52998 ms)
D/PowerManagerService(  549): newScreenState = 2
D/PowerManagerDisplayController(  549): requestPowerState: screenState=2, useProximitySensor=false, screenBrightness=102, screenAutoBrightnessAdjustment=0.0, useAutoBrightness=true, useEcoBrightness=false, blockScreenOn=false, waitForNegativeProximity=false
I/PowerManagerService(  549): setBrightness mButtonLight 0.
D/PowerManagerService(  549): updateScreenStateLocked: mDisplayReady=true, newScreenState=2, mWakefulness=1, mWakeLockSummary=0x1, mUserActivitySummary=0x1, mBootCompleted=true
D/PowerManagerService(  549): handleSandman: canDream=false, mWakefulness=Awake
D/AudioTrack(  549): audiotrack 0x567fd3f8 set Type 1, rate 44100, fmt 1, chn 3, fcnt 4096, flag 4
D/AudioFlinger(  138): createTrack() sessionId: 0
D/AudioTrack(  549): sched_setscheduler to rt, priority: 1
D/AudioFlinger(  138): createTrack() lSessionId: 151
D/AudioFlinger(  138): AUDIO_OUTPUT_FLAG_FAST denied: isTimed=0 sharedBuffer=0x0 frameCount=4096 mFrameCount=1024 format=1 isLinear=1 channelMask=0x3 sampleRate=44100 mSampleRate=44100 hasFastMixer=0 tid=2717 fastTrackAvailMask=0xfe
D/AudioFlinger(  138): Track constructor name 4097, calling pid 549
D/AudioFlinger(  138): acquiring 151 from 549
D/AudioFlinger(  138):  added new entry for 151
D/AudioTrack(  549): start 0x567fd3f8
D/AudioFlinger(  138): start(4097), calling pid 549 session 151
D/AudioFlinger(  138): ? => ACTIVE (4097) on thread 0x41e42910
D/AudioMTKPolicyManager(  138): startOutput() output 2, stream 1, session 151
