D/AudioMTKPolicyManager(  138): checkDeviceMuteStrategies outputDesc = 0x41edb838 prevDevice = 2 delayMs = 184
D/AudioMTKPolicyManager(  138): setOutputDevice() setting same device 0000 or null device for output 2
D/AudioTrack(  549): audiotrack 0x56879438 stop done
D/AudioFlinger(  138): track 4099 u=00003022, s=00003022 [NOT READY] on thread 0x41ef2308
D/AudioFlinger(  138): presentationComplete() reset: mPresentationCompleteFrames 316377 audioHalFrames 4057
D/AudioFlinger(  138): track 4099 u=00003022, s=00003022 [NOT READY] on thread 0x41ef2308
D/AudioFlinger(  138): threadLoop_sleepTime write muted data to hw
D/AudioMTKStreamOut(  138): write(), buffer = 0x41ef25f8 bytes = 4096 mLatency = 92
D/AudioFlinger(  138): track 4099 u=00003022, s=00003022 [NOT READY] on thread 0x41ef2308
D/AudioFlinger(  138): track 4099 u=00003022, s=00003022 [NOT READY] on thread 0x41ef2308
D/AudioFlinger(  138): presentationComplete() session 138 complete: framesWritten 316416
D/AudioFlinger(  138): TrackBase::reset
D/AudioFlinger(  138): threadLoop_sleepTime write muted data to hw
D/AudioMTKStreamOut(  138): write(), buffer = 0x41ef25f8 bytes = 4096 mLatency = 92
D/AudioFlinger(  138): threadLoop_sleepTime write muted data to hw
D/AudioMTKStreamOut(  138): write(), buffer = 0x41ef25f8 bytes = 4096 mLatency = 92
D/AudioFlinger(  138): threadLoop_sleepTime write muted data to hw
D/AudioMTKStreamOut(  138): write(), buffer = 0x41ef25f8 bytes = 4096 mLatency = 92
D/AudioFlinger(  138): threadLoop_sleepTime write muted data to hw
D/AudioMTKStreamOut(  138): write(), buffer = 0x41ef25f8 bytes = 4096 mLatency = 92
V/Provider/Settings(  714):  from settings cache , name = pdp_watchdog_poll_interval_ms , value = null
D/AudioFlinger(  138): threadLoop_sleepTime write muted data to hw
D/AudioMTKStreamOut(  138): write(), buffer = 0x41ef25f8 bytes = 4096 mLatency = 92
D/AudioFlinger(  138): threadLoop_sleepTime write muted data to hw
D/AudioMTKStreamOut(  138): write(), buffer = 0x41ef25f8 bytes = 4096 mLatency = 92
D/AudioFlinger(  138): threadLoop_sleepTime write muted data to hw
D/AudioMTKStreamOut(  138): write(), buffer = 0x41ef25f8 bytes = 4096 mLatency = 92
D/AudioFlinger(  138): threadLoop_sleepTime write muted data to hw
D/AudioMTKStreamOut(  138): write(), buffer = 0x41ef25f8 bytes = 4096 mLatency = 92
D/AudioFlinger(  138): threadLoop_sleepTime write muted data to hw
D/AudioMTKStreamOut(  138): write(), buffer = 0x41ef25f8 bytes = 4096 mLatency = 92
D/AudioFlinger(  138): threadLoop_sleepTime write muted data to hw
D/AudioMTKStreamOut(  138): write(), buffer = 0x41ef25f8 bytes = 4096 mLatency = 92
D/AudioFlinger(  138): threadLoop_sleepTime write muted data to hw
D/AudioMTKStreamOut(  138): write(), buffer = 0x41ef25f8 bytes = 4096 mLatency = 92
D/AudioFlinger(  138): threadLoop_sleepTime write muted data to hw
D/AudioMTKStreamOut(  138): write(), buffer = 0x41ef25f8 bytes = 4096 mLatency = 92
D/AudioFlinger(  138): threadLoop_sleepTime write muted data to hw
D/AudioMTKStreamOut(  138): write(), buffer = 0x41ef25f8 bytes = 4096 mLatency = 92
D/AudioFlinger(  138): threadLoop_sleepTime write muted data to hw
D/AudioMTKStreamOut(  138): write(), buffer = 0x41ef25f8 bytes = 4096 mLatency = 92
D/AudioFlinger(  138): threadLoop_sleepTime write muted data to hw
D/AudioMTKStreamOut(  138): write(), buffer = 0x41ef25f8 bytes = 4096 mLatency = 92
D/AudioFlinger(  138): threadLoop_sleepTime write muted data to hw
D/AudioMTKStreamOut(  138): write(), buffer = 0x41ef25f8 bytes = 4096 mLatency = 92
D/AudioFlinger(  138): threadLoop_sleepTime write muted data to hw
D/AudioMTKStreamOut(  138): write(), buffer = 0x41ef25f8 bytes = 4096 mLatency = 92
D/AudioFlinger(  138): threadLoop_sleepTime write muted data to hw
D/AudioMTKStreamOut(  138): write(), buffer = 0x41ef25f8 bytes = 4096 mLatency = 92
D/AudioFlinger(  138): threadLoop_sleepTime write muted data to hw
D/AudioMTKStreamOut(  138): write(), buffer = 0x41ef25f8 bytes = 4096 mLatency = 92
D/AudioFlinger(  138): threadLoop_sleepTime write muted data to hw
D/AudioMTKStreamOut(  138): write(), buffer = 0x41ef25f8 bytes = 4096 mLatency = 92
D/AudioFlinger(  138): threadLoop_sleepTime write muted data to hw
D/AudioMTKStreamOut(  138): write(), buffer = 0x41ef25f8 bytes = 4096 mLatency = 92
D/AudioFlinger(  138): threadLoop_sleepTime write muted data to hw
D/AudioMTKStreamOut(  138): write(), buffer = 0x41ef25f8 bytes = 4096 mLatency = 92
D/AudioFlinger(  138): threadLoop_sleepTime write muted data to hw
D/AudioMTKStreamOut(  138): write(), buffer = 0x41ef25f8 bytes = 4096 mLatency = 92
D/AudioFlinger(  138): threadLoop_sleepTime write muted data to hw
D/AudioMTKStreamOut(  138): write(), buffer = 0x41ef25f8 bytes = 4096 mLatency = 92
D/AudioFlinger(  138): threadLoop_sleepTime write muted data to hw
D/AudioMTKStreamOut(  138): write(), buffer = 0x41ef25f8 bytes = 4096 mLatency = 92
D/AudioFlinger(  138): threadLoop_sleepTime write muted data to hw
D/AudioMTKStreamOut(  138): write(), buffer = 0x41ef25f8 bytes = 4096 mLatency = 92
D/AudioFlinger(  138): threadLoop_sleepTime write muted data to hw
D/AudioMTKStreamOut(  138): write(), buffer = 0x41ef25f8 bytes = 4096 mLatency = 92
D/SocketClient(  130): SocketClient sendDatalocked done: 401
D/SocketClient(  130): SocketClient sendDatalocked done: 
D/libc-netbsd(  817): getaddrinfo: android.clients.google.com NO result from proxy 
D/AudioFlinger(  138): threadLoop_sleepTime write muted data to hw
D/AudioMTKStreamOut(  138): write(), buffer = 0x41ef25f8 bytes = 4096 mLatency = 92
D/AudioFlinger(  138): threadLoop_sleepTime write muted data to hw
D/AudioMTKStreamOut(  138): write(), buffer = 0x41ef25f8 bytes = 4096 mLatency = 92
D/AudioFlinger(  138): threadLoop_sleepTime write muted data to hw
D/AudioMTKStreamOut(  138): write(), buffer = 0x41ef25f8 bytes = 4096 mLatency = 92
D/AudioFlinger(  138): threadLoop_sleepTime write muted data to hw
D/AudioMTKStreamOut(  138): write(), buffer = 0x41ef25f8 bytes = 4096 mLatency = 92
D/libc-netbsd(  817): res_queryN name = android.clients.google.com, class = 1, type = 1
D/AudioFlinger(  138): threadLoop_sleepTime write muted data to hw
D/AudioMTKStreamOut(  138): write(), buffer = 0x41ef25f8 bytes = 4096 mLatency = 92
D/AudioFlinger(  138): threadLoop_sleepTime write muted data to hw
D/AudioMTKStreamOut(  138): write(), buffer = 0x41ef25f8 bytes = 4096 mLatency = 92
D/AudioFlinger(  138): threadLoop_sleepTime write muted data to hw
D/AudioMTKStreamOut(  138): write(), buffer = 0x41ef25f8 bytes = 4096 mLatency = 92
D/AudioFlinger(  138): threadLoop_sleepTime write muted data to hw
D/AudioMTKStreamOut(  138): write(), buffer = 0x41ef25f8 bytes = 4096 mLatency = 92
D/AudioFlinger(  138): threadLoop_sleepTime write muted data to hw
D/AudioMTKStreamOut(  138): write(), buffer = 0x41ef25f8 bytes = 4096 mLatency = 92
D/AudioFlinger(  138): threadLoop_sleepTime write muted data to hw
D/AudioMTKStreamOut(  138): write(), buffer = 0x41ef25f8 bytes = 4096 mLatency = 92
D/AudioFlinger(  138): threadLoop_sleepTime write muted data to hw
D/AudioMTKStreamOut(  138): write(), buffer = 0x41ef25f8 bytes = 4096 mLatency = 92
D/AudioFlinger(  138): threadLoop_sleepTime write muted data to hw
D/AudioMTKStreamOut(  138): write(), buffer = 0x41ef25f8 bytes = 4096 mLatency = 92
D/AudioFlinger(  138): threadLoop_sleepTime write muted data to hw
D/AudioMTKStreamOut(  138): write(), buffer = 0x41ef25f8 bytes = 4096 mLatency = 92
D/AudioFlinger(  138): threadLoop_sleepTime write muted data to hw
D/AudioMTKStreamOut(  138): write(), buffer = 0x41ef25f8 bytes = 4096 mLatency = 92
D/AudioFlinger(  138): threadLoop_sleepTime write muted data to hw
D/AudioMTKStreamOut(  138): write(), buffer = 0x41ef25f8 bytes = 4096 mLatency = 92
D/AudioFlinger(  138): threadLoop_sleepTime write muted data to hw
D/AudioMTKStreamOut(  138): write(), buffer = 0x41ef25f8 bytes = 4096 mLatency = 92
D/AudioFlinger(  138): threadLoop_sleepTime write muted data to hw
D/AudioMTKStreamOut(  138): write(), buffer = 0x41ef25f8 bytes = 4096 mLatency = 92
D/AudioFlinger(  138): threadLoop_sleepTime write muted data to hw
D/AudioMTKStreamOut(  138): write(), buffer = 0x41ef25f8 bytes = 4096 mLatency = 92
D/AudioFlinger(  138): threadLoop_sleepTime write muted data to hw
D/AudioMTKStreamOut(  138): write(), buffer = 0x41ef25f8 bytes = 4096 mLatency = 92
D/AudioFlinger(  138): threadLoop_sleepTime write muted data to hw
D/AudioMTKStreamOut(  138): write(), buffer = 0x41ef25f8 bytes = 4096 mLatency = 92
V/Provider/Settings(  714):  from settings cache , name = pdp_watchdog_poll_interval_ms , value = null
D/AudioFlinger(  138): threadLoop_sleepTime write muted data to hw
D/AudioMTKStreamOut(  138): write(), buffer = 0x41ef25f8 bytes = 4096 mLatency = 92
D/AudioFlinger(  138): threadLoop_sleepTime write muted data to hw
D/AudioMTKStreamOut(  138): write(), buffer = 0x41ef25f8 bytes = 4096 mLatency = 92
D/AudioFlinger(  138): threadLoop_sleepTime write muted data to hw
D/AudioMTKStreamOut(  138): write(), buffer = 0x41ef25f8 bytes = 4096 mLatency = 92
D/AudioFlinger(  138): threadLoop_sleepTime write muted data to hw
D/AudioMTKStreamOut(  138): write(), buffer = 0x41ef25f8 bytes = 4096 mLatency = 92
D/AudioFlinger(  138): threadLoop_sleepTime write muted data to hw
D/AudioMTKStreamOut(  138): write(), buffer = 0x41ef25f8 bytes = 4096 mLatency = 92
D/AudioFlinger(  138): threadLoop_sleepTime write muted data to hw
D/AudioMTKStreamOut(  138): write(), buffer = 0x41ef25f8 bytes = 4096 mLatency = 92
D/AudioFlinger(  138): threadLoop_sleepTime write muted data to hw
D/AudioMTKStreamOut(  138): write(), buffer = 0x41ef25f8 bytes = 4096 mLatency = 92
D/AudioFlinger(  138): threadLoop_sleepTime write muted data to hw
D/AudioMTKStreamOut(  138): write(), buffer = 0x41ef25f8 bytes = 4096 mLatency = 92
D/AudioFlinger(  138): threadLoop_sleepTime write muted data to hw
D/AudioMTKStreamOut(  138): write(), buffer = 0x41ef25f8 bytes = 4096 mLatency = 92
D/AudioFlinger(  138): threadLoop_sleepTime write muted data to hw
D/AudioMTKStreamOut(  138): write(), buffer = 0x41ef25f8 bytes = 4096 mLatency = 92
D/AudioFlinger(  138): threadLoop_sleepTime write muted data to hw
D/AudioMTKStreamOut(  138): write(), buffer = 0x41ef25f8 bytes = 4096 mLatency = 92
D/AudioFlinger(  138): threadLoop_sleepTime write muted data to hw
D/AudioMTKStreamOut(  138): write(), buffer = 0x41ef25f8 bytes = 4096 mLatency = 92
D/AudioFlinger(  138): threadLoop_sleepTime write muted data to hw
D/AudioMTKStreamOut(  138): write(), buffer = 0x41ef25f8 bytes = 4096 mLatency = 92
D/AudioFlinger(  138): threadLoop_sleepTime write muted data to hw
D/AudioMTKStreamOut(  138): write(), buffer = 0x41ef25f8 bytes = 4096 mLatency = 92
D/InputReader(  549): AP_PROF:AppLaunch_dispatchPtr:Down:403110
I/AP_PROF (  549): unable to open /proc/mtprof/status entry
D/PowerManagerService(  549): userActivityFromNative
D/PowerManagerService(  549): userActivityNoUpdateLocked: eventTime=403110, event=2, flags=0x0, uid=1000
D/PowerManagerNotifier(  549): onUserActivity: event=2, uid=1000
D/PowerManagerService(  549): updateUserActivitySummaryLocked: mWakefulness=Awake, mUserActivitySummary=0x1, nextTimeout=456110 (in 52999 ms)
D/PowerManagerService(  549): newScreenState = 2
D/PowerManagerDisplayController(  549): requestPowerState: screenState=2, useProximitySensor=false, screenBrightness=102, screenAutoBrightnessAdjustment=0.0, useAutoBrightness=true, useEcoBrightness=false, blockScreenOn=false, waitForNegativeProximity=false
I/PowerManagerService(  549): setBrightness mButtonLight 0.
D/PowerManagerService(  549): updateScreenStateLocked: mDisplayReady=true, newScreenState=2, mWakefulness=1, mWakeLockSummary=0x1, mUserActivitySummary=0x1, mBootCompleted=true
D/PowerManagerService(  549): handleSandman: canDream=false, mWakefulness=Awake
D/AudioTrack(  549): audiotrack 0x56caa4f8 set Type 1, rate 44100, fmt 1, chn 3, fcnt 4096, flag 4
D/AudioFlinger(  138): createTrack() sessionId: 0
D/AudioFlinger(  138): createTrack() lSessionId: 139
D/AudioFlinger(  138): AUDIO_OUTPUT_FLAG_FAST denied: isTimed=0 sharedBuffer=0x0 frameCount=4096 mFrameCount=1024 format=1 isLinear=1 channelMask=0x3 sampleRate=44100 mSampleRate=44100 hasFastMixer=0 tid=2697 fastTrackAvailMask=0xfe
D/AudioFlinger(  138): Track constructor name 4097, calling pid 549
D/AudioTrack(  549): sched_setscheduler to rt, priority: 1
D/AudioFlinger(  138): acquiring 139 from 549
D/AudioFlinger(  138):  added new entry for 139
D/AudioTrack(  549): start 0x56caa4f8
D/AudioFlinger(  138): start(4097), calling pid 549 session 139
D/AudioFlinger(  138): ? => ACTIVE (4097) on thread 0x41e42910
D/AudioMTKPolicyManager(  138): startOutput() output 2, stream 1, session 139
D/AudioMTKPolicyManager(  138): getNewDevice() selected device 2 output= 2
D/AudioMTKPolicyManager(  138): setOutputDevice() output 2 device 0002 delayMs 0
D/AudioMTKPolicyManager(  138): checkDeviceMuteStrategies outputDesc = 0x41edb838 prevDevice = 2 delayMs = 0
D/AudioMTKPolicyManager(  138): setOutputDevice() setting same device 0002 or null device for output 2
D/AudioMTKPolicyManager(  138):  checkAndSetVolume stream = 1 index = 2 output = 2 device = 0x2 delayMs = 0 force = 0
D/AudioMTKPolicyManager(  138): getNewDevice() selected device 2 output= 2
D/AudioMTKPolicyManager(  138): computeCustomVolume OutputDevice == AudioSystem::DEVICE_OUT_SPEAKER
D/AudioFlinger(  138): mWaitWorkCV.broadcast
D/AudioTrack(  549): ~audioTrack 0x56879438
D/AudioFlinger(  138): ~TrackHandle trackName=4099
D/AudioFlinger(  138): releasing 138 from 549
D/AudioFlinger(  138): track 4097 u=00000800, s=00000000 [NOT READY] on thread 0x41ef2308
D/AudioFlinger(  138):  decremented refcount to 0
D/AudioFlinger(  138): BUFFER TIMEOUT:   track->mUnderrunCount++;(1) 
D/AudioFlinger(  138): +purging stale effects
D/AudioFlinger(  138): -purging stale effects
D/AudioFlinger(  138): threadLoop_sleepTime sleep time 11500
D/AudioMTKPolicyManager(  138): releaseOutput() 2
D/AudioFlinger(  138): remove track (4099) and delete from mixer
D/AudioFlinger(  138): PlaybackThread::Track destructor
D/AudioMTKStreamOut(  138): write(), buffer = 0x41ef25f8 bytes = 4096 mLatency = 92
D/AudioMTKStreamOut(  138): write(), buffer = 0x41ef25f8 bytes = 4096 mLatency = 92
I/SurfaceTextureClient(  732): [STC::queueBuffer] (this:0x519361c8) fps:1.14, dur:1751.27, max:1684.68, min:66.59
I/BufferQueue(  134): [InputMethod](this:0x418b67d8,api:2) [queue] fps:1.14, dur:1751.08, max:1684.63, min:66.45
I/BufferQueue(  134): [InputMethod](this:0x418b67d8,api:2) [release] fps:1.14, dur:1751.33, max:1688.84, min:62.48
I/SurfaceFlinger(  134): [SurfaceFlinger] fps:1.712959,dur:1751.36,max:1689.01,min:31.14
I/SurfaceTextureClient(  134): [STC::queueBuffer] (this:0x413e76f0) fps:1.71, dur:1751.08, max:1689.22, min:30.90
I/BufferQueue(  134): [FramebufferSurface](this:0x41428008,api:1) [release] fps:1.71, dur:1751.08, max:1689.30, min:30.83
I/BufferQueue(  134): [FramebufferSurface](this:0x41428008,api:1) [queue] fps:1.71, dur:1751.36, max:1688.86, min:31.22
D/AudioMTKStreamOut(  138): write(), buffer = 0x41ef25f8 bytes = 4096 mLatency = 92
D/AudioMTKStreamOut(  138): write(), buffer = 0x41ef25f8 bytes = 4096 mLatency = 92
D/InputReader(  549): AP_PROF:AppLaunch_dispatchPtr:Up:403203
I/LatinKeyboard(  732): symbols
D/AudioFlinger(  138): track 4097 u=00001176, s=00001000 [NOT READY] on thread 0x41ef2308
D/AudioFlinger(  138): BUFFER TIMEOUT:   track->mUnderrunCount++;(3) 
D/AudioFlinger(  138): threadLoop_sleepTime sleep time 23000
D/AudioFlinger(  138): getNextBuffer() no more data for track 4097 on thread 0x41ef2308
D/AudioMTKStreamOut(  138): write(), buffer = 0x41ef25f8 bytes = 4096 mLatency = 92
D/AudioFlinger(  138): track 4097 u=00001176, s=00001176 [NOT READY] on thread 0x41ef2308
D/AudioFlinger(  138): BUFFER TIMEOUT:   track->mUnderrunCount++;(5) 
D/AudioFlinger(  138): threadLoop_sleepTime sleep time 11500
D/AudioFlinger(  138): stop(4097), calling pid 549
D/AudioFlinger(  138): not stopping/stopped => stopping/stopped (4097) on thread 0x41ef2308
D/AudioMTKPolicyManager(  138): stopOutput() output 2, stream 1, session 139
D/AudioMTKPolicyManager(  138): getNewDevice() selected device 0 output= 2
D/AudioMTKPolicyManager(  138): setOutputDevice() output 2 device 0000 delayMs 184
D/AudioMTKPolicyManager(  138): checkDeviceMuteStrategies outputDesc = 0x41edb838 prevDevice = 2 delayMs = 184
D/AudioMTKPolicyManager(  138): setOutputDevice() setting same device 0000 or null device for output 2
D/AudioTrack(  549): audiotrack 0x56caa4f8 stop done
D/AudioFlinger(  138): track 4097 u=00001176, s=00001176 [NOT READY] on thread 0x41ef2308
D/AudioFlinger(  138): presentationComplete() reset: mPresentationCompleteFrames 388057 audioHalFrames 4057
D/AudioFlinger(  138): threadLoop_sleepTime write muted data to hw
D/AudioMTKStreamOut(  138): write(), buffer = 0x41ef25f8 bytes = 4096 mLatency = 92
D/AudioFlinger(  138): track 4097 u=00001176, s=00001176 [NOT READY] on thread 0x41ef2308
D/AudioFlinger(  138): track 4097 u=00001176, s=00001176 [NOT READY] on thread 0x41ef2308
D/AudioFlinger(  138): threadLoop_sleepTime write muted data to hw
D/AudioMTKStreamOut(  138): write(), buffer = 0x41ef25f8 bytes = 4096 mLatency = 92
D/AudioFlinger(  138): track 4097 u=00001176, s=00001176 [NOT READY] on thread 0x41ef2308
D/AudioFlinger(  138): presentationComplete() session 139 complete: framesWritten 389120
D/AudioFlinger(  138): TrackBase::reset
D/AudioFlinger(  138): threadLoop_sleepTime write muted data to hw
D/AudioMTKStreamOut(  138): write(), buffer = 0x41ef25f8 bytes = 4096 mLatency = 92
D/AudioFlinger(  138): threadLoop_sleepTime write muted data to hw
D/AudioMTKStreamOut(  138): write(), buffer = 0x41ef25f8 bytes = 4096 mLatency = 92
D/AudioFlinger(  138): threadLoop_sleepTime write muted data to hw
D/AudioMTKStreamOut(  138): write(), buffer = 0x41ef25f8 bytes = 4096 mLatency = 92
D/AudioFlinger(  138): threadLoop_sleepTime write muted data to hw
D/AudioMTKStreamOut(  138): write(), buffer = 0x41ef25f8 bytes = 4096 mLatency = 92
D/AudioFlinger(  138): threadLoop_sleepTime write muted data to hw
D/AudioMTKStreamOut(  138): write(), buffer = 0x41ef25f8 bytes = 4096 mLatency = 92
D/AudioFlinger(  138): threadLoop_sleepTime write muted data to hw
D/AudioMTKStreamOut(  138): write(), buffer = 0x41ef25f8 bytes = 4096 mLatency = 92
D/AudioFlinger(  138): threadLoop_sleepTime write muted data to hw
D/AudioMTKStreamOut(  138): write(), buffer = 0x41ef25f8 bytes = 4096 mLatency = 92
D/AudioFlinger(  138): threadLoop_sleepTime write muted data to hw
D/AudioMTKStreamOut(  138): write(), buffer = 0x41ef25f8 bytes = 4096 mLatency = 92
D/AudioFlinger(  138): threadLoop_sleepTime write muted data to hw
D/AudioMTKStreamOut(  138): write(), buffer = 0x41ef25f8 bytes = 4096 mLatency = 92
D/AudioFlinger(  138): threadLoop_sleepTime write muted data to hw
D/AudioMTKStreamOut(  138): write(), buffer = 0x41ef25f8 bytes = 4096 mLatency = 92
D/AudioFlinger(  138): threadLoop_sleepTime write muted data to hw
D/AudioMTKStreamOut(  138): write(), buffer = 0x41ef25f8 bytes = 4096 mLatency = 92
D/AudioFlinger(  138): threadLoop_sleepTime write muted data to hw
D/AudioMTKStreamOut(  138): write(), buffer = 0x41ef25f8 bytes = 4096 mLatency = 92
D/AudioFlinger(  138): threadLoop_sleepTime write muted data to hw
D/AudioMTKStreamOut(  138): write(), buffer = 0x41ef25f8 bytes = 4096 mLatency = 92
D/AudioFlinger(  138): threadLoop_sleepTime write muted data to hw
D/AudioMTKStreamOut(  138): write(), buffer = 0x41ef25f8 bytes = 4096 mLatency = 92
D/AudioFlinger(  138): threadLoop_sleepTime write muted data to hw
D/AudioMTKStreamOut(  138): write(), buffer = 0x41ef25f8 bytes = 4096 mLatency = 92
D/AudioFlinger(  138): threadLoop_sleepTime write muted data to hw
D/AudioMTKStreamOut(  138): write(), buffer = 0x41ef25f8 bytes = 4096 mLatency = 92
D/AudioFlinger(  138): threadLoop_sleepTime write muted data to hw
D/AudioMTKStreamOut(  138): write(), buffer = 0x41ef25f8 bytes = 4096 mLatency = 92
D/AudioFlinger(  138): threadLoop_sleepTime write muted data to hw
D/AudioMTKStreamOut(  138): write(), buffer = 0x41ef25f8 bytes = 4096 mLatency = 92
D/AudioFlinger(  138): threadLoop_sleepTime write muted data to hw
D/AudioMTKStreamOut(  138): write(), buffer = 0x41ef25f8 bytes = 4096 mLatency = 92
V/AlarmManager(  549): Native set alarm :Alarm{416001d8 type 3 android}
I/AlarmManager(  549): mBootPackage = com.android.deskclock set Prop 1
I/AlarmManager(  549): rest power off alarm is com.android.deskclock
D/Provider/Settings(  549): put string name = power_off_alarm_package_name , value = com.android.deskclock userHandle = 0
D/SettingsProvider(  549): call request for 0
V/SettingsProvider(  549): call_put(system:power_off_alarm_package_name=com.android.deskclock) for 0
V/SettingsProvider(  549): insert(content://settings/system) for user 0 by 0
D/SettingsProvider(  549): insert(content://settings/system) for user 0 by 0
D/SettingsProvider(  549): redundant, old Value: com.android.deskclock new value: com.android.deskclock
V/ActivityManager(  549): Broadcast: Intent { act=android.intent.action.TIME_TICK flg=0x40000014 (has extras) } ordered=true userid=-1 callerApp=null
D/PowerManagerService(  549): acquireWakeLockInternal: lock=1098256352, flags=0x1, tag="AlarmManager", ws={WorkSource: uids=[1000]}, uid=1000, pid=549
D/PowerManagerService(  549): updateWakeLockSummaryLocked: mWakefulness=Awake, mWakeLockSummary=0x1
D/PowerManagerService(  549): newScreenState = 2
D/PowerManagerDisplayController(  549): requestPowerState: screenState=2, useProximitySensor=false, screenBrightness=102, screenAutoBrightnessAdjustment=0.0, useAutoBrightness=true, useEcoBrightness=false, blockScreenOn=false, waitForNegativeProximity=false
I/PowerManagerService(  549): setBrightness mButtonLight 0.
D/PowerManagerService(  549): updateScreenStateLocked: mDisplayReady=true, newScreenState=2, mWakefulness=1, mWakeLockSummary=0x1, mUserActivitySummary=0x1, mBootCompleted=true
D/PowerManagerService(  549): handleSandman: canDream=false, mWakefulness=Awake
D/ActivityThread(  549): BDC-Calling onReceive: intent=Intent { act=android.intent.action.TIME_TICK flg=0x40000014 (has extras) }, ordered=true, receiver=com.android.server.AlarmManagerService$ClockReceiver@41750bc8, IIntentReceiver=417a6c58
V/AlarmManager(  549): Native set alarm :Alarm{41c18438 type 3 android}
D/ActivityThread(  549): BDC-Calling finishReceiver: IIntentReceiver=417a6c58
D/ActivityThread(  549): BDC-Calling onReceive: intent=Intent { act=android.intent.action.TIME_TICK flg=0x40000014 (has extras) }, ordered=true, receiver=com.android.internal.policy.impl.keyguard.KeyguardUpdateMonitor$2@417feba0, IIntentReceiver=4181f1e8
D/KeyguardUpdateMonitor(  549): received broadcast android.intent.action.TIME_TICK
D/ActivityThread(  549): BDC-Calling finishReceiver: IIntentReceiver=4181f1e8
D/KeyguardUpdateMonitor(  549): handleTimeUpdate
D/Clock   (  652): action =android.intent.action.TIME_TICK
V/Provider/Settings(  652):  from settings cache , name = time_12_24 , value = 24
D/AudioFlinger(  138): threadLoop_sleepTime write muted data to hw
D/AudioMTKStreamOut(  138): write(), buffer = 0x41ef25f8 bytes = 4096 mLatency = 92
D/AudioFlinger(  138): threadLoop_sleepTime write muted data to hw
D/AudioMTKStreamOut(  138): write(), buffer = 0x41ef25f8 bytes = 4096 mLatency = 92
I/SurfaceTextureClient(  652): [STC::queueBuffer] (this:0x52ce9b58) fps:0.10, dur:10336.90, max:10336.90, min:10336.90
I/SurfaceTextureClient(  652): [STC::queueBuffer] this:0x52ce9b58, api:1, last queue time elapsed:10336.90
I/BufferQueue(  134): [StatusBar](this:0x41cece28,api:1) [queue] fps:0.10, dur:10336.95, max:10336.95, min:10336.95
D/Clock   (  652): action =android.intent.action.TIME_TICK
V/Provider/Settings(  652):  from settings cache , name = time_12_24 , value = 24
I/BufferQueue(  134): [StatusBar](this:0x41cece28,api:1) [release] fps:0.10, dur:10336.60, max:10336.60, min:10336.60
D/PowerManagerService(  549): releaseWakeLockInternal: lock=1098256352, flags=0x0
D/PowerManagerService(  549): updateWakeLockSummaryLocked: mWakefulness=Awake, mWakeLockSummary=0x1
D/PowerManagerService(  549): newScreenState = 2
D/PowerManagerDisplayController(  549): requestPowerState: screenState=2, useProximitySensor=false, screenBrightness=102, screenAutoBrightnessAdjustment=0.0, useAutoBrightness=true, useEcoBrightness=false, blockScreenOn=false, waitForNegativeProximity=false
I/PowerManagerService(  549): setBrightness mButtonLight 0.
D/PowerManagerService(  549): updateScreenStateLocked: mDisplayReady=true, newScreenState=2, mWakefulness=1, mWakeLockSummary=0x1, mUserActivitySummary=0x1, mBootCompleted=true
D/PowerManagerService(  549): handleSandman: canDream=false, mWakefulness=Awake
D/AudioFlinger(  138): threadLoop_sleepTime write muted data to hw
D/AudioMTKStreamOut(  138): write(), buffer = 0x41ef25f8 bytes = 4096 mLatency = 92
V/Provider/Settings(  714):  from settings cache , name = pdp_watchdog_poll_interval_ms , value = null
D/AudioFlinger(  138): threadLoop_sleepTime write muted data to hw
D/AudioMTKStreamOut(  138): write(), buffer = 0x41ef25f8 bytes = 4096 mLatency = 92
D/AudioFlinger(  138): threadLoop_sleepTime write muted data to hw
D/AudioMTKStreamOut(  138): write(), buffer = 0x41ef25f8 bytes = 4096 mLatency = 92
D/AudioFlinger(  138): threadLoop_sleepTime write muted data to hw
D/AudioMTKStreamOut(  138): write(), buffer = 0x41ef25f8 bytes = 4096 mLatency = 92
V/AppWidgetContext(  784): package name: mobi.infolife.ezweather.widget.glass
V/AppWidgetContext(  784): context permission not changed
D/AudioFlinger(  138): threadLoop_sleepTime write muted data to hw
D/AudioMTKStreamOut(  138): write(), buffer = 0x41ef25f8 bytes = 4096 mLatency = 92
D/AudioFlinger(  138): threadLoop_sleepTime write muted data to hw
D/AudioMTKStreamOut(  138): write(), buffer = 0x41ef25f8 bytes = 4096 mLatency = 92
D/dalvikvm(  784): GC_FOR_ALLOC freed 923K, 18% free 8091K/9796K, paused 19ms, total 19ms
D/dalvikvm( 1659): GC_EXPLICIT freed 205K, 15% free 6053K/7068K, paused 3ms+4ms, total 30ms
D/AudioFlinger(  138): threadLoop_sleepTime write muted data to hw
D/AudioMTKStreamOut(  138): write(), buffer = 0x41ef25f8 bytes = 4096 mLatency = 92
D/AudioFlinger(  138): threadLoop_sleepTime write muted data to hw
D/AudioMTKStreamOut(  138): write(), buffer = 0x41ef25f8 bytes = 4096 mLatency = 92
D/AudioFlinger(  138): threadLoop_sleepTime write muted data to hw
D/AudioMTKStreamOut(  138): write(), buffer = 0x41ef25f8 bytes = 4096 mLatency = 92
W/SignalStrength(  714): vanzo, orign asu = 13
W/SignalStrength(  714): vanzo, lastAsuArray[0]=13
W/SignalStrength(  714): vanzo, lastAsuArray[1]=14
W/SignalStrength(  714): vanzo, lastAsuArray[2]=12
W/SignalStrength(  714): vanzo, new asu = 13
W/SignalStrength(  549): vanzo, orign asu = 13
W/SignalStrength(  549): vanzo, lastAsuArray[0]=12
W/SignalStrength(  549): vanzo, lastAsuArray[1]=13
W/SignalStrength(  549): vanzo, lastAsuArray[2]=14
W/SignalStrength(  549): vanzo, new asu = 13
D/NetworkControllerGemini(  652): PhoneStateListener:onSignalStrengthsChanged, sim0 before.
W/SignalStrength(  652): vanzo, orign asu = 13
W/SignalStrength(  652): vanzo, lastAsuArray[0]=12
W/SignalStrength(  652): vanzo, lastAsuArray[1]=12
W/SignalStrength(  652): vanzo, lastAsuArray[2]=13
W/SignalStrength(  652): vanzo, new asu = 12
D/NetworkControllerGemini(  652): PhoneStateListener:onSignalStrengthsChanged, signalStrength=4
D/NetworkControllerGemini(  652): updateDataNetType(0), DataNetType=2.
D/SIMHelper(  652): isSimInserted(0), SimInserted=true
D/NetworkControllerGemini(  652): updateDataNetType(0), simColorId=1
V/ActivityManager(  549): Broadcast sticky: Intent { act=android.intent.action.SIG_STR flg=0x10 (has extras) } ordered=false userid=-1 callerApp=ProcessRecord{416be7d0 549:system/1000}
D/PhoneInterfaceManager(  714): isNetworkRoaming simId=0
D/SIMHelper(  652): isSimInserted(0), SimInserted=true
D/NetworkControllerGemini(  652): updateDataNetType(0), DataNetType3G=Type_G tempDataTypeIconId= 2130837898.
D/SIMHelper(  652): isSimInserted(0), SimInserted=true
D/NetworkControllerGemini(  652): updateTelephonySignalStrength(0), regState=1
D/NetworkControllerGemini(  652): updateTelephonySignalStrength(0), hasService=true
W/SignalStrength(  652): vanzo, orign asu = 13
W/SignalStrength(  652): vanzo, lastAsuArray[0]=13
W/SignalStrength(  652): vanzo, lastAsuArray[1]=12
W/SignalStrength(  652): vanzo, lastAsuArray[2]=13
W/SignalStrength(  652): vanzo, new asu = 12
D/Bluetooth HS/HF(  714): [BT][HFG] [API] mStateReceiver.onReceive(android.intent.action.SIG_STR)
D/Bluetooth HS/HF(  714): [BT][HFG] [API] mHandler.handleMessage(10)
D/PhoneInterfaceManager(  714): isNetworkRoaming simId=0
D/NetworkControllerGemini(  652): updateTelephonySignalStrength(0), isRoaming=false, mInetCondition=0
D/SIMHelper(  652): isSimInserted(0), SimInserted=true
D/NetworkControllerGemini(  652): updateTelephonySignalStrength(0), simColorId=1
D/NetworkControllerGemini(  652): updateTelephonySignalStrength(0), tempDataNetType = Type_G , simColorId=1  tempPhoneSignalIconId[0] = 2130837958  tempPhoneSignalIconId[1] = 0
D/NetworkControllerGemini(  652):  updateTelephonySignalStrength(0) tempSIMCUSignVisible= true
D/NetworkControllerGemini(  652): refreshViews(0), DataConnected=true
D/SIMHelper(  652): isSimInserted(0), SimInserted=true
D/NetworkControllerGemini(  652): refreshViews(0) simColorId = 1
D/NetworkControllerGemini(  652): refreshViews(0), mMobileActivityIconId=0
D/NetworkControllerGemini(  652): refreshViews(0), mMobileActivityIconId=0
D/SignalClusterViewGemini(  652): setRoamingFlagandResource(0), roaming=false, roamingId=0
D/SignalClusterViewGemini(  652): setRoamingFlagandResource(1), roaming=false, roamingId=0
D/SignalClusterViewGemini(  652): setShowSimIndicator(0), showSimIndicator=false simIndicatorResource = 0
D/SignalClusterViewGemini(  652): setDataNetType3G(0), dataNetType=Type_G
D/SignalClusterViewGemini(  652): apply(), mWifiVisible is false
D/SIMHelper(  652): isSimInserted(0), SimInserted=true
D/SIMHelper(  652): isSimInserted(0), SimInserted=true
D/SignalClusterViewGemini(  652): apply(), slotId=0, mMobileVisible=true, mShouldMobileGroupVisible=true
D/SignalClusterViewGemini(  652): apply(), slotId=0, mRoaming=false mMobileActivityId=0 mMobileTypeId=2130837898 mMobileStrengthId[0] = 2130837958 mMobileStrengthId[1] = 0
D/TelephonyManagerEx(  652): getDataState simId=0
D/SIMHelper(  652): isSimInserted(0), SimInserted=true
D/SIMHelper(  652): isSimInserted(0), SimInserted=true
D/SignalClusterViewGemini(  652): apply(), slot=0, mDataNetType=Type_G resId= 0 simColorId = 1
D/SignalClusterViewGemini(  652): apply(). mIsAirplaneMode is false
D/SIMHelper(  652): isSimInserted(1), SimInserted=false
D/SignalClusterViewGemini(  652): apply(), slotId=1, mMobileVisible=true, mShouldMobileGroupVisible=false
D/SignalClusterViewGemini(  652): apply(). mIsAirplaneMode is false
D/NetworkControllerGemini(  652): PhoneStateListener:onSignalStrengthsChanged, sim0 after.
D/AudioFlinger(  138): threadLoop_sleepTime write muted data to hw
D/AudioMTKStreamOut(  138): write(), buffer = 0x41ef25f8 bytes = 4096 mLatency = 92
D/AudioFlinger(  138): threadLoop_sleepTime write muted data to hw
D/AudioMTKStreamOut(  138): write(), buffer = 0x41ef25f8 bytes = 4096 mLatency = 92
D/AudioFlinger(  138): threadLoop_sleepTime write muted data to hw
D/AudioMTKStreamOut(  138): write(), buffer = 0x41ef25f8 bytes = 4096 mLatency = 92
D/AudioFlinger(  138): threadLoop_sleepTime write muted data to hw
D/AudioMTKStreamOut(  138): write(), buffer = 0x41ef25f8 bytes = 4096 mLatency = 92
D/AudioFlinger(  138): threadLoop_sleepTime write muted data to hw
D/AudioMTKStreamOut(  138): write(), buffer = 0x41ef25f8 bytes = 4096 mLatency = 92
D/AudioFlinger(  138): threadLoop_sleepTime write muted data to hw
D/AudioMTKStreamOut(  138): write(), buffer = 0x41ef25f8 bytes = 4096 mLatency = 92
D/InputReader(  549): AP_PROF:AppLaunch_dispatchPtr:Down:404116
I/AP_PROF (  549): unable to open /proc/mtprof/status entry
D/PowerManagerService(  549): userActivityFromNative
D/PowerManagerService(  549): userActivityNoUpdateLocked: eventTime=404116, event=2, flags=0x0, uid=1000
D/PowerManagerNotifier(  549): onUserActivity: event=2, uid=1000
D/PowerManagerService(  549): updateUserActivitySummaryLocked: mWakefulness=Awake, mUserActivitySummary=0x1, nextTimeout=457116 (in 52999 ms)
D/PowerManagerService(  549): newScreenState = 2
D/AudioFlinger(  138): threadLoop_sleepTime write muted data to hw
D/AudioMTKStreamOut(  138): write(), buffer = 0x41ef25f8 bytes = 4096 mLatency = 92
D/PowerManagerDisplayController(  549): requestPowerState: screenState=2, useProximitySensor=false, screenBrightness=102, screenAutoBrightnessAdjustment=0.0, useAutoBrightness=true, useEcoBrightness=false, blockScreenOn=false, waitForNegativeProximity=false
I/PowerManagerService(  549): setBrightness mButtonLight 0.
D/PowerManagerService(  549): updateScreenStateLocked: mDisplayReady=true, newScreenState=2, mWakefulness=1, mWakeLockSummary=0x1, mUserActivitySummary=0x1, mBootCompleted=true
D/PowerManagerService(  549): handleSandman: canDream=false, mWakefulness=Awake
D/AudioTrack(  549): audiotrack 0x5193ad60 set Type 1, rate 44100, fmt 1, chn 3, fcnt 4096, flag 4
D/AudioTrack(  549): sched_setscheduler to rt, priority: 1
D/AudioFlinger(  138): createTrack() sessionId: 0
D/AudioFlinger(  138): createTrack() lSessionId: 140
D/AudioFlinger(  138): AUDIO_OUTPUT_FLAG_FAST denied: isTimed=0 sharedBuffer=0x0 frameCount=4096 mFrameCount=1024 format=1 isLinear=1 channelMask=0x3 sampleRate=44100 mSampleRate=44100 hasFastMixer=0 tid=2698 fastTrackAvailMask=0xfe
D/AudioFlinger(  138): Track constructor name 4099, calling pid 549
D/AudioFlinger(  138): acquiring 140 from 549
D/AudioFlinger(  138):  added new entry for 140
D/AudioTrack(  549): start 0x5193ad60
D/AudioFlinger(  138): start(4099), calling pid 549 session 140
D/AudioFlinger(  138): ? => ACTIVE (4099) on thread 0x41e30008
D/AudioMTKPolicyManager(  138): startOutput() output 2, stream 1, session 140
D/AudioMTKPolicyManager(  138): getNewDevice() selected device 2 output= 2
D/AudioMTKPolicyManager(  138): setOutputDevice() output 2 device 0002 delayMs 0
D/AudioMTKPolicyManager(  138): checkDeviceMuteStrategies outputDesc = 0x41edb838 prevDevice = 2 delayMs = 0
D/AudioMTKPolicyManager(  138): setOutputDevice() setting same device 0002 or null device for output 2
D/AudioMTKPolicyManager(  138):  checkAndSetVolume stream = 1 index = 2 output = 2 device = 0x2 delayMs = 0 force = 0
D/AudioMTKPolicyManager(  138): getNewDevice() selected device 2 output= 2
D/AudioMTKPolicyManager(  138): computeCustomVolume OutputDevice == AudioSystem::DEVICE_OUT_SPEAKER
D/AudioFlinger(  138): mWaitWorkCV.broadcast
D/AudioTrack(  549): ~audioTrack 0x56caa4f8
D/AudioFlinger(  138): releasing 139 from 549
D/AudioFlinger(  138):  decremented refcount to 0
D/AudioFlinger(  138): +purging stale effects
D/AudioFlinger(  138): -purging stale effects
D/AudioFlinger(  138): ~TrackHandle trackName=4097
D/AudioMTKPolicyManager(  138): releaseOutput() 2
D/AudioFlinger(  138): remove track (4097) and delete from mixer
D/AudioFlinger(  138): PlaybackThread::Track destructor
D/AudioMTKStreamOut(  138): write(), buffer = 0x41ef25f8 bytes = 4096 mLatency = 92
D/AudioMTKStreamOut(  138): write(), buffer = 0x41ef25f8 bytes = 4096 mLatency = 92
I/BufferQueue(  134): [InputMethod](this:0x418b67d8,api:2) [release] fps:2.00, dur:1000.72, max:844.36, min:156.36
I/SurfaceFlinger(  134): [SurfaceFlinger] fps:2.998403,dur:1000.53,max:453.77,min:156.19
I/SurfaceTextureClient(  134): [STC::queueBuffer] (this:0x413e76f0) fps:3.00, dur:1000.31, max:454.21, min:156.81
I/BufferQueue(  134): [FramebufferSurface](this:0x41428008,api:1) [release] fps:3.00, dur:1000.28, max:454.22, min:156.73
I/BufferQueue(  134): [FramebufferSurface](this:0x41428008,api:1) [queue] fps:3.00, dur:1000.78, max:453.56, min:156.36
D/AudioMTKStreamOut(  138): write(), buffer = 0x41ef25f8 bytes = 4096 mLatency = 92
D/AudioMTKStreamOut(  138): write(), buffer = 0x41ef25f8 bytes = 4096 mLatency = 92
D/InputReader(  549): AP_PROF:AppLaunch_dispatchPtr:Up:404193
I/LatinKeyboard(  732): symbols_shift
D/AudioFlinger(  138): track 4099 u=00001176, s=00001000 [NOT READY] on thread 0x41ef2308
D/AudioFlinger(  138): BUFFER TIMEOUT:   track->mUnderrunCount++;(1) 
D/AudioFlinger(  138): threadLoop_sleepTime sleep time 23000
D/AudioFlinger(  138): getNextBuffer() no more data for track 4099 on thread 0x41ef2308
D/AudioMTKStreamOut(  138): write(), buffer = 0x41ef25f8 bytes = 4096 mLatency = 92
D/AudioFlinger(  138): track 4099 u=00001176, s=00001176 [NOT READY] on thread 0x41ef2308
D/AudioFlinger(  138): BUFFER TIMEOUT:   track->mUnderrunCount++;(3) 
D/AudioFlinger(  138): threadLoop_sleepTime sleep time 11500
D/AudioFlinger(  138): stop(4099), calling pid 549
D/AudioFlinger(  138): not stopping/stopped => stopping/stopped (4099) on thread 0x41ef2308
D/AudioMTKPolicyManager(  138): stopOutput() output 2, stream 1, session 140
D/AudioMTKPolicyManager(  138): getNewDevice() selected device 0 output= 2
D/AudioMTKPolicyManager(  138): setOutputDevice() output 2 device 0000 delayMs 184
D/AudioMTKPolicyManager(  138): checkDeviceMuteStrategies outputDesc = 0x41edb838 prevDevice = 2 delayMs = 184
D/AudioMTKPolicyManager(  138): setOutputDevice() setting same device 0000 or null device for output 2
D/AudioTrack(  549): audiotrack 0x5193ad60 stop done
D/AudioFlinger(  138): track 4099 u=00001176, s=00001176 [NOT READY] on thread 0x41ef2308
D/AudioFlinger(  138): presentationComplete() reset: mPresentationCompleteFrames 436185 audioHalFrames 4057
D/AudioFlinger(  138): threadLoop_sleepTime write muted data to hw
D/AudioMTKStreamOut(  138): write(), buffer = 0x41ef25f8 bytes = 4096 mLatency = 92
I/SurfaceTextureClient(  732): [STC::queueBuffer] (this:0x519361c8) fps:2.64, dur:1136.40, max:844.97, min:137.81
I/BufferQueue(  134): [InputMethod](this:0x418b67d8,api:2) [queue] fps:2.64, dur:1136.34, max:845.01, min:137.80
D/AudioFlinger(  138): track 4099 u=00001176, s=00001176 [NOT READY] on thread 0x41ef2308
D/AudioFlinger(  138): track 4099 u=00001176, s=00001176 [NOT READY] on thread 0x41ef2308
D/AudioFlinger(  138): threadLoop_sleepTime write muted data to hw
D/AudioMTKStreamOut(  138): write(), buffer = 0x41ef25f8 bytes = 4096 mLatency = 92
D/AudioFlinger(  138): track 4099 u=00001176, s=00001176 [NOT READY] on thread 0x41ef2308
D/AudioFlinger(  138): presentationComplete() session 140 complete: framesWritten 437248
D/AudioFlinger(  138): TrackBase::reset
D/AudioFlinger(  138): threadLoop_sleepTime write muted data to hw
D/AudioMTKStreamOut(  138): write(), buffer = 0x41ef25f8 bytes = 4096 mLatency = 92
D/AudioFlinger(  138): threadLoop_sleepTime write muted data to hw
D/AudioMTKStreamOut(  138): write(), buffer = 0x41ef25f8 bytes = 4096 mLatency = 92
D/AudioFlinger(  138): threadLoop_sleepTime write muted data to hw
D/AudioMTKStreamOut(  138): write(), buffer = 0x41ef25f8 bytes = 4096 mLatency = 92
D/AudioFlinger(  138): threadLoop_sleepTime write muted data to hw
D/AudioMTKStreamOut(  138): write(), buffer = 0x41ef25f8 bytes = 4096 mLatency = 92
D/AudioFlinger(  138): threadLoop_sleepTime write muted data to hw
D/AudioMTKStreamOut(  138): write(), buffer = 0x41ef25f8 bytes = 4096 mLatency = 92
D/AudioFlinger(  138): threadLoop_sleepTime write muted data to hw
D/AudioMTKStreamOut(  138): write(), buffer = 0x41ef25f8 bytes = 4096 mLatency = 92
D/AudioFlinger(  138): threadLoop_sleepTime write muted data to hw
D/AudioMTKStreamOut(  138): write(), buffer = 0x41ef25f8 bytes = 4096 mLatency = 92
D/AudioFlinger(  138): threadLoop_sleepTime write muted data to hw
D/AudioMTKStreamOut(  138): write(), buffer = 0x41ef25f8 bytes = 4096 mLatency = 92
D/libc-netbsd(  130): res_queryN name = play.googleapis.com., class = 1, type = 1
D/AudioFlinger(  138): threadLoop_sleepTime write muted data to hw
D/AudioMTKStreamOut(  138): write(), buffer = 0x41ef25f8 bytes = 4096 mLatency = 92
D/AudioFlinger(  138): threadLoop_sleepTime write muted data to hw
D/AudioMTKStreamOut(  138): write(), buffer = 0x41ef25f8 bytes = 4096 mLatency = 92
D/AudioFlinger(  138): threadLoop_sleepTime write muted data to hw
D/AudioMTKStreamOut(  138): write(), buffer = 0x41ef25f8 bytes = 4096 mLatency = 92
D/AudioFlinger(  138): threadLoop_sleepTime write muted data to hw
D/AudioMTKStreamOut(  138): write(), buffer = 0x41ef25f8 bytes = 4096 mLatency = 92
D/AudioFlinger(  138): threadLoop_sleepTime write muted data to hw
D/AudioMTKStreamOut(  138): write(), buffer = 0x41ef25f8 bytes = 4096 mLatency = 92
D/AudioFlinger(  138): threadLoop_sleepTime write muted data to hw
D/AudioMTKStreamOut(  138): write(), buffer = 0x41ef25f8 bytes = 4096 mLatency = 92
D/AudioFlinger(  138): threadLoop_sleepTime write muted data to hw
D/AudioMTKStreamOut(  138): write(), buffer = 0x41ef25f8 bytes = 4096 mLatency = 92
D/AudioFlinger(  138): threadLoop_sleepTime write muted data to hw
D/AudioMTKStreamOut(  138): write(), buffer = 0x41ef25f8 bytes = 4096 mLatency = 92
D/AudioFlinger(  138): threadLoop_sleepTime write muted data to hw
D/AudioMTKStreamOut(  138): write(), buffer = 0x41ef25f8 bytes = 4096 mLatency = 92
D/AudioFlinger(  138): threadLoop_sleepTime write muted data to hw
D/AudioMTKStreamOut(  138): write(), buffer = 0x41ef25f8 bytes = 4096 mLatency = 92
D/AudioFlinger(  138): threadLoop_sleepTime write muted data to hw
D/AudioMTKStreamOut(  138): write(), buffer = 0x41ef25f8 bytes = 4096 mLatency = 92
D/AudioFlinger(  138): threadLoop_sleepTime write muted data to hw
D/AudioMTKStreamOut(  138): write(), buffer = 0x41ef25f8 bytes = 4096 mLatency = 92
D/AudioFlinger(  138): threadLoop_sleepTime write muted data to hw
D/AudioMTKStreamOut(  138): write(), buffer = 0x41ef25f8 bytes = 4096 mLatency = 92
V/Provider/Settings(  714):  from settings cache , name = pdp_watchdog_poll_interval_ms , value = null
D/AudioFlinger(  138): threadLoop_sleepTime write muted data to hw
D/AudioMTKStreamOut(  138): write(), buffer = 0x41ef25f8 bytes = 4096 mLatency = 92
D/AudioFlinger(  138): threadLoop_sleepTime write muted data to hw
D/AudioMTKStreamOut(  138): write(), buffer = 0x41ef25f8 bytes = 4096 mLatency = 92
D/AudioFlinger(  138): threadLoop_sleepTime write muted data to hw
D/AudioMTKStreamOut(  138): write(), buffer = 0x41ef25f8 bytes = 4096 mLatency = 92
D/AudioFlinger(  138): threadLoop_sleepTime write muted data to hw
D/AudioMTKStreamOut(  138): write(), buffer = 0x41ef25f8 bytes = 4096 mLatency = 92
D/AudioFlinger(  138): threadLoop_sleepTime write muted data to hw
D/AudioMTKStreamOut(  138): write(), buffer = 0x41ef25f8 bytes = 4096 mLatency = 92
D/AudioFlinger(  138): threadLoop_sleepTime write muted data to hw
D/AudioMTKStreamOut(  138): write(), buffer = 0x41ef25f8 bytes = 4096 mLatency = 92
D/AudioFlinger(  138): threadLoop_sleepTime write muted data to hw
D/AudioMTKStreamOut(  138): write(), buffer = 0x41ef25f8 bytes = 4096 mLatency = 92
D/AudioFlinger(  138): threadLoop_sleepTime write muted data to hw
D/AudioMTKStreamOut(  138): write(), buffer = 0x41ef25f8 bytes = 4096 mLatency = 92
D/AudioFlinger(  138): threadLoop_sleepTime write muted data to hw
D/AudioMTKStreamOut(  138): write(), buffer = 0x41ef25f8 bytes = 4096 mLatency = 92
D/AudioFlinger(  138): threadLoop_sleepTime write muted data to hw
D/AudioMTKStreamOut(  138): write(), buffer = 0x41ef25f8 bytes = 4096 mLatency = 92
D/AudioFlinger(  138): threadLoop_sleepTime write muted data to hw
D/AudioMTKStreamOut(  138): write(), buffer = 0x41ef25f8 bytes = 4096 mLatency = 92
D/InputReader(  549): AP_PROF:AppLaunch_dispatchPtr:Down:405045
I/AP_PROF (  549): unable to open /proc/mtprof/status entry
D/PowerManagerService(  549): userActivityFromNative
D/PowerManagerService(  549): userActivityNoUpdateLocked: eventTime=405045, event=2, flags=0x0, uid=1000
D/PowerManagerNotifier(  549): onUserActivity: event=2, uid=1000
D/AudioFlinger(  138): threadLoop_sleepTime write muted data to hw
D/AudioMTKStreamOut(  138): write(), buffer = 0x41ef25f8 bytes = 4096 mLatency = 92
D/PowerManagerService(  549): updateUserActivitySummaryLocked: mWakefulness=Awake, mUserActivitySummary=0x1, nextTimeout=458045 (in 52998 ms)
D/PowerManagerService(  549): newScreenState = 2
D/PowerManagerDisplayController(  549): requestPowerState: screenState=2, useProximitySensor=false, screenBrightness=102, screenAutoBrightnessAdjustment=0.0, useAutoBrightness=true, useEcoBrightness=false, blockScreenOn=false, waitForNegativeProximity=false
I/PowerManagerService(  549): setBrightness mButtonLight 0.
D/PowerManagerService(  549): updateScreenStateLocked: mDisplayReady=true, newScreenState=2, mWakefulness=1, mWakeLockSummary=0x1, mUserActivitySummary=0x1, mBootCompleted=true
D/PowerManagerService(  549): handleSandman: canDream=false, mWakefulness=Awake
D/AudioTrack(  549): audiotrack 0x56caa4f8 set Type 1, rate 44100, fmt 1, chn 3, fcnt 4096, flag 4
D/AudioFlinger(  138): createTrack() sessionId: 0
D/AudioFlinger(  138): createTrack() lSessionId: 141
D/AudioFlinger(  138): AUDIO_OUTPUT_FLAG_FAST denied: isTimed=0 sharedBuffer=0x0 frameCount=4096 mFrameCount=1024 format=1 isLinear=1 channelMask=0x3 sampleRate=44100 mSampleRate=44100 hasFastMixer=0 tid=2700 fastTrackAvailMask=0xfe
D/AudioFlinger(  138): Track constructor name 4097, calling pid 549
D/AudioFlinger(  138): acquiring 141 from 549
D/AudioFlinger(  138):  added new entry for 141
D/AudioTrack(  549): start 0x56caa4f8
D/AudioFlinger(  138): start(4097), calling pid 549 session 141
D/AudioFlinger(  138): ? => ACTIVE (4097) on thread 0x41e42910
D/AudioMTKPolicyManager(  138): startOutput() output 2, stream 1, session 141
D/AudioMTKPolicyManager(  138): getNewDevice() selected device 2 output= 2
D/AudioMTKPolicyManager(  138): setOutputDevice() output 2 device 0002 delayMs 0
D/AudioMTKPolicyManager(  138): checkDeviceMuteStrategies outputDesc = 0x41edb838 prevDevice = 2 delayMs = 0
D/AudioMTKPolicyManager(  138): setOutputDevice() setting same device 0002 or null device for output 2
D/AudioMTKPolicyManager(  138):  checkAndSetVolume stream = 1 index = 2 output = 2 device = 0x2 delayMs = 0 force = 0
D/AudioMTKPolicyManager(  138): getNewDevice() selected device 2 output= 2
D/AudioMTKPolicyManager(  138): computeCustomVolume OutputDevice == AudioSystem::DEVICE_OUT_SPEAKER
D/AudioFlinger(  138): mWaitWorkCV.broadcast
D/AudioTrack(  549): ~audioTrack 0x5193ad60
D/AudioFlinger(  138): releasing 140 from 549
D/AudioFlinger(  138):  decremented refcount to 0
D/AudioFlinger(  138): +purging stale effects
D/AudioFlinger(  138): -purging stale effects
D/AudioFlinger(  138): ~TrackHandle trackName=4099
D/AudioMTKPolicyManager(  138): releaseOutput() 2
D/AudioFlinger(  138): remove track (4099) and delete from mixer
D/AudioFlinger(  138): PlaybackThread::Track destructor
D/AudioTrack(  549): sched_setscheduler to rt, priority: 1
D/AudioMTKStreamOut(  138): write(), buffer = 0x41ef25f8 bytes = 4096 mLatency = 92
D/AudioMTKStreamOut(  138): write(), buffer = 0x41ef25f8 bytes = 4096 mLatency = 92
I/BufferQueue(  134): [unnamed-134-114](this:0x42789e28,api:0) BufferQueue
I/BufferQueue(  134): [unnamed-134-114](this:0x42789e28,api:0) consumerConnect
I/BufferQueue(  134): [unnamed-134-114](this:0x42789e28,api:0) setConsumerName: unnamed-134-114
I/SurfaceTexture(  134): [unnamed-134-114](this:0x41e66570,api:0) SurfaceTexture
I/BufferQueue(  134): [unnamed-134-114](this:0x42789e28,api:0) setSynchronousMode: enabled=1
I/BufferQueue(  134): [unnamed-134-114](this:0x42789e28,api:0) setDefaultBufferSize: w=1, h=1
I/BufferQueue(  134): [PopupWindow:41534508](this:0x42789e28,api:0) setConsumerName: PopupWindow:41534508
D/KeyguardViewMediator(  549): setHidden false
D/KeyguardUpdateMonitor(  549): sendKeyguardVisibilityChanged(true)
D/KeyguardUpdateMonitor(  549): handleKeyguardVisibilityChanged(1)
D/KeyguardViewMediator(  549): handleMessage enter msg name=SET_HIDDEN
D/KeyguardViewMediator(  549): handleMessage exit msg name=SET_HIDDEN
I/BufferQueue(  134): [PopupWindow:41534508](this:0x42789e28,api:0) setDefaultBufferSize: w=125, h=120
D/AudioMTKStreamOut(  138): write(), buffer = 0x41ef25f8 bytes = 4096 mLatency = 92
D/AudioMTKStreamOut(  138): write(), buffer = 0x41ef25f8 bytes = 4096 mLatency = 92
I/BufferQueue(  134): [PopupWindow:41534508](this:0x42789e28,api:0) connect: api=2
I/BufferQueue(  134): [PopupWindow:41534508](this:0x42789e28,api:2) setSynchronousMode: enabled=1
I/BufferQueue(  134): [PopupWindow:41534508](this:0x42789e28,api:2) new GraphicBuffer needed
D/BufferQueue(  134):     [OLD] gb:NULL
I/GraphicBuffer(  134): allocate buffer (w:128 h:120 f:1) err(0)
I/BufferQueue(  134):     [NEW] gb=0x42793b70, handle=0x418bafc0, w=125, h=120, s=128, fmt=1
V/WindowManager(  549): IWindow finishDrawing called for android.view.IWindow$Stub$Proxy@4174ae80
D/KeyguardViewMediator(  549): setHidden false
D/KeyguardUpdateMonitor(  549): sendKeyguardVisibilityChanged(true)
D/KeyguardUpdateMonitor(  549): handleKeyguardVisibilityChanged(1)
D/KeyguardViewMediator(  549): handleMessage enter msg name=SET_HIDDEN
D/KeyguardViewMediator(  549): handleMessage exit msg name=SET_HIDDEN
D/InputReader(  549): AP_PROF:AppLaunch_dispatchPtr:Up:405123
I/SurfaceTexture(  134): [PopupWindow:41534508](this:0x41e66570,api:2) [void* android::SurfaceTexture::createImage(EGLDisplay, const android::sp<android::GraphicBuffer>&)]
D/SurfaceTexture(  134):     GraphicBuffer: gb=0x42793b70 handle=0x418bafc0
D/SurfaceTexture(  134):     EGLImage: dpy=0x1, img=0x1000000b
I/SurfaceFlinger(  134): [SurfaceFlinger] fps:4.991154,dur:1001.77,max:797.92,min:15.32
I/SurfaceTextureClient(  134): [STC::queueBuffer] (this:0x413e76f0) fps:4.98, dur:1003.68, max:798.11, min:15.94
